==12759== 
==12839==    by 0x4882B6A: rl_generic_bind (in /usr/lib/x86_64-linux-gnu/libreadline.so.8.1)
==12840==    by 0x10967D: minishell_loop (minishell.c:76)
==12760== 
==12837== 
==12836==    by 0x4882251: rl_make_bare_keymap (in /usr/lib/x86_64-linux-gnu/libreadline.so.8.1)
==12839==    by 0x488D75D: rl_bind_keyseq_if_unbound_in_map (in /usr/lib/x86_64-linux-gnu/libreadline.so.8.1)
==12759== 12,336 bytes in 3 blocks are still reachable in loss record 75 of 76
==12840==    by 0x1094F6: main (minishell.c:27)
==12760== 4,112 bytes in 1 blocks are still reachable in loss record 70 of 83
==12836==    by 0x4882B6A: rl_generic_bind (in /usr/lib/x86_64-linux-gnu/libreadline.so.8.1)
==12837== 8,224 bytes in 2 blocks are still reachable in loss record 77 of 83
==12839==    by 0x488D832: ??? (in /usr/lib/x86_64-linux-gnu/libreadline.so.8.1)
==12759==    at 0x4848899: malloc (in /usr/libexec/valgrind/vgpreload_memcheck-amd64-linux.so)
==12840== 
==12760==    at 0x4848899: malloc (in /usr/libexec/valgrind/vgpreload_memcheck-amd64-linux.so)
==12836==    by 0x488D75D: rl_bind_keyseq_if_unbound_in_map (in /usr/lib/x86_64-linux-gnu/libreadline.so.8.1)
==12837==    at 0x4848899: malloc (in /usr/libexec/valgrind/vgpreload_memcheck-amd64-linux.so)
==12839==    by 0x488DA93: rl_initialize (in /usr/lib/x86_64-linux-gnu/libreadline.so.8.1)
==12759==    by 0x48A5BAC: xmalloc (in /usr/lib/x86_64-linux-gnu/libreadline.so.8.1)
==12760==    by 0x48A5BAC: xmalloc (in /usr/lib/x86_64-linux-gnu/libreadline.so.8.1)
==12840== 4,112 bytes in 1 blocks are still reachable in loss record 68 of 83
==12836==    by 0x488DAD2: rl_initialize (in /usr/lib/x86_64-linux-gnu/libreadline.so.8.1)
==12837==    by 0x48A5BAC: xmalloc (in /usr/lib/x86_64-linux-gnu/libreadline.so.8.1)
==12839==    by 0x488DCD4: readline (in /usr/lib/x86_64-linux-gnu/libreadline.so.8.1)
==12759==    by 0x4882251: rl_make_bare_keymap (in /usr/lib/x86_64-linux-gnu/libreadline.so.8.1)
==12760==    by 0x4882251: rl_make_bare_keymap (in /usr/lib/x86_64-linux-gnu/libreadline.so.8.1)
==12840==    at 0x4848899: malloc (in /usr/libexec/valgrind/vgpreload_memcheck-amd64-linux.so)
==12836==    by 0x488DCD4: readline (in /usr/lib/x86_64-linux-gnu/libreadline.so.8.1)
==12837==    by 0x4882251: rl_make_bare_keymap (in /usr/lib/x86_64-linux-gnu/libreadline.so.8.1)
==12839==    by 0x10967D: minishell_loop (minishell.c:76)
==12759==    by 0x4882B6A: rl_generic_bind (in /usr/lib/x86_64-linux-gnu/libreadline.so.8.1)
==12760==    by 0x4882B6A: rl_generic_bind (in /usr/lib/x86_64-linux-gnu/libreadline.so.8.1)
==12840==    by 0x48A5BAC: xmalloc (in /usr/lib/x86_64-linux-gnu/libreadline.so.8.1)
==12836==    by 0x10967D: minishell_loop (minishell.c:76)
==12837==    by 0x4882B6A: rl_generic_bind (in /usr/lib/x86_64-linux-gnu/libreadline.so.8.1)
==12839==    by 0x1094F6: main (minishell.c:27)
==12759==    by 0x488D75D: rl_bind_keyseq_if_unbound_in_map (in /usr/lib/x86_64-linux-gnu/libreadline.so.8.1)
==12760==    by 0x488D75D: rl_bind_keyseq_if_unbound_in_map (in /usr/lib/x86_64-linux-gnu/libreadline.so.8.1)
==12840==    by 0x4882251: rl_make_bare_keymap (in /usr/lib/x86_64-linux-gnu/libreadline.so.8.1)
==12836==    by 0x1094F6: main (minishell.c:27)
==12837==    by 0x488D75D: rl_bind_keyseq_if_unbound_in_map (in /usr/lib/x86_64-linux-gnu/libreadline.so.8.1)
==12839== 
==12759==    by 0x488DAE1: rl_initialize (in /usr/lib/x86_64-linux-gnu/libreadline.so.8.1)
==12760==    by 0x488D94C: ??? (in /usr/lib/x86_64-linux-gnu/libreadline.so.8.1)
==12840==    by 0x4882B6A: rl_generic_bind (in /usr/lib/x86_64-linux-gnu/libreadline.so.8.1)
==12836== 
==12837==    by 0x488DAD2: rl_initialize (in /usr/lib/x86_64-linux-gnu/libreadline.so.8.1)
==12759==    by 0x488DCD4: readline (in /usr/lib/x86_64-linux-gnu/libreadline.so.8.1)
==12839== 8,224 bytes in 2 blocks are still reachable in loss record 76 of 83
==12760==    by 0x488DA93: rl_initialize (in /usr/lib/x86_64-linux-gnu/libreadline.so.8.1)
==12840==    by 0x488D75D: rl_bind_keyseq_if_unbound_in_map (in /usr/lib/x86_64-linux-gnu/libreadline.so.8.1)
==12837==    by 0x488DCD4: readline (in /usr/lib/x86_64-linux-gnu/libreadline.so.8.1)
==12836== 12,336 bytes in 3 blocks are still reachable in loss record 78 of 83
==12759==    by 0x10967D: minishell_loop (minishell.c:76)
==12839==    at 0x4848899: malloc (in /usr/libexec/valgrind/vgpreload_memcheck-amd64-linux.so)
==12760==    by 0x488DCD4: readline (in /usr/lib/x86_64-linux-gnu/libreadline.so.8.1)
==12840==    by 0x488D94C: ??? (in /usr/lib/x86_64-linux-gnu/libreadline.so.8.1)
==12837==    by 0x10967D: minishell_loop (minishell.c:76)
==12836==    at 0x4848899: malloc (in /usr/libexec/valgrind/vgpreload_memcheck-amd64-linux.so)
==12759==    by 0x1094F6: main (minishell.c:27)
==12839==    by 0x48A5BAC: xmalloc (in /usr/lib/x86_64-linux-gnu/libreadline.so.8.1)
==12760==    by 0x10967D: minishell_loop (minishell.c:76)
==12840==    by 0x488DA84: rl_initialize (in /usr/lib/x86_64-linux-gnu/libreadline.so.8.1)
==12837==    by 0x1094F6: main (minishell.c:27)
==12836==    by 0x48A5BAC: xmalloc (in /usr/lib/x86_64-linux-gnu/libreadline.so.8.1)
==12759== 
==12839==    by 0x4882251: rl_make_bare_keymap (in /usr/lib/x86_64-linux-gnu/libreadline.so.8.1)
==12760==    by 0x1094F6: main (minishell.c:27)
==12840==    by 0x488DCD4: readline (in /usr/lib/x86_64-linux-gnu/libreadline.so.8.1)
==12837== 
==12836==    by 0x4882251: rl_make_bare_keymap (in /usr/lib/x86_64-linux-gnu/libreadline.so.8.1)
==12839==    by 0x4882B6A: rl_generic_bind (in /usr/lib/x86_64-linux-gnu/libreadline.so.8.1)
==12759== 41,120 bytes in 10 blocks are still reachable in loss record 76 of 76
==12760== 
==12840==    by 0x10967D: minishell_loop (minishell.c:76)
==12836==    by 0x4882B6A: rl_generic_bind (in /usr/lib/x86_64-linux-gnu/libreadline.so.8.1)
==12837== 12,336 bytes in 3 blocks are still reachable in loss record 78 of 83
==12839==    by 0x488D75D: rl_bind_keyseq_if_unbound_in_map (in /usr/lib/x86_64-linux-gnu/libreadline.so.8.1)
==12759==    at 0x4848899: malloc (in /usr/libexec/valgrind/vgpreload_memcheck-amd64-linux.so)
==12840==    by 0x1094F6: main (minishell.c:27)
==12760== 4,112 bytes in 1 blocks are still reachable in loss record 71 of 83
==12836==    by 0x488D75D: rl_bind_keyseq_if_unbound_in_map (in /usr/lib/x86_64-linux-gnu/libreadline.so.8.1)
==12837==    at 0x4848899: malloc (in /usr/libexec/valgrind/vgpreload_memcheck-amd64-linux.so)
==12839==    by 0x488D832: ??? (in /usr/lib/x86_64-linux-gnu/libreadline.so.8.1)
==12759==    by 0x48A5BAC: xmalloc (in /usr/lib/x86_64-linux-gnu/libreadline.so.8.1)
==12840== 
==12760==    at 0x4848899: malloc (in /usr/libexec/valgrind/vgpreload_memcheck-amd64-linux.so)
==12836==    by 0x488D914: ??? (in /usr/lib/x86_64-linux-gnu/libreadline.so.8.1)
==12837==    by 0x48A5BAC: xmalloc (in /usr/lib/x86_64-linux-gnu/libreadline.so.8.1)
==12839==    by 0x488DAB8: rl_initialize (in /usr/lib/x86_64-linux-gnu/libreadline.so.8.1)
==12759==    by 0x4882251: rl_make_bare_keymap (in /usr/lib/x86_64-linux-gnu/libreadline.so.8.1)
==12840== 4,112 bytes in 1 blocks are still reachable in loss record 69 of 83
==12760==    by 0x48A5BAC: xmalloc (in /usr/lib/x86_64-linux-gnu/libreadline.so.8.1)
==12836==    by 0x488DA93: rl_initialize (in /usr/lib/x86_64-linux-gnu/libreadline.so.8.1)
==12837==    by 0x4882251: rl_make_bare_keymap (in /usr/lib/x86_64-linux-gnu/libreadline.so.8.1)
==12839==    by 0x488DCD4: readline (in /usr/lib/x86_64-linux-gnu/libreadline.so.8.1)
==12759==    by 0x4882B6A: rl_generic_bind (in /usr/lib/x86_64-linux-gnu/libreadline.so.8.1)
==12840==    at 0x4848899: malloc (in /usr/libexec/valgrind/vgpreload_memcheck-amd64-linux.so)
==12760==    by 0x4882251: rl_make_bare_keymap (in /usr/lib/x86_64-linux-gnu/libreadline.so.8.1)
==12836==    by 0x488DCD4: readline (in /usr/lib/x86_64-linux-gnu/libreadline.so.8.1)
==12837==    by 0x4882B6A: rl_generic_bind (in /usr/lib/x86_64-linux-gnu/libreadline.so.8.1)
==12839==    by 0x10967D: minishell_loop (minishell.c:76)
==12759==    by 0x489399E: rl_parse_and_bind (in /usr/lib/x86_64-linux-gnu/libreadline.so.8.1)
==12840==    by 0x48A5BAC: xmalloc (in /usr/lib/x86_64-linux-gnu/libreadline.so.8.1)
==12760==    by 0x4882B6A: rl_generic_bind (in /usr/lib/x86_64-linux-gnu/libreadline.so.8.1)
==12836==    by 0x10967D: minishell_loop (minishell.c:76)
==12837==    by 0x488D75D: rl_bind_keyseq_if_unbound_in_map (in /usr/lib/x86_64-linux-gnu/libreadline.so.8.1)
==12839==    by 0x1094F6: main (minishell.c:27)
==12759==    by 0x4893B6C: ??? (in /usr/lib/x86_64-linux-gnu/libreadline.so.8.1)
==12840==    by 0x4882251: rl_make_bare_keymap (in /usr/lib/x86_64-linux-gnu/libreadline.so.8.1)
==12760==    by 0x488D75D: rl_bind_keyseq_if_unbound_in_map (in /usr/lib/x86_64-linux-gnu/libreadline.so.8.1)
==12836==    by 0x1094F6: main (minishell.c:27)
==12837==    by 0x488D914: ??? (in /usr/lib/x86_64-linux-gnu/libreadline.so.8.1)
==12839== 
==12759==    by 0x488DA38: rl_initialize (in /usr/lib/x86_64-linux-gnu/libreadline.so.8.1)
==12840==    by 0x4882B6A: rl_generic_bind (in /usr/lib/x86_64-linux-gnu/libreadline.so.8.1)
==12760==    by 0x488D8B3: ??? (in /usr/lib/x86_64-linux-gnu/libreadline.so.8.1)
==12836== 
==12837==    by 0x488DA93: rl_initialize (in /usr/lib/x86_64-linux-gnu/libreadline.so.8.1)
==12759==    by 0x488DCD4: readline (in /usr/lib/x86_64-linux-gnu/libreadline.so.8.1)
==12839== 8,224 bytes in 2 blocks are still reachable in loss record 77 of 83
==12840==    by 0x488D75D: rl_bind_keyseq_if_unbound_in_map (in /usr/lib/x86_64-linux-gnu/libreadline.so.8.1)
==12760==    by 0x488DAB8: rl_initialize (in /usr/lib/x86_64-linux-gnu/libreadline.so.8.1)
==12837==    by 0x488DCD4: readline (in /usr/lib/x86_64-linux-gnu/libreadline.so.8.1)
==12836== 12,336 bytes in 3 blocks are still reachable in loss record 79 of 83
==12759==    by 0x10967D: minishell_loop (minishell.c:76)
==12839==    at 0x4848899: malloc (in /usr/libexec/valgrind/vgpreload_memcheck-amd64-linux.so)
==12840==    by 0x488D8B3: ??? (in /usr/lib/x86_64-linux-gnu/libreadline.so.8.1)
==12760==    by 0x488DCD4: readline (in /usr/lib/x86_64-linux-gnu/libreadline.so.8.1)
==12837==    by 0x10967D: minishell_loop (minishell.c:76)
==12836==    at 0x4848899: malloc (in /usr/libexec/valgrind/vgpreload_memcheck-amd64-linux.so)
==12759==    by 0x1094F6: main (minishell.c:27)
==12839==    by 0x48A5BAC: xmalloc (in /usr/lib/x86_64-linux-gnu/libreadline.so.8.1)
==12840==    by 0x488DA93: rl_initialize (in /usr/lib/x86_64-linux-gnu/libreadline.so.8.1)
==12760==    by 0x10967D: minishell_loop (minishell.c:76)
==12837==    by 0x1094F6: main (minishell.c:27)
==12836==    by 0x48A5BAC: xmalloc (in /usr/lib/x86_64-linux-gnu/libreadline.so.8.1)
==12759== 
==12839==    by 0x4882251: rl_make_bare_keymap (in /usr/lib/x86_64-linux-gnu/libreadline.so.8.1)
==12840==    by 0x488DCD4: readline (in /usr/lib/x86_64-linux-gnu/libreadline.so.8.1)
==12760==    by 0x1094F6: main (minishell.c:27)
==12837== 
==12836==    by 0x4882251: rl_make_bare_keymap (in /usr/lib/x86_64-linux-gnu/libreadline.so.8.1)
==12759== LEAK SUMMARY:
==12839==    by 0x4882B6A: rl_generic_bind (in /usr/lib/x86_64-linux-gnu/libreadline.so.8.1)
==12840==    by 0x10967D: minishell_loop (minishell.c:76)
==12760== 
==12836==    by 0x4882B6A: rl_generic_bind (in /usr/lib/x86_64-linux-gnu/libreadline.so.8.1)
==12837== 12,336 bytes in 3 blocks are still reachable in loss record 79 of 83
==12759==    definitely lost: 0 bytes in 0 blocks
==12839==    by 0x488D75D: rl_bind_keyseq_if_unbound_in_map (in /usr/lib/x86_64-linux-gnu/libreadline.so.8.1)
==12840==    by 0x1094F6: main (minishell.c:27)
==12836==    by 0x488D75D: rl_bind_keyseq_if_unbound_in_map (in /usr/lib/x86_64-linux-gnu/libreadline.so.8.1)
==12760== 4,112 bytes in 1 blocks are still reachable in loss record 72 of 83
==12837==    at 0x4848899: malloc (in /usr/libexec/valgrind/vgpreload_memcheck-amd64-linux.so)
==12759==    indirectly lost: 0 bytes in 0 blocks
==12839==    by 0x488DAD2: rl_initialize (in /usr/lib/x86_64-linux-gnu/libreadline.so.8.1)
==12840== 
==12836==    by 0x488D93D: ??? (in /usr/lib/x86_64-linux-gnu/libreadline.so.8.1)
==12760==    at 0x4848899: malloc (in /usr/libexec/valgrind/vgpreload_memcheck-amd64-linux.so)
==12837==    by 0x48A5BAC: xmalloc (in /usr/lib/x86_64-linux-gnu/libreadline.so.8.1)
==12759==      possibly lost: 0 bytes in 0 blocks
==12839==    by 0x488DCD4: readline (in /usr/lib/x86_64-linux-gnu/libreadline.so.8.1)
==12836==    by 0x488DA93: rl_initialize (in /usr/lib/x86_64-linux-gnu/libreadline.so.8.1)
==12840== 4,112 bytes in 1 blocks are still reachable in loss record 70 of 83
==12760==    by 0x48A5BAC: xmalloc (in /usr/lib/x86_64-linux-gnu/libreadline.so.8.1)
==12837==    by 0x4882251: rl_make_bare_keymap (in /usr/lib/x86_64-linux-gnu/libreadline.so.8.1)
==12759==    still reachable: 215,628 bytes in 443 blocks
==12839==    by 0x10967D: minishell_loop (minishell.c:76)
==12836==    by 0x488DCD4: readline (in /usr/lib/x86_64-linux-gnu/libreadline.so.8.1)
==12840==    at 0x4848899: malloc (in /usr/libexec/valgrind/vgpreload_memcheck-amd64-linux.so)
==12760==    by 0x4882251: rl_make_bare_keymap (in /usr/lib/x86_64-linux-gnu/libreadline.so.8.1)
==12837==    by 0x4882B6A: rl_generic_bind (in /usr/lib/x86_64-linux-gnu/libreadline.so.8.1)
==12759==         suppressed: 0 bytes in 0 blocks
==12839==    by 0x1094F6: main (minishell.c:27)
==12836==    by 0x10967D: minishell_loop (minishell.c:76)
==12840==    by 0x48A5BAC: xmalloc (in /usr/lib/x86_64-linux-gnu/libreadline.so.8.1)
==12760==    by 0x4882B6A: rl_generic_bind (in /usr/lib/x86_64-linux-gnu/libreadline.so.8.1)
==12837==    by 0x488D75D: rl_bind_keyseq_if_unbound_in_map (in /usr/lib/x86_64-linux-gnu/libreadline.so.8.1)
==12759== 
==12839== 
==12836==    by 0x1094F6: main (minishell.c:27)
==12840==    by 0x4882251: rl_make_bare_keymap (in /usr/lib/x86_64-linux-gnu/libreadline.so.8.1)
==12760==    by 0x488D75D: rl_bind_keyseq_if_unbound_in_map (in /usr/lib/x86_64-linux-gnu/libreadline.so.8.1)
==12837==    by 0x488D93D: ??? (in /usr/lib/x86_64-linux-gnu/libreadline.so.8.1)
==12759== For lists of detected and suppressed errors, rerun with: -s
==12836== 
==12840==    by 0x4882B6A: rl_generic_bind (in /usr/lib/x86_64-linux-gnu/libreadline.so.8.1)
==12760==    by 0x488D94C: ??? (in /usr/lib/x86_64-linux-gnu/libreadline.so.8.1)
==12837==    by 0x488DA93: rl_initialize (in /usr/lib/x86_64-linux-gnu/libreadline.so.8.1)
==12759== ERROR SUMMARY: 0 errors from 0 contexts (suppressed: 0 from 0)
==12839== 12,336 bytes in 3 blocks are still reachable in loss record 78 of 83
==12836== 12,336 bytes in 3 blocks are still reachable in loss record 80 of 83
==12840==    by 0x488D75D: rl_bind_keyseq_if_unbound_in_map (in /usr/lib/x86_64-linux-gnu/libreadline.so.8.1)
==12760==    by 0x488DAB8: rl_initialize (in /usr/lib/x86_64-linux-gnu/libreadline.so.8.1)
==12837==    by 0x488DCD4: readline (in /usr/lib/x86_64-linux-gnu/libreadline.so.8.1)
==12839==    at 0x4848899: malloc (in /usr/libexec/valgrind/vgpreload_memcheck-amd64-linux.so)
==12836==    at 0x4848899: malloc (in /usr/libexec/valgrind/vgpreload_memcheck-amd64-linux.so)
==12840==    by 0x488D94C: ??? (in /usr/lib/x86_64-linux-gnu/libreadline.so.8.1)
==12760==    by 0x488DCD4: readline (in /usr/lib/x86_64-linux-gnu/libreadline.so.8.1)
==12837==    by 0x10967D: minishell_loop (minishell.c:76)
==12839==    by 0x48A5BAC: xmalloc (in /usr/lib/x86_64-linux-gnu/libreadline.so.8.1)
==12836==    by 0x48A5BAC: xmalloc (in /usr/lib/x86_64-linux-gnu/libreadline.so.8.1)
==12840==    by 0x488DA93: rl_initialize (in /usr/lib/x86_64-linux-gnu/libreadline.so.8.1)
==12760==    by 0x10967D: minishell_loop (minishell.c:76)
==12837==    by 0x1094F6: main (minishell.c:27)
==12839==    by 0x4882251: rl_make_bare_keymap (in /usr/lib/x86_64-linux-gnu/libreadline.so.8.1)
==12836==    by 0x4882251: rl_make_bare_keymap (in /usr/lib/x86_64-linux-gnu/libreadline.so.8.1)
==12840==    by 0x488DCD4: readline (in /usr/lib/x86_64-linux-gnu/libreadline.so.8.1)
==12760==    by 0x1094F6: main (minishell.c:27)
==12837== 
==12839==    by 0x4882B6A: rl_generic_bind (in /usr/lib/x86_64-linux-gnu/libreadline.so.8.1)
==12836==    by 0x4882B6A: rl_generic_bind (in /usr/lib/x86_64-linux-gnu/libreadline.so.8.1)
==12840==    by 0x10967D: minishell_loop (minishell.c:76)
==12760== 
==12839==    by 0x488D75D: rl_bind_keyseq_if_unbound_in_map (in /usr/lib/x86_64-linux-gnu/libreadline.so.8.1)
==12837== 12,336 bytes in 3 blocks are still reachable in loss record 80 of 83
==12836==    by 0x488D75D: rl_bind_keyseq_if_unbound_in_map (in /usr/lib/x86_64-linux-gnu/libreadline.so.8.1)
==12840==    by 0x1094F6: main (minishell.c:27)
==12839==    by 0x488D914: ??? (in /usr/lib/x86_64-linux-gnu/libreadline.so.8.1)
==12760== 7,952 bytes in 1 blocks are still reachable in loss record 73 of 83
==12837==    at 0x4848899: malloc (in /usr/libexec/valgrind/vgpreload_memcheck-amd64-linux.so)
==12836==    by 0x488D914: ??? (in /usr/lib/x86_64-linux-gnu/libreadline.so.8.1)
==12840== 
==12839==    by 0x488DA93: rl_initialize (in /usr/lib/x86_64-linux-gnu/libreadline.so.8.1)
==12760==    at 0x484DA83: calloc (in /usr/libexec/valgrind/vgpreload_memcheck-amd64-linux.so)
==12837==    by 0x48A5BAC: xmalloc (in /usr/lib/x86_64-linux-gnu/libreadline.so.8.1)
==12836==    by 0x488DAB8: rl_initialize (in /usr/lib/x86_64-linux-gnu/libreadline.so.8.1)
==12839==    by 0x488DCD4: readline (in /usr/lib/x86_64-linux-gnu/libreadline.so.8.1)
==12840== 4,112 bytes in 1 blocks are still reachable in loss record 71 of 83
==12760==    by 0x4AF6C97: ??? (in /usr/lib/x86_64-linux-gnu/libtinfo.so.6.3)
==12837==    by 0x4882251: rl_make_bare_keymap (in /usr/lib/x86_64-linux-gnu/libreadline.so.8.1)
==12836==    by 0x488DCD4: readline (in /usr/lib/x86_64-linux-gnu/libreadline.so.8.1)
==12839==    by 0x10967D: minishell_loop (minishell.c:76)
==12840==    at 0x4848899: malloc (in /usr/libexec/valgrind/vgpreload_memcheck-amd64-linux.so)
==12760==    by 0x4AF83AF: _nc_find_type_entry (in /usr/lib/x86_64-linux-gnu/libtinfo.so.6.3)
==12837==    by 0x4882B6A: rl_generic_bind (in /usr/lib/x86_64-linux-gnu/libreadline.so.8.1)
==12836==    by 0x10967D: minishell_loop (minishell.c:76)
==12839==    by 0x1094F6: main (minishell.c:27)
==12840==    by 0x48A5BAC: xmalloc (in /usr/lib/x86_64-linux-gnu/libreadline.so.8.1)
==12760==    by 0x4AFAE4C: tgetstr_sp (in /usr/lib/x86_64-linux-gnu/libtinfo.so.6.3)
==12837==    by 0x488D75D: rl_bind_keyseq_if_unbound_in_map (in /usr/lib/x86_64-linux-gnu/libreadline.so.8.1)
==12836==    by 0x1094F6: main (minishell.c:27)
==12839== 
==12840==    by 0x4882251: rl_make_bare_keymap (in /usr/lib/x86_64-linux-gnu/libreadline.so.8.1)
==12760==    by 0x48A121A: _rl_init_terminal_io (in /usr/lib/x86_64-linux-gnu/libreadline.so.8.1)
==12837==    by 0x488D914: ??? (in /usr/lib/x86_64-linux-gnu/libreadline.so.8.1)
==12836== 
==12840==    by 0x4882B6A: rl_generic_bind (in /usr/lib/x86_64-linux-gnu/libreadline.so.8.1)
==12839== 12,336 bytes in 3 blocks are still reachable in loss record 79 of 83
==12760==    by 0x488DA0F: rl_initialize (in /usr/lib/x86_64-linux-gnu/libreadline.so.8.1)
==12837==    by 0x488DAB8: rl_initialize (in /usr/lib/x86_64-linux-gnu/libreadline.so.8.1)
==12840==    by 0x488D75D: rl_bind_keyseq_if_unbound_in_map (in /usr/lib/x86_64-linux-gnu/libreadline.so.8.1)
==12836== 12,336 bytes in 3 blocks are still reachable in loss record 81 of 83
==12839==    at 0x4848899: malloc (in /usr/libexec/valgrind/vgpreload_memcheck-amd64-linux.so)
==12760==    by 0x488DCD4: readline (in /usr/lib/x86_64-linux-gnu/libreadline.so.8.1)
==12837==    by 0x488DCD4: readline (in /usr/lib/x86_64-linux-gnu/libreadline.so.8.1)
==12840==    by 0x488D8B3: ??? (in /usr/lib/x86_64-linux-gnu/libreadline.so.8.1)
==12836==    at 0x4848899: malloc (in /usr/libexec/valgrind/vgpreload_memcheck-amd64-linux.so)
==12839==    by 0x48A5BAC: xmalloc (in /usr/lib/x86_64-linux-gnu/libreadline.so.8.1)
==12760==    by 0x10967D: minishell_loop (minishell.c:76)
==12837==    by 0x10967D: minishell_loop (minishell.c:76)
==12840==    by 0x488DAB8: rl_initialize (in /usr/lib/x86_64-linux-gnu/libreadline.so.8.1)
==12836==    by 0x48A5BAC: xmalloc (in /usr/lib/x86_64-linux-gnu/libreadline.so.8.1)
==12839==    by 0x4882251: rl_make_bare_keymap (in /usr/lib/x86_64-linux-gnu/libreadline.so.8.1)
==12760==    by 0x1094F6: main (minishell.c:27)
==12837==    by 0x1094F6: main (minishell.c:27)
==12840==    by 0x488DCD4: readline (in /usr/lib/x86_64-linux-gnu/libreadline.so.8.1)
==12836==    by 0x4882251: rl_make_bare_keymap (in /usr/lib/x86_64-linux-gnu/libreadline.so.8.1)
==12839==    by 0x4882B6A: rl_generic_bind (in /usr/lib/x86_64-linux-gnu/libreadline.so.8.1)
==12760== 
==12837== 
==12840==    by 0x10967D: minishell_loop (minishell.c:76)
==12836==    by 0x4882B6A: rl_generic_bind (in /usr/lib/x86_64-linux-gnu/libreadline.so.8.1)
==12839==    by 0x488D75D: rl_bind_keyseq_if_unbound_in_map (in /usr/lib/x86_64-linux-gnu/libreadline.so.8.1)
==12760== 8,224 bytes in 2 blocks are still reachable in loss record 74 of 83
==12840==    by 0x1094F6: main (minishell.c:27)
==12837== 12,336 bytes in 3 blocks are still reachable in loss record 81 of 83
==12836==    by 0x488D75D: rl_bind_keyseq_if_unbound_in_map (in /usr/lib/x86_64-linux-gnu/libreadline.so.8.1)
==12839==    by 0x488D93D: ??? (in /usr/lib/x86_64-linux-gnu/libreadline.so.8.1)
==12760==    at 0x4848899: malloc (in /usr/libexec/valgrind/vgpreload_memcheck-amd64-linux.so)
==12840== 
==12837==    at 0x4848899: malloc (in /usr/libexec/valgrind/vgpreload_memcheck-amd64-linux.so)
==12836==    by 0x488D93D: ??? (in /usr/lib/x86_64-linux-gnu/libreadline.so.8.1)
==12839==    by 0x488DA93: rl_initialize (in /usr/lib/x86_64-linux-gnu/libreadline.so.8.1)
==12760==    by 0x48A5BAC: xmalloc (in /usr/lib/x86_64-linux-gnu/libreadline.so.8.1)
==12837==    by 0x48A5BAC: xmalloc (in /usr/lib/x86_64-linux-gnu/libreadline.so.8.1)
==12840== 4,112 bytes in 1 blocks are still reachable in loss record 72 of 83
==12836==    by 0x488DAB8: rl_initialize (in /usr/lib/x86_64-linux-gnu/libreadline.so.8.1)
==12839==    by 0x488DCD4: readline (in /usr/lib/x86_64-linux-gnu/libreadline.so.8.1)
==12760==    by 0x4882251: rl_make_bare_keymap (in /usr/lib/x86_64-linux-gnu/libreadline.so.8.1)
==12837==    by 0x4882251: rl_make_bare_keymap (in /usr/lib/x86_64-linux-gnu/libreadline.so.8.1)
==12840==    at 0x4848899: malloc (in /usr/libexec/valgrind/vgpreload_memcheck-amd64-linux.so)
==12836==    by 0x488DCD4: readline (in /usr/lib/x86_64-linux-gnu/libreadline.so.8.1)
==12839==    by 0x10967D: minishell_loop (minishell.c:76)
==12760==    by 0x4882B6A: rl_generic_bind (in /usr/lib/x86_64-linux-gnu/libreadline.so.8.1)
==12837==    by 0x4882B6A: rl_generic_bind (in /usr/lib/x86_64-linux-gnu/libreadline.so.8.1)
==12840==    by 0x48A5BAC: xmalloc (in /usr/lib/x86_64-linux-gnu/libreadline.so.8.1)
==12836==    by 0x10967D: minishell_loop (minishell.c:76)
==12839==    by 0x1094F6: main (minishell.c:27)
==12760==    by 0x488D75D: rl_bind_keyseq_if_unbound_in_map (in /usr/lib/x86_64-linux-gnu/libreadline.so.8.1)
==12837==    by 0x488D75D: rl_bind_keyseq_if_unbound_in_map (in /usr/lib/x86_64-linux-gnu/libreadline.so.8.1)
==12840==    by 0x4882251: rl_make_bare_keymap (in /usr/lib/x86_64-linux-gnu/libreadline.so.8.1)
==12836==    by 0x1094F6: main (minishell.c:27)
==12839== 
==12760==    by 0x488D93D: ??? (in /usr/lib/x86_64-linux-gnu/libreadline.so.8.1)
==12837==    by 0x488D93D: ??? (in /usr/lib/x86_64-linux-gnu/libreadline.so.8.1)
==12840==    by 0x4882B6A: rl_generic_bind (in /usr/lib/x86_64-linux-gnu/libreadline.so.8.1)
==12836== 
==12760==    by 0x488DA84: rl_initialize (in /usr/lib/x86_64-linux-gnu/libreadline.so.8.1)
==12839== 12,336 bytes in 3 blocks are still reachable in loss record 80 of 83
==12837==    by 0x488DAB8: rl_initialize (in /usr/lib/x86_64-linux-gnu/libreadline.so.8.1)
==12840==    by 0x488D75D: rl_bind_keyseq_if_unbound_in_map (in /usr/lib/x86_64-linux-gnu/libreadline.so.8.1)
==12760==    by 0x488DCD4: readline (in /usr/lib/x86_64-linux-gnu/libreadline.so.8.1)
==12836== 12,336 bytes in 3 blocks are still reachable in loss record 82 of 83
==12839==    at 0x4848899: malloc (in /usr/libexec/valgrind/vgpreload_memcheck-amd64-linux.so)
==12837==    by 0x488DCD4: readline (in /usr/lib/x86_64-linux-gnu/libreadline.so.8.1)
==12840==    by 0x488D94C: ??? (in /usr/lib/x86_64-linux-gnu/libreadline.so.8.1)
==12760==    by 0x10967D: minishell_loop (minishell.c:76)
==12836==    at 0x4848899: malloc (in /usr/libexec/valgrind/vgpreload_memcheck-amd64-linux.so)
==12839==    by 0x48A5BAC: xmalloc (in /usr/lib/x86_64-linux-gnu/libreadline.so.8.1)
==12837==    by 0x10967D: minishell_loop (minishell.c:76)
==12840==    by 0x488DAB8: rl_initialize (in /usr/lib/x86_64-linux-gnu/libreadline.so.8.1)
==12760==    by 0x1094F6: main (minishell.c:27)
==12836==    by 0x48A5BAC: xmalloc (in /usr/lib/x86_64-linux-gnu/libreadline.so.8.1)
==12839==    by 0x4882251: rl_make_bare_keymap (in /usr/lib/x86_64-linux-gnu/libreadline.so.8.1)
==12837==    by 0x1094F6: main (minishell.c:27)
==12840==    by 0x488DCD4: readline (in /usr/lib/x86_64-linux-gnu/libreadline.so.8.1)
==12760== 
==12836==    by 0x4882251: rl_make_bare_keymap (in /usr/lib/x86_64-linux-gnu/libreadline.so.8.1)
==12839==    by 0x4882B6A: rl_generic_bind (in /usr/lib/x86_64-linux-gnu/libreadline.so.8.1)
==12837== 
==12840==    by 0x10967D: minishell_loop (minishell.c:76)
==12836==    by 0x4882B6A: rl_generic_bind (in /usr/lib/x86_64-linux-gnu/libreadline.so.8.1)
==12760== 8,224 bytes in 2 blocks are still reachable in loss record 75 of 83
==12839==    by 0x488D75D: rl_bind_keyseq_if_unbound_in_map (in /usr/lib/x86_64-linux-gnu/libreadline.so.8.1)
==12837== 12,336 bytes in 3 blocks are still reachable in loss record 82 of 83
==12840==    by 0x1094F6: main (minishell.c:27)
==12836==    by 0x488D75D: rl_bind_keyseq_if_unbound_in_map (in /usr/lib/x86_64-linux-gnu/libreadline.so.8.1)
==12760==    at 0x4848899: malloc (in /usr/libexec/valgrind/vgpreload_memcheck-amd64-linux.so)
==12839==    by 0x488D914: ??? (in /usr/lib/x86_64-linux-gnu/libreadline.so.8.1)
==12837==    at 0x4848899: malloc (in /usr/libexec/valgrind/vgpreload_memcheck-amd64-linux.so)
==12840== 
==12836==    by 0x488DAE1: rl_initialize (in /usr/lib/x86_64-linux-gnu/libreadline.so.8.1)
==12760==    by 0x48A5BAC: xmalloc (in /usr/lib/x86_64-linux-gnu/libreadline.so.8.1)
==12839==    by 0x488DAB8: rl_initialize (in /usr/lib/x86_64-linux-gnu/libreadline.so.8.1)
==12837==    by 0x48A5BAC: xmalloc (in /usr/lib/x86_64-linux-gnu/libreadline.so.8.1)
==12836==    by 0x488DCD4: readline (in /usr/lib/x86_64-linux-gnu/libreadline.so.8.1)
==12840== 7,952 bytes in 1 blocks are still reachable in loss record 73 of 83
==12760==    by 0x4882251: rl_make_bare_keymap (in /usr/lib/x86_64-linux-gnu/libreadline.so.8.1)
==12839==    by 0x488DCD4: readline (in /usr/lib/x86_64-linux-gnu/libreadline.so.8.1)
==12837==    by 0x4882251: rl_make_bare_keymap (in /usr/lib/x86_64-linux-gnu/libreadline.so.8.1)
==12836==    by 0x10967D: minishell_loop (minishell.c:76)
==12840==    at 0x484DA83: calloc (in /usr/libexec/valgrind/vgpreload_memcheck-amd64-linux.so)
==12760==    by 0x4882B6A: rl_generic_bind (in /usr/lib/x86_64-linux-gnu/libreadline.so.8.1)
==12839==    by 0x10967D: minishell_loop (minishell.c:76)
==12837==    by 0x4882B6A: rl_generic_bind (in /usr/lib/x86_64-linux-gnu/libreadline.so.8.1)
==12836==    by 0x1094F6: main (minishell.c:27)
==12840==    by 0x4AF6C97: ??? (in /usr/lib/x86_64-linux-gnu/libtinfo.so.6.3)
==12760==    by 0x488D75D: rl_bind_keyseq_if_unbound_in_map (in /usr/lib/x86_64-linux-gnu/libreadline.so.8.1)
==12839==    by 0x1094F6: main (minishell.c:27)
==12837==    by 0x488D75D: rl_bind_keyseq_if_unbound_in_map (in /usr/lib/x86_64-linux-gnu/libreadline.so.8.1)
==12836== 
==12840==    by 0x4AF83AF: _nc_find_type_entry (in /usr/lib/x86_64-linux-gnu/libtinfo.so.6.3)
==12760==    by 0x488D832: ??? (in /usr/lib/x86_64-linux-gnu/libreadline.so.8.1)
==12839== 
==12837==    by 0x488DAE1: rl_initialize (in /usr/lib/x86_64-linux-gnu/libreadline.so.8.1)
==12840==    by 0x4AFAE4C: tgetstr_sp (in /usr/lib/x86_64-linux-gnu/libtinfo.so.6.3)
==12836== 41,120 bytes in 10 blocks are still reachable in loss record 83 of 83
==12760==    by 0x488DA93: rl_initialize (in /usr/lib/x86_64-linux-gnu/libreadline.so.8.1)
==12836==    at 0x4848899: malloc (in /usr/libexec/valgrind/vgpreload_memcheck-amd64-linux.so)
==12837==    by 0x488DCD4: readline (in /usr/lib/x86_64-linux-gnu/libreadline.so.8.1)
==12839== 12,336 bytes in 3 blocks are still reachable in loss record 81 of 83
==12840==    by 0x48A121A: _rl_init_terminal_io (in /usr/lib/x86_64-linux-gnu/libreadline.so.8.1)
==12760==    by 0x488DCD4: readline (in /usr/lib/x86_64-linux-gnu/libreadline.so.8.1)
==12836==    by 0x48A5BAC: xmalloc (in /usr/lib/x86_64-linux-gnu/libreadline.so.8.1)
==12837==    by 0x10967D: minishell_loop (minishell.c:76)
==12839==    at 0x4848899: malloc (in /usr/libexec/valgrind/vgpreload_memcheck-amd64-linux.so)
==12840==    by 0x488DA0F: rl_initialize (in /usr/lib/x86_64-linux-gnu/libreadline.so.8.1)
==12760==    by 0x10967D: minishell_loop (minishell.c:76)
==12836==    by 0x4882251: rl_make_bare_keymap (in /usr/lib/x86_64-linux-gnu/libreadline.so.8.1)
==12837==    by 0x1094F6: main (minishell.c:27)
==12839==    by 0x48A5BAC: xmalloc (in /usr/lib/x86_64-linux-gnu/libreadline.so.8.1)
==12840==    by 0x488DCD4: readline (in /usr/lib/x86_64-linux-gnu/libreadline.so.8.1)
==12760==    by 0x1094F6: main (minishell.c:27)
==12836==    by 0x4882B6A: rl_generic_bind (in /usr/lib/x86_64-linux-gnu/libreadline.so.8.1)
==12837== 
==12839==    by 0x4882251: rl_make_bare_keymap (in /usr/lib/x86_64-linux-gnu/libreadline.so.8.1)
==12840==    by 0x10967D: minishell_loop (minishell.c:76)
==12760== 
==12836==    by 0x489399E: rl_parse_and_bind (in /usr/lib/x86_64-linux-gnu/libreadline.so.8.1)
==12839==    by 0x4882B6A: rl_generic_bind (in /usr/lib/x86_64-linux-gnu/libreadline.so.8.1)
==12837== 41,120 bytes in 10 blocks are still reachable in loss record 83 of 83
==12840==    by 0x1094F6: main (minishell.c:27)
==12836==    by 0x4893B6C: ??? (in /usr/lib/x86_64-linux-gnu/libreadline.so.8.1)
==12760== 8,224 bytes in 2 blocks are still reachable in loss record 76 of 83
==12839==    by 0x488D75D: rl_bind_keyseq_if_unbound_in_map (in /usr/lib/x86_64-linux-gnu/libreadline.so.8.1)
==12837==    at 0x4848899: malloc (in /usr/libexec/valgrind/vgpreload_memcheck-amd64-linux.so)
==12840== 
==12836==    by 0x488DA38: rl_initialize (in /usr/lib/x86_64-linux-gnu/libreadline.so.8.1)
==12760==    at 0x4848899: malloc (in /usr/libexec/valgrind/vgpreload_memcheck-amd64-linux.so)
==12839==    by 0x488D93D: ??? (in /usr/lib/x86_64-linux-gnu/libreadline.so.8.1)
==12837==    by 0x48A5BAC: xmalloc (in /usr/lib/x86_64-linux-gnu/libreadline.so.8.1)
==12836==    by 0x488DCD4: readline (in /usr/lib/x86_64-linux-gnu/libreadline.so.8.1)
==12840== 8,224 bytes in 2 blocks are still reachable in loss record 74 of 83
==12760==    by 0x48A5BAC: xmalloc (in /usr/lib/x86_64-linux-gnu/libreadline.so.8.1)
==12839==    by 0x488DAB8: rl_initialize (in /usr/lib/x86_64-linux-gnu/libreadline.so.8.1)
==12837==    by 0x4882251: rl_make_bare_keymap (in /usr/lib/x86_64-linux-gnu/libreadline.so.8.1)
==12836==    by 0x10967D: minishell_loop (minishell.c:76)
==12840==    at 0x4848899: malloc (in /usr/libexec/valgrind/vgpreload_memcheck-amd64-linux.so)
==12760==    by 0x4882251: rl_make_bare_keymap (in /usr/lib/x86_64-linux-gnu/libreadline.so.8.1)
==12839==    by 0x488DCD4: readline (in /usr/lib/x86_64-linux-gnu/libreadline.so.8.1)
==12837==    by 0x4882B6A: rl_generic_bind (in /usr/lib/x86_64-linux-gnu/libreadline.so.8.1)
==12836==    by 0x1094F6: main (minishell.c:27)
==12840==    by 0x48A5BAC: xmalloc (in /usr/lib/x86_64-linux-gnu/libreadline.so.8.1)
==12760==    by 0x4882B6A: rl_generic_bind (in /usr/lib/x86_64-linux-gnu/libreadline.so.8.1)
==12839==    by 0x10967D: minishell_loop (minishell.c:76)
==12837==    by 0x489399E: rl_parse_and_bind (in /usr/lib/x86_64-linux-gnu/libreadline.so.8.1)
==12836== 
==12840==    by 0x4882251: rl_make_bare_keymap (in /usr/lib/x86_64-linux-gnu/libreadline.so.8.1)
==12760==    by 0x488D75D: rl_bind_keyseq_if_unbound_in_map (in /usr/lib/x86_64-linux-gnu/libreadline.so.8.1)
==12839==    by 0x1094F6: main (minishell.c:27)
==12837==    by 0x4893B6C: ??? (in /usr/lib/x86_64-linux-gnu/libreadline.so.8.1)
==12836== LEAK SUMMARY:
==12840==    by 0x4882B6A: rl_generic_bind (in /usr/lib/x86_64-linux-gnu/libreadline.so.8.1)
==12760==    by 0x488D832: ??? (in /usr/lib/x86_64-linux-gnu/libreadline.so.8.1)
==12839== 
==12837==    by 0x488DA38: rl_initialize (in /usr/lib/x86_64-linux-gnu/libreadline.so.8.1)
==12836==    definitely lost: 59 bytes in 3 blocks
==12840==    by 0x488D75D: rl_bind_keyseq_if_unbound_in_map (in /usr/lib/x86_64-linux-gnu/libreadline.so.8.1)
==12760==    by 0x488DAB8: rl_initialize (in /usr/lib/x86_64-linux-gnu/libreadline.so.8.1)
==12837==    by 0x488DCD4: readline (in /usr/lib/x86_64-linux-gnu/libreadline.so.8.1)
==12839== 12,336 bytes in 3 blocks are still reachable in loss record 82 of 83
==12836==    indirectly lost: 67 bytes in 4 blocks
==12840==    by 0x488D93D: ??? (in /usr/lib/x86_64-linux-gnu/libreadline.so.8.1)
==12760==    by 0x488DCD4: readline (in /usr/lib/x86_64-linux-gnu/libreadline.so.8.1)
==12837==    by 0x10967D: minishell_loop (minishell.c:76)
==12839==    at 0x4848899: malloc (in /usr/libexec/valgrind/vgpreload_memcheck-amd64-linux.so)
==12836==      possibly lost: 0 bytes in 0 blocks
==12840==    by 0x488DA84: rl_initialize (in /usr/lib/x86_64-linux-gnu/libreadline.so.8.1)
==12760==    by 0x10967D: minishell_loop (minishell.c:76)
==12837==    by 0x1094F6: main (minishell.c:27)
==12839==    by 0x48A5BAC: xmalloc (in /usr/lib/x86_64-linux-gnu/libreadline.so.8.1)
==12836==    still reachable: 215,667 bytes in 446 blocks
==12840==    by 0x488DCD4: readline (in /usr/lib/x86_64-linux-gnu/libreadline.so.8.1)
==12760==    by 0x1094F6: main (minishell.c:27)
==12837== 
==12839==    by 0x4882251: rl_make_bare_keymap (in /usr/lib/x86_64-linux-gnu/libreadline.so.8.1)
==12836==         suppressed: 0 bytes in 0 blocks
==12840==    by 0x10967D: minishell_loop (minishell.c:76)
==12760== 
==12837== LEAK SUMMARY:
==12839==    by 0x4882B6A: rl_generic_bind (in /usr/lib/x86_64-linux-gnu/libreadline.so.8.1)
==12836== 
==12840==    by 0x1094F6: main (minishell.c:27)
==12837==    definitely lost: 118 bytes in 6 blocks
==12760== 8,224 bytes in 2 blocks are still reachable in loss record 77 of 83
==12839==    by 0x488D75D: rl_bind_keyseq_if_unbound_in_map (in /usr/lib/x86_64-linux-gnu/libreadline.so.8.1)
==12836== For lists of detected and suppressed errors, rerun with: -s
==12840== 
==12837==    indirectly lost: 134 bytes in 8 blocks
==12760==    at 0x4848899: malloc (in /usr/libexec/valgrind/vgpreload_memcheck-amd64-linux.so)
==12839==    by 0x488DAE1: rl_initialize (in /usr/lib/x86_64-linux-gnu/libreadline.so.8.1)
==12836== ERROR SUMMARY: 3 errors from 3 contexts (suppressed: 0 from 0)
==12837==      possibly lost: 0 bytes in 0 blocks
==12840== 8,224 bytes in 2 blocks are still reachable in loss record 75 of 83
==12760==    by 0x48A5BAC: xmalloc (in /usr/lib/x86_64-linux-gnu/libreadline.so.8.1)
==12839==    by 0x488DCD4: readline (in /usr/lib/x86_64-linux-gnu/libreadline.so.8.1)
==12837==    still reachable: 215,706 bytes in 449 blocks
==12840==    at 0x4848899: malloc (in /usr/libexec/valgrind/vgpreload_memcheck-amd64-linux.so)
==12760==    by 0x4882251: rl_make_bare_keymap (in /usr/lib/x86_64-linux-gnu/libreadline.so.8.1)
==12839==    by 0x10967D: minishell_loop (minishell.c:76)
==12837==         suppressed: 0 bytes in 0 blocks
==12840==    by 0x48A5BAC: xmalloc (in /usr/lib/x86_64-linux-gnu/libreadline.so.8.1)
==12760==    by 0x4882B6A: rl_generic_bind (in /usr/lib/x86_64-linux-gnu/libreadline.so.8.1)
==12839==    by 0x1094F6: main (minishell.c:27)
==12837== 
==12840==    by 0x4882251: rl_make_bare_keymap (in /usr/lib/x86_64-linux-gnu/libreadline.so.8.1)
==12760==    by 0x488D75D: rl_bind_keyseq_if_unbound_in_map (in /usr/lib/x86_64-linux-gnu/libreadline.so.8.1)
==12839== 
==12837== For lists of detected and suppressed errors, rerun with: -s
==12840==    by 0x4882B6A: rl_generic_bind (in /usr/lib/x86_64-linux-gnu/libreadline.so.8.1)
==12760==    by 0x488DAD2: rl_initialize (in /usr/lib/x86_64-linux-gnu/libreadline.so.8.1)
==12837== ERROR SUMMARY: 3 errors from 3 contexts (suppressed: 0 from 0)
==12839== 41,120 bytes in 10 blocks are still reachable in loss record 83 of 83
==12840==    by 0x488D75D: rl_bind_keyseq_if_unbound_in_map (in /usr/lib/x86_64-linux-gnu/libreadline.so.8.1)
==12760==    by 0x488DCD4: readline (in /usr/lib/x86_64-linux-gnu/libreadline.so.8.1)
==12839==    at 0x4848899: malloc (in /usr/libexec/valgrind/vgpreload_memcheck-amd64-linux.so)
==12840==    by 0x488D832: ??? (in /usr/lib/x86_64-linux-gnu/libreadline.so.8.1)
==12760==    by 0x10967D: minishell_loop (minishell.c:76)
==12839==    by 0x48A5BAC: xmalloc (in /usr/lib/x86_64-linux-gnu/libreadline.so.8.1)
==12840==    by 0x488DA93: rl_initialize (in /usr/lib/x86_64-linux-gnu/libreadline.so.8.1)
==12760==    by 0x1094F6: main (minishell.c:27)
==12839==    by 0x4882251: rl_make_bare_keymap (in /usr/lib/x86_64-linux-gnu/libreadline.so.8.1)
==12840==    by 0x488DCD4: readline (in /usr/lib/x86_64-linux-gnu/libreadline.so.8.1)
==12760== 
==12839==    by 0x4882B6A: rl_generic_bind (in /usr/lib/x86_64-linux-gnu/libreadline.so.8.1)
==12840==    by 0x10967D: minishell_loop (minishell.c:76)
==12839==    by 0x489399E: rl_parse_and_bind (in /usr/lib/x86_64-linux-gnu/libreadline.so.8.1)
==12760== 12,336 bytes in 3 blocks are still reachable in loss record 78 of 83
==12840==    by 0x1094F6: main (minishell.c:27)
==12839==    by 0x4893B6C: ??? (in /usr/lib/x86_64-linux-gnu/libreadline.so.8.1)
==12760==    at 0x4848899: malloc (in /usr/libexec/valgrind/vgpreload_memcheck-amd64-linux.so)
==12840== 
==12839==    by 0x488DA38: rl_initialize (in /usr/lib/x86_64-linux-gnu/libreadline.so.8.1)
==12760==    by 0x48A5BAC: xmalloc (in /usr/lib/x86_64-linux-gnu/libreadline.so.8.1)
==12839==    by 0x488DCD4: readline (in /usr/lib/x86_64-linux-gnu/libreadline.so.8.1)
==12840== 8,224 bytes in 2 blocks are still reachable in loss record 76 of 83
==12760==    by 0x4882251: rl_make_bare_keymap (in /usr/lib/x86_64-linux-gnu/libreadline.so.8.1)
==12839==    by 0x10967D: minishell_loop (minishell.c:76)
==12840==    at 0x4848899: malloc (in /usr/libexec/valgrind/vgpreload_memcheck-amd64-linux.so)
==12760==    by 0x4882B6A: rl_generic_bind (in /usr/lib/x86_64-linux-gnu/libreadline.so.8.1)
==12839==    by 0x1094F6: main (minishell.c:27)
==12840==    by 0x48A5BAC: xmalloc (in /usr/lib/x86_64-linux-gnu/libreadline.so.8.1)
==12760==    by 0x488D75D: rl_bind_keyseq_if_unbound_in_map (in /usr/lib/x86_64-linux-gnu/libreadline.so.8.1)
==12839== 
==12840==    by 0x4882251: rl_make_bare_keymap (in /usr/lib/x86_64-linux-gnu/libreadline.so.8.1)
==12760==    by 0x488D914: ??? (in /usr/lib/x86_64-linux-gnu/libreadline.so.8.1)
==12839== LEAK SUMMARY:
==12840==    by 0x4882B6A: rl_generic_bind (in /usr/lib/x86_64-linux-gnu/libreadline.so.8.1)
==12760==    by 0x488DA93: rl_initialize (in /usr/lib/x86_64-linux-gnu/libreadline.so.8.1)
==12839==    definitely lost: 177 bytes in 9 blocks
==12840==    by 0x488D75D: rl_bind_keyseq_if_unbound_in_map (in /usr/lib/x86_64-linux-gnu/libreadline.so.8.1)
==12760==    by 0x488DCD4: readline (in /usr/lib/x86_64-linux-gnu/libreadline.so.8.1)
==12839==    indirectly lost: 201 bytes in 12 blocks
==12840==    by 0x488D832: ??? (in /usr/lib/x86_64-linux-gnu/libreadline.so.8.1)
==12760==    by 0x10967D: minishell_loop (minishell.c:76)
==12839==      possibly lost: 0 bytes in 0 blocks
==12840==    by 0x488DAB8: rl_initialize (in /usr/lib/x86_64-linux-gnu/libreadline.so.8.1)
==12760==    by 0x1094F6: main (minishell.c:27)
==12839==    still reachable: 215,745 bytes in 452 blocks
==12840==    by 0x488DCD4: readline (in /usr/lib/x86_64-linux-gnu/libreadline.so.8.1)
==12760== 
==12839==         suppressed: 0 bytes in 0 blocks
==12840==    by 0x10967D: minishell_loop (minishell.c:76)
==12839== 
==12760== 12,336 bytes in 3 blocks are still reachable in loss record 79 of 83
==12840==    by 0x1094F6: main (minishell.c:27)
==12839== For lists of detected and suppressed errors, rerun with: -s
==12760==    at 0x4848899: malloc (in /usr/libexec/valgrind/vgpreload_memcheck-amd64-linux.so)
==12840== 
==12839== ERROR SUMMARY: 3 errors from 3 contexts (suppressed: 0 from 0)
==12760==    by 0x48A5BAC: xmalloc (in /usr/lib/x86_64-linux-gnu/libreadline.so.8.1)
==12840== 8,224 bytes in 2 blocks are still reachable in loss record 77 of 83
==12760==    by 0x4882251: rl_make_bare_keymap (in /usr/lib/x86_64-linux-gnu/libreadline.so.8.1)
==12840==    at 0x4848899: malloc (in /usr/libexec/valgrind/vgpreload_memcheck-amd64-linux.so)
==12760==    by 0x4882B6A: rl_generic_bind (in /usr/lib/x86_64-linux-gnu/libreadline.so.8.1)
==12840==    by 0x48A5BAC: xmalloc (in /usr/lib/x86_64-linux-gnu/libreadline.so.8.1)
==12760==    by 0x488D75D: rl_bind_keyseq_if_unbound_in_map (in /usr/lib/x86_64-linux-gnu/libreadline.so.8.1)
==12840==    by 0x4882251: rl_make_bare_keymap (in /usr/lib/x86_64-linux-gnu/libreadline.so.8.1)
==12760==    by 0x488D93D: ??? (in /usr/lib/x86_64-linux-gnu/libreadline.so.8.1)
==12840==    by 0x4882B6A: rl_generic_bind (in /usr/lib/x86_64-linux-gnu/libreadline.so.8.1)
==12760==    by 0x488DA93: rl_initialize (in /usr/lib/x86_64-linux-gnu/libreadline.so.8.1)
==12840==    by 0x488D75D: rl_bind_keyseq_if_unbound_in_map (in /usr/lib/x86_64-linux-gnu/libreadline.so.8.1)
==12760==    by 0x488DCD4: readline (in /usr/lib/x86_64-linux-gnu/libreadline.so.8.1)
==12840==    by 0x488DAD2: rl_initialize (in /usr/lib/x86_64-linux-gnu/libreadline.so.8.1)
==12760==    by 0x10967D: minishell_loop (minishell.c:76)
==12840==    by 0x488DCD4: readline (in /usr/lib/x86_64-linux-gnu/libreadline.so.8.1)
==12760==    by 0x1094F6: main (minishell.c:27)
==12840==    by 0x10967D: minishell_loop (minishell.c:76)
==12760== 
==12840==    by 0x1094F6: main (minishell.c:27)
==12840== 
==12760== 12,336 bytes in 3 blocks are still reachable in loss record 80 of 83
==12760==    at 0x4848899: malloc (in /usr/libexec/valgrind/vgpreload_memcheck-amd64-linux.so)
==12840== 12,336 bytes in 3 blocks are still reachable in loss record 78 of 83
==12760==    by 0x48A5BAC: xmalloc (in /usr/lib/x86_64-linux-gnu/libreadline.so.8.1)
==12840==    at 0x4848899: malloc (in /usr/libexec/valgrind/vgpreload_memcheck-amd64-linux.so)
==12760==    by 0x4882251: rl_make_bare_keymap (in /usr/lib/x86_64-linux-gnu/libreadline.so.8.1)
==12840==    by 0x48A5BAC: xmalloc (in /usr/lib/x86_64-linux-gnu/libreadline.so.8.1)
==12760==    by 0x4882B6A: rl_generic_bind (in /usr/lib/x86_64-linux-gnu/libreadline.so.8.1)
==12840==    by 0x4882251: rl_make_bare_keymap (in /usr/lib/x86_64-linux-gnu/libreadline.so.8.1)
==12760==    by 0x488D75D: rl_bind_keyseq_if_unbound_in_map (in /usr/lib/x86_64-linux-gnu/libreadline.so.8.1)
==12840==    by 0x4882B6A: rl_generic_bind (in /usr/lib/x86_64-linux-gnu/libreadline.so.8.1)
==12760==    by 0x488D914: ??? (in /usr/lib/x86_64-linux-gnu/libreadline.so.8.1)
==12840==    by 0x488D75D: rl_bind_keyseq_if_unbound_in_map (in /usr/lib/x86_64-linux-gnu/libreadline.so.8.1)
==12760==    by 0x488DAB8: rl_initialize (in /usr/lib/x86_64-linux-gnu/libreadline.so.8.1)
==12840==    by 0x488D914: ??? (in /usr/lib/x86_64-linux-gnu/libreadline.so.8.1)
==12760==    by 0x488DCD4: readline (in /usr/lib/x86_64-linux-gnu/libreadline.so.8.1)
==12840==    by 0x488DA93: rl_initialize (in /usr/lib/x86_64-linux-gnu/libreadline.so.8.1)
==12760==    by 0x10967D: minishell_loop (minishell.c:76)
==12840==    by 0x488DCD4: readline (in /usr/lib/x86_64-linux-gnu/libreadline.so.8.1)
==12760==    by 0x1094F6: main (minishell.c:27)
==12840==    by 0x10967D: minishell_loop (minishell.c:76)
==12760== 
==12840==    by 0x1094F6: main (minishell.c:27)
==12840== 
==12760== 12,336 bytes in 3 blocks are still reachable in loss record 81 of 83
==12840== 12,336 bytes in 3 blocks are still reachable in loss record 79 of 83
==12760==    at 0x4848899: malloc (in /usr/libexec/valgrind/vgpreload_memcheck-amd64-linux.so)
==12840==    at 0x4848899: malloc (in /usr/libexec/valgrind/vgpreload_memcheck-amd64-linux.so)
==12760==    by 0x48A5BAC: xmalloc (in /usr/lib/x86_64-linux-gnu/libreadline.so.8.1)
==12840==    by 0x48A5BAC: xmalloc (in /usr/lib/x86_64-linux-gnu/libreadline.so.8.1)
==12760==    by 0x4882251: rl_make_bare_keymap (in /usr/lib/x86_64-linux-gnu/libreadline.so.8.1)
==12840==    by 0x4882251: rl_make_bare_keymap (in /usr/lib/x86_64-linux-gnu/libreadline.so.8.1)
==12760==    by 0x4882B6A: rl_generic_bind (in /usr/lib/x86_64-linux-gnu/libreadline.so.8.1)
==12840==    by 0x4882B6A: rl_generic_bind (in /usr/lib/x86_64-linux-gnu/libreadline.so.8.1)
==12760==    by 0x488D75D: rl_bind_keyseq_if_unbound_in_map (in /usr/lib/x86_64-linux-gnu/libreadline.so.8.1)
==12840==    by 0x488D75D: rl_bind_keyseq_if_unbound_in_map (in /usr/lib/x86_64-linux-gnu/libreadline.so.8.1)
==12760==    by 0x488D93D: ??? (in /usr/lib/x86_64-linux-gnu/libreadline.so.8.1)
==12840==    by 0x488D93D: ??? (in /usr/lib/x86_64-linux-gnu/libreadline.so.8.1)
==12760==    by 0x488DAB8: rl_initialize (in /usr/lib/x86_64-linux-gnu/libreadline.so.8.1)
==12840==    by 0x488DA93: rl_initialize (in /usr/lib/x86_64-linux-gnu/libreadline.so.8.1)
==12760==    by 0x488DCD4: readline (in /usr/lib/x86_64-linux-gnu/libreadline.so.8.1)
==12840==    by 0x488DCD4: readline (in /usr/lib/x86_64-linux-gnu/libreadline.so.8.1)
==12760==    by 0x10967D: minishell_loop (minishell.c:76)
==12840==    by 0x10967D: minishell_loop (minishell.c:76)
==12760==    by 0x1094F6: main (minishell.c:27)
==12840==    by 0x1094F6: main (minishell.c:27)
==12760== 
==12840== 
==12760== 12,336 bytes in 3 blocks are still reachable in loss record 82 of 83
==12840== 12,336 bytes in 3 blocks are still reachable in loss record 80 of 83
==12760==    at 0x4848899: malloc (in /usr/libexec/valgrind/vgpreload_memcheck-amd64-linux.so)
==12840==    at 0x4848899: malloc (in /usr/libexec/valgrind/vgpreload_memcheck-amd64-linux.so)
==12760==    by 0x48A5BAC: xmalloc (in /usr/lib/x86_64-linux-gnu/libreadline.so.8.1)
==12840==    by 0x48A5BAC: xmalloc (in /usr/lib/x86_64-linux-gnu/libreadline.so.8.1)
==12760==    by 0x4882251: rl_make_bare_keymap (in /usr/lib/x86_64-linux-gnu/libreadline.so.8.1)
==12840==    by 0x4882251: rl_make_bare_keymap (in /usr/lib/x86_64-linux-gnu/libreadline.so.8.1)
==12760==    by 0x4882B6A: rl_generic_bind (in /usr/lib/x86_64-linux-gnu/libreadline.so.8.1)
==12840==    by 0x4882B6A: rl_generic_bind (in /usr/lib/x86_64-linux-gnu/libreadline.so.8.1)
==12760==    by 0x488D75D: rl_bind_keyseq_if_unbound_in_map (in /usr/lib/x86_64-linux-gnu/libreadline.so.8.1)
==12840==    by 0x488D75D: rl_bind_keyseq_if_unbound_in_map (in /usr/lib/x86_64-linux-gnu/libreadline.so.8.1)
==12760==    by 0x488DAE1: rl_initialize (in /usr/lib/x86_64-linux-gnu/libreadline.so.8.1)
==12840==    by 0x488D914: ??? (in /usr/lib/x86_64-linux-gnu/libreadline.so.8.1)
==12760==    by 0x488DCD4: readline (in /usr/lib/x86_64-linux-gnu/libreadline.so.8.1)
==12840==    by 0x488DAB8: rl_initialize (in /usr/lib/x86_64-linux-gnu/libreadline.so.8.1)
==12760==    by 0x10967D: minishell_loop (minishell.c:76)
==12840==    by 0x488DCD4: readline (in /usr/lib/x86_64-linux-gnu/libreadline.so.8.1)
==12760==    by 0x1094F6: main (minishell.c:27)
==12840==    by 0x10967D: minishell_loop (minishell.c:76)
==12760== 
==12840==    by 0x1094F6: main (minishell.c:27)
==12840== 
==12760== 41,120 bytes in 10 blocks are still reachable in loss record 83 of 83
==12840== 12,336 bytes in 3 blocks are still reachable in loss record 81 of 83
==12760==    at 0x4848899: malloc (in /usr/libexec/valgrind/vgpreload_memcheck-amd64-linux.so)
==12840==    at 0x4848899: malloc (in /usr/libexec/valgrind/vgpreload_memcheck-amd64-linux.so)
==12760==    by 0x48A5BAC: xmalloc (in /usr/lib/x86_64-linux-gnu/libreadline.so.8.1)
==12840==    by 0x48A5BAC: xmalloc (in /usr/lib/x86_64-linux-gnu/libreadline.so.8.1)
==12760==    by 0x4882251: rl_make_bare_keymap (in /usr/lib/x86_64-linux-gnu/libreadline.so.8.1)
==12840==    by 0x4882251: rl_make_bare_keymap (in /usr/lib/x86_64-linux-gnu/libreadline.so.8.1)
==12760==    by 0x4882B6A: rl_generic_bind (in /usr/lib/x86_64-linux-gnu/libreadline.so.8.1)
==12840==    by 0x4882B6A: rl_generic_bind (in /usr/lib/x86_64-linux-gnu/libreadline.so.8.1)
==12760==    by 0x489399E: rl_parse_and_bind (in /usr/lib/x86_64-linux-gnu/libreadline.so.8.1)
==12840==    by 0x488D75D: rl_bind_keyseq_if_unbound_in_map (in /usr/lib/x86_64-linux-gnu/libreadline.so.8.1)
==12760==    by 0x4893B6C: ??? (in /usr/lib/x86_64-linux-gnu/libreadline.so.8.1)
==12840==    by 0x488D93D: ??? (in /usr/lib/x86_64-linux-gnu/libreadline.so.8.1)
==12760==    by 0x488DA38: rl_initialize (in /usr/lib/x86_64-linux-gnu/libreadline.so.8.1)
==12840==    by 0x488DAB8: rl_initialize (in /usr/lib/x86_64-linux-gnu/libreadline.so.8.1)
==12760==    by 0x488DCD4: readline (in /usr/lib/x86_64-linux-gnu/libreadline.so.8.1)
==12840==    by 0x488DCD4: readline (in /usr/lib/x86_64-linux-gnu/libreadline.so.8.1)
==12760==    by 0x10967D: minishell_loop (minishell.c:76)
==12840==    by 0x10967D: minishell_loop (minishell.c:76)
==12760==    by 0x1094F6: main (minishell.c:27)
==12840==    by 0x1094F6: main (minishell.c:27)
==12760== 
==12840== 
==12760== LEAK SUMMARY:
==12760==    definitely lost: 59 bytes in 3 blocks
==12840== 12,336 bytes in 3 blocks are still reachable in loss record 82 of 83
==12760==    indirectly lost: 67 bytes in 4 blocks
==12840==    at 0x4848899: malloc (in /usr/libexec/valgrind/vgpreload_memcheck-amd64-linux.so)
