==613800==    by 0x488A02F: ??? (in /usr/lib/x86_64-linux-gnu/libreadline.so.8.0)
==613706==    by 0x48794AF: readline (in /usr/lib/x86_64-linux-gnu/libreadline.so.8.0)
==613770==    by 0x48780F6: readline_internal_setup (in /usr/lib/x86_64-linux-gnu/libreadline.so.8.0)
==613800==    by 0x488A7D5: rl_expand_prompt (in /usr/lib/x86_64-linux-gnu/libreadline.so.8.0)
==613706==    by 0x109668: minishell_loop (minishell.c:76)
==613770==    by 0x48794D3: readline (in /usr/lib/x86_64-linux-gnu/libreadline.so.8.0)
==613800==    by 0x4877FE5: rl_set_prompt (in /usr/lib/x86_64-linux-gnu/libreadline.so.8.0)
==613706==    by 0x1094F6: main (minishell.c:27)
==613770==    by 0x109668: minishell_loop (minishell.c:76)
==613800==    by 0x48794AA: readline (in /usr/lib/x86_64-linux-gnu/libreadline.so.8.0)
==613706== 
==613770==    by 0x1094F6: main (minishell.c:27)
==613800==    by 0x109668: minishell_loop (minishell.c:76)
==613770== 
==613706== 8,224 bytes in 2 blocks are still reachable in loss record 65 of 74
==613800==    by 0x1094F6: main (minishell.c:27)
==613706==    at 0x483B7F3: malloc (in /usr/lib/x86_64-linux-gnu/valgrind/vgpreload_memcheck-amd64-linux.so)
==613770== 1,024 bytes in 1 blocks are still reachable in loss record 48 of 77
==613800== 
==613706==    by 0x489F00C: xmalloc (in /usr/lib/x86_64-linux-gnu/libreadline.so.8.0)
==613770==    at 0x483B7F3: malloc (in /usr/lib/x86_64-linux-gnu/valgrind/vgpreload_memcheck-amd64-linux.so)
==613706==    by 0x487DA91: rl_make_bare_keymap (in /usr/lib/x86_64-linux-gnu/libreadline.so.8.0)
==613800== 72 bytes in 1 blocks are still reachable in loss record 37 of 81
==613800==    at 0x483B7F3: malloc (in /usr/lib/x86_64-linux-gnu/valgrind/vgpreload_memcheck-amd64-linux.so)
==613800==    by 0x4AB5E94: _nc_first_db (in /usr/lib/x86_64-linux-gnu/libtinfo.so.6.2)
==613800==    by 0x4ABFF8E: _nc_read_entry2 (in /usr/lib/x86_64-linux-gnu/libtinfo.so.6.2)
==613800==    by 0x4AB8AF5: ??? (in /usr/lib/x86_64-linux-gnu/libtinfo.so.6.2)
==613800==    by 0x4AB8F04: _nc_setupterm (in /usr/lib/x86_64-linux-gnu/libtinfo.so.6.2)
==613800==    by 0x4AB9459: tgetent_sp (in /usr/lib/x86_64-linux-gnu/libtinfo.so.6.2)
==613800==    by 0x489475B: _rl_init_terminal_io (in /usr/lib/x86_64-linux-gnu/libreadline.so.8.0)
==613800==    by 0x48791FF: rl_initialize (in /usr/lib/x86_64-linux-gnu/libreadline.so.8.0)
==613800==    by 0x48794AF: readline (in /usr/lib/x86_64-linux-gnu/libreadline.so.8.0)
==613800==    by 0x109668: minishell_loop (minishell.c:76)
==613800==    by 0x1094F6: main (minishell.c:27)
==613800== 
==613800== 72 bytes in 3 blocks are still reachable in loss record 38 of 81
==613800==    at 0x483B7F3: malloc (in /usr/lib/x86_64-linux-gnu/valgrind/vgpreload_memcheck-amd64-linux.so)
==613800==    by 0x489F00C: xmalloc (in /usr/lib/x86_64-linux-gnu/libreadline.so.8.0)
==613800==    by 0x4898747: alloc_history_entry (in /usr/lib/x86_64-linux-gnu/libreadline.so.8.0)
==613800==    by 0x4898A04: add_history (in /usr/lib/x86_64-linux-gnu/libreadline.so.8.0)
==613770==    by 0x489F00C: xmalloc (in /usr/lib/x86_64-linux-gnu/libreadline.so.8.0)
==613706==    by 0x4884D79: rl_generic_bind (in /usr/lib/x86_64-linux-gnu/libreadline.so.8.0)
==613800==    by 0x10969B: minishell_loop (minishell.c:81)
==613770==    by 0x4889C1F: ??? (in /usr/lib/x86_64-linux-gnu/libreadline.so.8.0)
==613706==    by 0x4885F1D: rl_bind_keyseq_if_unbound_in_map (in /usr/lib/x86_64-linux-gnu/libreadline.so.8.0)
==613770==    by 0x488F0E6: rl_redisplay (in /usr/lib/x86_64-linux-gnu/libreadline.so.8.0)
==613800==    by 0x1094F6: main (minishell.c:27)
==613706==    by 0x4877F63: ??? (in /usr/lib/x86_64-linux-gnu/libreadline.so.8.0)
==613770==    by 0x48780F6: readline_internal_setup (in /usr/lib/x86_64-linux-gnu/libreadline.so.8.0)
==613800== 
==613706==    by 0x4879274: rl_initialize (in /usr/lib/x86_64-linux-gnu/libreadline.so.8.0)
==613770==    by 0x48794D3: readline (in /usr/lib/x86_64-linux-gnu/libreadline.so.8.0)
==613706==    by 0x48794AF: readline (in /usr/lib/x86_64-linux-gnu/libreadline.so.8.0)
==613800== 78 bytes in 1 blocks are still reachable in loss record 39 of 81
==613770==    by 0x109668: minishell_loop (minishell.c:76)
==613706==    by 0x109668: minishell_loop (minishell.c:76)
==613800==    at 0x483B7F3: malloc (in /usr/lib/x86_64-linux-gnu/valgrind/vgpreload_memcheck-amd64-linux.so)
==613706==    by 0x1094F6: main (minishell.c:27)
==613800==    by 0x4AB42BF: ??? (in /usr/lib/x86_64-linux-gnu/libtinfo.so.6.2)
==613770==    by 0x1094F6: main (minishell.c:27)
==613706== 
==613800==    by 0x4AB8F1B: _nc_setupterm (in /usr/lib/x86_64-linux-gnu/libtinfo.so.6.2)
==613770== 
==613800==    by 0x4AB9459: tgetent_sp (in /usr/lib/x86_64-linux-gnu/libtinfo.so.6.2)
==613800==    by 0x489475B: _rl_init_terminal_io (in /usr/lib/x86_64-linux-gnu/libreadline.so.8.0)
==613800==    by 0x48791FF: rl_initialize (in /usr/lib/x86_64-linux-gnu/libreadline.so.8.0)
==613706== 8,224 bytes in 2 blocks are still reachable in loss record 66 of 74
==613800==    by 0x48794AF: readline (in /usr/lib/x86_64-linux-gnu/libreadline.so.8.0)
==613770== 1,024 bytes in 1 blocks are still reachable in loss record 49 of 77
==613706==    at 0x483B7F3: malloc (in /usr/lib/x86_64-linux-gnu/valgrind/vgpreload_memcheck-amd64-linux.so)
==613800==    by 0x109668: minishell_loop (minishell.c:76)
==613770==    at 0x483B7F3: malloc (in /usr/lib/x86_64-linux-gnu/valgrind/vgpreload_memcheck-amd64-linux.so)
==613706==    by 0x489F00C: xmalloc (in /usr/lib/x86_64-linux-gnu/libreadline.so.8.0)
==613800==    by 0x1094F6: main (minishell.c:27)
==613770==    by 0x489F00C: xmalloc (in /usr/lib/x86_64-linux-gnu/libreadline.so.8.0)
==613706==    by 0x487DA91: rl_make_bare_keymap (in /usr/lib/x86_64-linux-gnu/libreadline.so.8.0)
==613800== 
==613770==    by 0x4889C37: ??? (in /usr/lib/x86_64-linux-gnu/libreadline.so.8.0)
==613706==    by 0x4884D79: rl_generic_bind (in /usr/lib/x86_64-linux-gnu/libreadline.so.8.0)
==613770==    by 0x488F0E6: rl_redisplay (in /usr/lib/x86_64-linux-gnu/libreadline.so.8.0)
==613800== 156 bytes in 1 blocks are still reachable in loss record 40 of 81
==613706==    by 0x4885F1D: rl_bind_keyseq_if_unbound_in_map (in /usr/lib/x86_64-linux-gnu/libreadline.so.8.0)
==613770==    by 0x48780F6: readline_internal_setup (in /usr/lib/x86_64-linux-gnu/libreadline.so.8.0)
==613800==    at 0x483DD99: calloc (in /usr/lib/x86_64-linux-gnu/valgrind/vgpreload_memcheck-amd64-linux.so)
==613706==    by 0x4877E55: ??? (in /usr/lib/x86_64-linux-gnu/libreadline.so.8.0)
==613770==    by 0x48794D3: readline (in /usr/lib/x86_64-linux-gnu/libreadline.so.8.0)
==613800==    by 0x4ABF140: _nc_read_termtype (in /usr/lib/x86_64-linux-gnu/libtinfo.so.6.2)
==613706==    by 0x4879283: rl_initialize (in /usr/lib/x86_64-linux-gnu/libreadline.so.8.0)
==613770==    by 0x109668: minishell_loop (minishell.c:76)
==613800==    by 0x4ABFA8C: ??? (in /usr/lib/x86_64-linux-gnu/libtinfo.so.6.2)
==613706==    by 0x48794AF: readline (in /usr/lib/x86_64-linux-gnu/libreadline.so.8.0)
==613770==    by 0x1094F6: main (minishell.c:27)
==613706==    by 0x109668: minishell_loop (minishell.c:76)
==613770== 
==613706==    by 0x1094F6: main (minishell.c:27)
==613706== 
==613800==    by 0x4ABFE83: ??? (in /usr/lib/x86_64-linux-gnu/libtinfo.so.6.2)
==613770== 1,248 bytes in 78 blocks are still reachable in loss record 50 of 77
==613800==    by 0x4ABFFB4: _nc_read_entry2 (in /usr/lib/x86_64-linux-gnu/libtinfo.so.6.2)
==613706== 8,224 bytes in 2 blocks are still reachable in loss record 67 of 74
==613770==    at 0x483B7F3: malloc (in /usr/lib/x86_64-linux-gnu/valgrind/vgpreload_memcheck-amd64-linux.so)
==613800==    by 0x4AB8AF5: ??? (in /usr/lib/x86_64-linux-gnu/libtinfo.so.6.2)
==613706==    at 0x483B7F3: malloc (in /usr/lib/x86_64-linux-gnu/valgrind/vgpreload_memcheck-amd64-linux.so)
==613770==    by 0x10C7C9: malloc_p (protected_methods.c:19)
==613800==    by 0x4AB8F04: _nc_setupterm (in /usr/lib/x86_64-linux-gnu/libtinfo.so.6.2)
==613770==    by 0x10C255: ft_setenv (envp_table.c:47)
==613706==    by 0x489F00C: xmalloc (in /usr/lib/x86_64-linux-gnu/libreadline.so.8.0)
==613800==    by 0x4AB9459: tgetent_sp (in /usr/lib/x86_64-linux-gnu/libtinfo.so.6.2)
==613770==    by 0x10C521: envp_table_init (envp_table.c:127)
==613706==    by 0x487DA91: rl_make_bare_keymap (in /usr/lib/x86_64-linux-gnu/libreadline.so.8.0)
==613800==    by 0x489475B: _rl_init_terminal_io (in /usr/lib/x86_64-linux-gnu/libreadline.so.8.0)
==613770==    by 0x1095D3: init_data (minishell.c:52)
==613706==    by 0x4884D79: rl_generic_bind (in /usr/lib/x86_64-linux-gnu/libreadline.so.8.0)
==613800==    by 0x48791FF: rl_initialize (in /usr/lib/x86_64-linux-gnu/libreadline.so.8.0)
==613770==    by 0x1094EC: main (minishell.c:25)
==613706==    by 0x4885F1D: rl_bind_keyseq_if_unbound_in_map (in /usr/lib/x86_64-linux-gnu/libreadline.so.8.0)
==613800==    by 0x48794AF: readline (in /usr/lib/x86_64-linux-gnu/libreadline.so.8.0)
==613770== 
==613706==    by 0x4877E55: ??? (in /usr/lib/x86_64-linux-gnu/libreadline.so.8.0)
==613800==    by 0x109668: minishell_loop (minishell.c:76)
==613706==    by 0x48792A1: rl_initialize (in /usr/lib/x86_64-linux-gnu/libreadline.so.8.0)
==613800== 
==613770== 1,536 bytes in 1 blocks are still reachable in loss record 51 of 77
==613706==    by 0x48794AF: readline (in /usr/lib/x86_64-linux-gnu/libreadline.so.8.0)
==613770==    at 0x483DFAF: realloc (in /usr/lib/x86_64-linux-gnu/valgrind/vgpreload_memcheck-amd64-linux.so)
==613706==    by 0x109668: minishell_loop (minishell.c:76)
==613800== 171 (48 direct, 123 indirect) bytes in 2 blocks are definitely lost in loss record 41 of 81
==613770==    by 0x489F041: xrealloc (in /usr/lib/x86_64-linux-gnu/libreadline.so.8.0)
==613706==    by 0x1094F6: main (minishell.c:27)
==613800==    at 0x483B7F3: malloc (in /usr/lib/x86_64-linux-gnu/valgrind/vgpreload_memcheck-amd64-linux.so)
==613770==    by 0x487D944: rl_add_funmap_entry (in /usr/lib/x86_64-linux-gnu/libreadline.so.8.0)
==613706== 
==613770==    by 0x487D998: rl_initialize_funmap (in /usr/lib/x86_64-linux-gnu/libreadline.so.8.0)
==613800==    by 0x10C7C9: malloc_p (protected_methods.c:19)
==613770==    by 0x487921C: rl_initialize (in /usr/lib/x86_64-linux-gnu/libreadline.so.8.0)
==613800==    by 0x10CBCA: lstnew_p (lstnew_p.c:19)
==613706== 8,224 bytes in 2 blocks are still reachable in loss record 68 of 74
==613770==    by 0x48794AF: readline (in /usr/lib/x86_64-linux-gnu/libreadline.so.8.0)
==613800==    by 0x10A16E: lexer_add_cmd (lexer.c:50)
==613706==    at 0x483B7F3: malloc (in /usr/lib/x86_64-linux-gnu/valgrind/vgpreload_memcheck-amd64-linux.so)
==613770==    by 0x109668: minishell_loop (minishell.c:76)
==613800==    by 0x10A099: lexer (lexer.c:33)
==613706==    by 0x489F00C: xmalloc (in /usr/lib/x86_64-linux-gnu/libreadline.so.8.0)
==613770==    by 0x1094F6: main (minishell.c:27)
==613800==    by 0x1096A7: minishell_loop (minishell.c:82)
==613706==    by 0x487DA91: rl_make_bare_keymap (in /usr/lib/x86_64-linux-gnu/libreadline.so.8.0)
==613800==    by 0x1094F6: main (minishell.c:27)
==613770== 
==613706==    by 0x4884D79: rl_generic_bind (in /usr/lib/x86_64-linux-gnu/libreadline.so.8.0)
==613800== 
==613706==    by 0x4885F1D: rl_bind_keyseq_if_unbound_in_map (in /usr/lib/x86_64-linux-gnu/libreadline.so.8.0)
==613770== 1,872 bytes in 78 blocks are still reachable in loss record 52 of 77
==613706==    by 0x48792BF: rl_initialize (in /usr/lib/x86_64-linux-gnu/libreadline.so.8.0)
==613800== 240 (64 direct, 176 indirect) bytes in 2 blocks are definitely lost in loss record 42 of 81
==613770==    at 0x483B7F3: malloc (in /usr/lib/x86_64-linux-gnu/valgrind/vgpreload_memcheck-amd64-linux.so)
==613800==    at 0x483B7F3: malloc (in /usr/lib/x86_64-linux-gnu/valgrind/vgpreload_memcheck-amd64-linux.so)
==613706==    by 0x48794AF: readline (in /usr/lib/x86_64-linux-gnu/libreadline.so.8.0)
==613770==    by 0x10C7C9: malloc_p (protected_methods.c:19)
==613800==    by 0x10C7C9: malloc_p (protected_methods.c:19)
==613706==    by 0x109668: minishell_loop (minishell.c:76)
==613770==    by 0x10CBCA: lstnew_p (lstnew_p.c:19)
==613800==    by 0x10D692: treenew_p (treenew_p.c:19)
==613706==    by 0x1094F6: main (minishell.c:27)
==613770==    by 0x10C305: ft_setenv (envp_table.c:64)
==613800==    by 0x10A2A8: parser (parser.c:38)
==613706== 
==613770==    by 0x10C521: envp_table_init (envp_table.c:127)
==613800==    by 0x1096B7: minishell_loop (minishell.c:83)
==613770==    by 0x1095D3: init_data (minishell.c:52)
==613706== 12,336 bytes in 3 blocks are still reachable in loss record 69 of 74
==613800==    by 0x1094F6: main (minishell.c:27)
==613770==    by 0x1094EC: main (minishell.c:25)
==613706==    at 0x483B7F3: malloc (in /usr/lib/x86_64-linux-gnu/valgrind/vgpreload_memcheck-amd64-linux.so)
==613800== 
==613770== 
==613706==    by 0x489F00C: xmalloc (in /usr/lib/x86_64-linux-gnu/libreadline.so.8.0)
==613800== 256 bytes in 1 blocks are still reachable in loss record 43 of 81
==613770== 2,032 bytes in 1 blocks are still reachable in loss record 53 of 77
==613706==    by 0x487DA91: rl_make_bare_keymap (in /usr/lib/x86_64-linux-gnu/libreadline.so.8.0)
==613800==    at 0x483B7F3: malloc (in /usr/lib/x86_64-linux-gnu/valgrind/vgpreload_memcheck-amd64-linux.so)
==613770==    at 0x483B7F3: malloc (in /usr/lib/x86_64-linux-gnu/valgrind/vgpreload_memcheck-amd64-linux.so)
==613706==    by 0x4884D79: rl_generic_bind (in /usr/lib/x86_64-linux-gnu/libreadline.so.8.0)
==613770==    by 0x489F00C: xmalloc (in /usr/lib/x86_64-linux-gnu/libreadline.so.8.0)
==613800==    by 0x489F00C: xmalloc (in /usr/lib/x86_64-linux-gnu/libreadline.so.8.0)
==613706==    by 0x4885F1D: rl_bind_keyseq_if_unbound_in_map (in /usr/lib/x86_64-linux-gnu/libreadline.so.8.0)
==613770==    by 0x4894999: _rl_init_terminal_io (in /usr/lib/x86_64-linux-gnu/libreadline.so.8.0)
==613800==    by 0x4879466: rl_initialize (in /usr/lib/x86_64-linux-gnu/libreadline.so.8.0)
==613706==    by 0x4877F3A: ??? (in /usr/lib/x86_64-linux-gnu/libreadline.so.8.0)
==613770==    by 0x48791FF: rl_initialize (in /usr/lib/x86_64-linux-gnu/libreadline.so.8.0)
==613800==    by 0x48794AF: readline (in /usr/lib/x86_64-linux-gnu/libreadline.so.8.0)
==613706==    by 0x4879283: rl_initialize (in /usr/lib/x86_64-linux-gnu/libreadline.so.8.0)
==613770==    by 0x48794AF: readline (in /usr/lib/x86_64-linux-gnu/libreadline.so.8.0)
==613800==    by 0x109668: minishell_loop (minishell.c:76)
==613706==    by 0x48794AF: readline (in /usr/lib/x86_64-linux-gnu/libreadline.so.8.0)
==613770==    by 0x109668: minishell_loop (minishell.c:76)
==613770==    by 0x1094F6: main (minishell.c:27)
==613770== 
==613770== 2,040 bytes in 1 blocks are still reachable in loss record 54 of 77
==613770==    at 0x483DD99: calloc (in /usr/lib/x86_64-linux-gnu/valgrind/vgpreload_memcheck-amd64-linux.so)
==613800==    by 0x1094F6: main (minishell.c:27)
==613706==    by 0x109668: minishell_loop (minishell.c:76)
==613770==    by 0x10C810: calloc_p (protected_methods.c:29)
==613800== 
==613706==    by 0x1094F6: main (minishell.c:27)
==613770==    by 0x10C4B3: envp_table_init (envp_table.c:119)
==613706== 
==613800== 280 bytes in 1 blocks are still reachable in loss record 44 of 81
==613770==    by 0x1095D3: init_data (minishell.c:52)
==613800==    at 0x483DD99: calloc (in /usr/lib/x86_64-linux-gnu/valgrind/vgpreload_memcheck-amd64-linux.so)
==613706== 12,336 bytes in 3 blocks are still reachable in loss record 70 of 74
==613800==    by 0x4AB8EB7: _nc_setupterm (in /usr/lib/x86_64-linux-gnu/libtinfo.so.6.2)
==613770==    by 0x1094EC: main (minishell.c:25)
==613706==    at 0x483B7F3: malloc (in /usr/lib/x86_64-linux-gnu/valgrind/vgpreload_memcheck-amd64-linux.so)
==613800==    by 0x4AB9459: tgetent_sp (in /usr/lib/x86_64-linux-gnu/libtinfo.so.6.2)
==613770== 
==613706==    by 0x489F00C: xmalloc (in /usr/lib/x86_64-linux-gnu/libreadline.so.8.0)
==613800==    by 0x489475B: _rl_init_terminal_io (in /usr/lib/x86_64-linux-gnu/libreadline.so.8.0)
==613706==    by 0x487DA91: rl_make_bare_keymap (in /usr/lib/x86_64-linux-gnu/libreadline.so.8.0)
==613770== 2,208 bytes in 138 blocks are still reachable in loss record 55 of 77
==613800==    by 0x48791FF: rl_initialize (in /usr/lib/x86_64-linux-gnu/libreadline.so.8.0)
==613770==    at 0x483B7F3: malloc (in /usr/lib/x86_64-linux-gnu/valgrind/vgpreload_memcheck-amd64-linux.so)
==613706==    by 0x4884D79: rl_generic_bind (in /usr/lib/x86_64-linux-gnu/libreadline.so.8.0)
==613800==    by 0x48794AF: readline (in /usr/lib/x86_64-linux-gnu/libreadline.so.8.0)
==613770==    by 0x489F00C: xmalloc (in /usr/lib/x86_64-linux-gnu/libreadline.so.8.0)
==613706==    by 0x4885F1D: rl_bind_keyseq_if_unbound_in_map (in /usr/lib/x86_64-linux-gnu/libreadline.so.8.0)
==613800==    by 0x109668: minishell_loop (minishell.c:76)
==613770==    by 0x487D8F0: rl_add_funmap_entry (in /usr/lib/x86_64-linux-gnu/libreadline.so.8.0)
==613706==    by 0x4877F63: ??? (in /usr/lib/x86_64-linux-gnu/libreadline.so.8.0)
==613800==    by 0x1094F6: main (minishell.c:27)
==613770==    by 0x487D998: rl_initialize_funmap (in /usr/lib/x86_64-linux-gnu/libreadline.so.8.0)
==613706==    by 0x4879283: rl_initialize (in /usr/lib/x86_64-linux-gnu/libreadline.so.8.0)
==613800== 
==613770==    by 0x487921C: rl_initialize (in /usr/lib/x86_64-linux-gnu/libreadline.so.8.0)
==613706==    by 0x48794AF: readline (in /usr/lib/x86_64-linux-gnu/libreadline.so.8.0)
==613770==    by 0x48794AF: readline (in /usr/lib/x86_64-linux-gnu/libreadline.so.8.0)
==613800== 632 bytes in 1 blocks are still reachable in loss record 45 of 81
==613706==    by 0x109668: minishell_loop (minishell.c:76)
==613800==    at 0x483B7F3: malloc (in /usr/lib/x86_64-linux-gnu/valgrind/vgpreload_memcheck-amd64-linux.so)
==613770==    by 0x109668: minishell_loop (minishell.c:76)
==613706==    by 0x1094F6: main (minishell.c:27)
==613800==    by 0x10C7C9: malloc_p (protected_methods.c:19)
==613770==    by 0x1094F6: main (minishell.c:27)
==613800==    by 0x10C03A: env_matrix_add (envp_matrix.c:89)
==613706== 
==613770== 
==613706== 12,336 bytes in 3 blocks are still reachable in loss record 71 of 74
==613770== 2,970 bytes in 78 blocks are still reachable in loss record 56 of 77
==613706==    at 0x483B7F3: malloc (in /usr/lib/x86_64-linux-gnu/valgrind/vgpreload_memcheck-amd64-linux.so)
==613770==    at 0x483B7F3: malloc (in /usr/lib/x86_64-linux-gnu/valgrind/vgpreload_memcheck-amd64-linux.so)
==613706==    by 0x489F00C: xmalloc (in /usr/lib/x86_64-linux-gnu/libreadline.so.8.0)
==613770==    by 0x10DA56: ft_calloc (ft_calloc.c:23)
==613800==    by 0x10BCAA: update_env_matrix (envp_matrix.c:27)
==613706==    by 0x487DA91: rl_make_bare_keymap (in /usr/lib/x86_64-linux-gnu/libreadline.so.8.0)
==613770==    by 0x10C0D6: env_matrix_add (envp_matrix.c:94)
==613800==    by 0x10C341: ft_setenv (envp_table.c:65)
==613706==    by 0x4884D79: rl_generic_bind (in /usr/lib/x86_64-linux-gnu/libreadline.so.8.0)
==613770==    by 0x10BCAA: update_env_matrix (envp_matrix.c:27)
==613800==    by 0x10C521: envp_table_init (envp_table.c:127)
==613706==    by 0x4885F1D: rl_bind_keyseq_if_unbound_in_map (in /usr/lib/x86_64-linux-gnu/libreadline.so.8.0)
==613770==    by 0x10C341: ft_setenv (envp_table.c:65)
==613800==    by 0x1095D3: init_data (minishell.c:52)
==613706==    by 0x4877F3A: ??? (in /usr/lib/x86_64-linux-gnu/libreadline.so.8.0)
==613770==    by 0x10C521: envp_table_init (envp_table.c:127)
==613800==    by 0x1094EC: main (minishell.c:25)
==613706==    by 0x48792A1: rl_initialize (in /usr/lib/x86_64-linux-gnu/libreadline.so.8.0)
==613770==    by 0x1095D3: init_data (minishell.c:52)
==613800== 
==613706==    by 0x48794AF: readline (in /usr/lib/x86_64-linux-gnu/libreadline.so.8.0)
==613770==    by 0x1094EC: main (minishell.c:25)
==613706==    by 0x109668: minishell_loop (minishell.c:76)
==613770== 
==613800== 1,024 bytes in 1 blocks are still reachable in loss record 46 of 81
==613706==    by 0x1094F6: main (minishell.c:27)
==613800==    at 0x483B7F3: malloc (in /usr/lib/x86_64-linux-gnu/valgrind/vgpreload_memcheck-amd64-linux.so)
==613706== 
==613800==    by 0x489F00C: xmalloc (in /usr/lib/x86_64-linux-gnu/libreadline.so.8.0)
==613770== 3,312 bytes in 1 blocks are still reachable in loss record 57 of 77
==613706== 12,336 bytes in 3 blocks are still reachable in loss record 72 of 74
==613800==    by 0x4889B8A: ??? (in /usr/lib/x86_64-linux-gnu/libreadline.so.8.0)
==613770==    at 0x483DD99: calloc (in /usr/lib/x86_64-linux-gnu/valgrind/vgpreload_memcheck-amd64-linux.so)
==613706==    at 0x483B7F3: malloc (in /usr/lib/x86_64-linux-gnu/valgrind/vgpreload_memcheck-amd64-linux.so)
==613800==    by 0x488F0E6: rl_redisplay (in /usr/lib/x86_64-linux-gnu/libreadline.so.8.0)
==613770==    by 0x4ABF1F8: _nc_read_termtype (in /usr/lib/x86_64-linux-gnu/libtinfo.so.6.2)
==613800==    by 0x48780F6: readline_internal_setup (in /usr/lib/x86_64-linux-gnu/libreadline.so.8.0)
==613706==    by 0x489F00C: xmalloc (in /usr/lib/x86_64-linux-gnu/libreadline.so.8.0)
==613770==    by 0x4ABFA8C: ??? (in /usr/lib/x86_64-linux-gnu/libtinfo.so.6.2)
==613800==    by 0x48794D3: readline (in /usr/lib/x86_64-linux-gnu/libreadline.so.8.0)
==613706==    by 0x487DA91: rl_make_bare_keymap (in /usr/lib/x86_64-linux-gnu/libreadline.so.8.0)
==613770==    by 0x4ABFE83: ??? (in /usr/lib/x86_64-linux-gnu/libtinfo.so.6.2)
==613800==    by 0x109668: minishell_loop (minishell.c:76)
==613706==    by 0x4884D79: rl_generic_bind (in /usr/lib/x86_64-linux-gnu/libreadline.so.8.0)
==613770==    by 0x4ABFFB4: _nc_read_entry2 (in /usr/lib/x86_64-linux-gnu/libtinfo.so.6.2)
==613800==    by 0x1094F6: main (minishell.c:27)
==613706==    by 0x4885F1D: rl_bind_keyseq_if_unbound_in_map (in /usr/lib/x86_64-linux-gnu/libreadline.so.8.0)
==613770==    by 0x4AB8AF5: ??? (in /usr/lib/x86_64-linux-gnu/libtinfo.so.6.2)
==613770==    by 0x4AB8F04: _nc_setupterm (in /usr/lib/x86_64-linux-gnu/libtinfo.so.6.2)
==613770==    by 0x4AB9459: tgetent_sp (in /usr/lib/x86_64-linux-gnu/libtinfo.so.6.2)
==613770==    by 0x489475B: _rl_init_terminal_io (in /usr/lib/x86_64-linux-gnu/libreadline.so.8.0)
==613770==    by 0x48791FF: rl_initialize (in /usr/lib/x86_64-linux-gnu/libreadline.so.8.0)
==613770==    by 0x48794AF: readline (in /usr/lib/x86_64-linux-gnu/libreadline.so.8.0)
==613800== 
==613706==    by 0x4877F63: ??? (in /usr/lib/x86_64-linux-gnu/libreadline.so.8.0)
==613770==    by 0x109668: minishell_loop (minishell.c:76)
==613706==    by 0x48792A1: rl_initialize (in /usr/lib/x86_64-linux-gnu/libreadline.so.8.0)
==613770== 
==613800== 1,024 bytes in 1 blocks are still reachable in loss record 47 of 81
==613706==    by 0x48794AF: readline (in /usr/lib/x86_64-linux-gnu/libreadline.so.8.0)
==613800==    at 0x483B7F3: malloc (in /usr/lib/x86_64-linux-gnu/valgrind/vgpreload_memcheck-amd64-linux.so)
==613770== 3,312 bytes in 1 blocks are still reachable in loss record 58 of 77
==613706==    by 0x109668: minishell_loop (minishell.c:76)
==613770==    at 0x483B7F3: malloc (in /usr/lib/x86_64-linux-gnu/valgrind/vgpreload_memcheck-amd64-linux.so)
==613800==    by 0x489F00C: xmalloc (in /usr/lib/x86_64-linux-gnu/libreadline.so.8.0)
==613770==    by 0x4AB426F: ??? (in /usr/lib/x86_64-linux-gnu/libtinfo.so.6.2)
==613706==    by 0x1094F6: main (minishell.c:27)
==613800==    by 0x4889BA0: ??? (in /usr/lib/x86_64-linux-gnu/libreadline.so.8.0)
==613770==    by 0x4AB8F1B: _nc_setupterm (in /usr/lib/x86_64-linux-gnu/libtinfo.so.6.2)
==613706== 
==613800==    by 0x488F0E6: rl_redisplay (in /usr/lib/x86_64-linux-gnu/libreadline.so.8.0)
==613770==    by 0x4AB9459: tgetent_sp (in /usr/lib/x86_64-linux-gnu/libtinfo.so.6.2)
==613800==    by 0x48780F6: readline_internal_setup (in /usr/lib/x86_64-linux-gnu/libreadline.so.8.0)
==613706== 12,336 bytes in 3 blocks are still reachable in loss record 73 of 74
==613770==    by 0x489475B: _rl_init_terminal_io (in /usr/lib/x86_64-linux-gnu/libreadline.so.8.0)
==613800==    by 0x48794D3: readline (in /usr/lib/x86_64-linux-gnu/libreadline.so.8.0)
==613706==    at 0x483B7F3: malloc (in /usr/lib/x86_64-linux-gnu/valgrind/vgpreload_memcheck-amd64-linux.so)
==613770==    by 0x48791FF: rl_initialize (in /usr/lib/x86_64-linux-gnu/libreadline.so.8.0)
==613800==    by 0x109668: minishell_loop (minishell.c:76)
==613706==    by 0x489F00C: xmalloc (in /usr/lib/x86_64-linux-gnu/libreadline.so.8.0)
==613770==    by 0x48794AF: readline (in /usr/lib/x86_64-linux-gnu/libreadline.so.8.0)
==613800==    by 0x1094F6: main (minishell.c:27)
==613706==    by 0x487DA91: rl_make_bare_keymap (in /usr/lib/x86_64-linux-gnu/libreadline.so.8.0)
==613770==    by 0x109668: minishell_loop (minishell.c:76)
==613800== 
==613706==    by 0x4884D79: rl_generic_bind (in /usr/lib/x86_64-linux-gnu/libreadline.so.8.0)
==613770==    by 0x1094F6: main (minishell.c:27)
==613706==    by 0x4885F1D: rl_bind_keyseq_if_unbound_in_map (in /usr/lib/x86_64-linux-gnu/libreadline.so.8.0)
==613770== 
==613800== 1,024 bytes in 1 blocks are still reachable in loss record 48 of 81
==613706==    by 0x48792D2: rl_initialize (in /usr/lib/x86_64-linux-gnu/libreadline.so.8.0)
==613800==    at 0x483B7F3: malloc (in /usr/lib/x86_64-linux-gnu/valgrind/vgpreload_memcheck-amd64-linux.so)
==613770== 4,016 bytes in 1 blocks are still reachable in loss record 59 of 77
==613706==    by 0x48794AF: readline (in /usr/lib/x86_64-linux-gnu/libreadline.so.8.0)
==613770==    at 0x483B7F3: malloc (in /usr/lib/x86_64-linux-gnu/valgrind/vgpreload_memcheck-amd64-linux.so)
==613800==    by 0x489F00C: xmalloc (in /usr/lib/x86_64-linux-gnu/libreadline.so.8.0)
==613706==    by 0x109668: minishell_loop (minishell.c:76)
==613770==    by 0x489F00C: xmalloc (in /usr/lib/x86_64-linux-gnu/libreadline.so.8.0)
==613800==    by 0x4889BE8: ??? (in /usr/lib/x86_64-linux-gnu/libreadline.so.8.0)
==613706==    by 0x1094F6: main (minishell.c:27)
==613770==    by 0x4898A5B: add_history (in /usr/lib/x86_64-linux-gnu/libreadline.so.8.0)
==613800==    by 0x488F0E6: rl_redisplay (in /usr/lib/x86_64-linux-gnu/libreadline.so.8.0)
==613706== 
==613770==    by 0x10969B: minishell_loop (minishell.c:81)
==613800==    by 0x48780F6: readline_internal_setup (in /usr/lib/x86_64-linux-gnu/libreadline.so.8.0)
==613770==    by 0x1094F6: main (minishell.c:27)
==613706== 41,120 bytes in 10 blocks are still reachable in loss record 74 of 74
==613800==    by 0x48794D3: readline (in /usr/lib/x86_64-linux-gnu/libreadline.so.8.0)
==613770== 
==613706==    at 0x483B7F3: malloc (in /usr/lib/x86_64-linux-gnu/valgrind/vgpreload_memcheck-amd64-linux.so)
==613800==    by 0x109668: minishell_loop (minishell.c:76)
==613706==    by 0x489F00C: xmalloc (in /usr/lib/x86_64-linux-gnu/libreadline.so.8.0)
==613770== 4,080 bytes in 1 blocks are still reachable in loss record 60 of 77
==613800==    by 0x1094F6: main (minishell.c:27)
==613706==    by 0x487DA91: rl_make_bare_keymap (in /usr/lib/x86_64-linux-gnu/libreadline.so.8.0)
==613770==    at 0x483B7F3: malloc (in /usr/lib/x86_64-linux-gnu/valgrind/vgpreload_memcheck-amd64-linux.so)
==613800== 
==613706==    by 0x4884D79: rl_generic_bind (in /usr/lib/x86_64-linux-gnu/libreadline.so.8.0)
==613770==    by 0x489F00C: xmalloc (in /usr/lib/x86_64-linux-gnu/libreadline.so.8.0)
==613800== 1,024 bytes in 1 blocks are still reachable in loss record 49 of 81
==613770==    by 0x48949B9: _rl_init_terminal_io (in /usr/lib/x86_64-linux-gnu/libreadline.so.8.0)
==613706==    by 0x4886A92: rl_parse_and_bind (in /usr/lib/x86_64-linux-gnu/libreadline.so.8.0)
==613800==    at 0x483B7F3: malloc (in /usr/lib/x86_64-linux-gnu/valgrind/vgpreload_memcheck-amd64-linux.so)
==613770==    by 0x48791FF: rl_initialize (in /usr/lib/x86_64-linux-gnu/libreadline.so.8.0)
==613706==    by 0x4886C6C: ??? (in /usr/lib/x86_64-linux-gnu/libreadline.so.8.0)
==613800==    by 0x489F00C: xmalloc (in /usr/lib/x86_64-linux-gnu/libreadline.so.8.0)
==613770==    by 0x48794AF: readline (in /usr/lib/x86_64-linux-gnu/libreadline.so.8.0)
==613706==    by 0x4879228: rl_initialize (in /usr/lib/x86_64-linux-gnu/libreadline.so.8.0)
==613800==    by 0x4889C07: ??? (in /usr/lib/x86_64-linux-gnu/libreadline.so.8.0)
==613770==    by 0x109668: minishell_loop (minishell.c:76)
==613706==    by 0x48794AF: readline (in /usr/lib/x86_64-linux-gnu/libreadline.so.8.0)
==613800==    by 0x488F0E6: rl_redisplay (in /usr/lib/x86_64-linux-gnu/libreadline.so.8.0)
==613770==    by 0x1094F6: main (minishell.c:27)
==613706==    by 0x109668: minishell_loop (minishell.c:76)
==613800==    by 0x48780F6: readline_internal_setup (in /usr/lib/x86_64-linux-gnu/libreadline.so.8.0)
==613770== 
==613706==    by 0x1094F6: main (minishell.c:27)
==613800==    by 0x48794D3: readline (in /usr/lib/x86_64-linux-gnu/libreadline.so.8.0)
==613706== 
==613770== 4,112 bytes in 1 blocks are still reachable in loss record 61 of 77
==613800==    by 0x109668: minishell_loop (minishell.c:76)
==613706== LEAK SUMMARY:
==613770==    at 0x483B7F3: malloc (in /usr/lib/x86_64-linux-gnu/valgrind/vgpreload_memcheck-amd64-linux.so)
==613800==    by 0x1094F6: main (minishell.c:27)
==613706==    definitely lost: 59 bytes in 3 blocks
==613770==    by 0x489F00C: xmalloc (in /usr/lib/x86_64-linux-gnu/libreadline.so.8.0)
==613800== 
==613706==    indirectly lost: 67 bytes in 4 blocks
==613770==    by 0x487DA91: rl_make_bare_keymap (in /usr/lib/x86_64-linux-gnu/libreadline.so.8.0)
==613706==      possibly lost: 0 bytes in 0 blocks
==613770==    by 0x4884D79: rl_generic_bind (in /usr/lib/x86_64-linux-gnu/libreadline.so.8.0)
==613800== 1,024 bytes in 1 blocks are still reachable in loss record 50 of 81
==613706==    still reachable: 205,316 bytes in 464 blocks
==613800==    at 0x483B7F3: malloc (in /usr/lib/x86_64-linux-gnu/valgrind/vgpreload_memcheck-amd64-linux.so)
==613770==    by 0x4885F1D: rl_bind_keyseq_if_unbound_in_map (in /usr/lib/x86_64-linux-gnu/libreadline.so.8.0)
==613706==         suppressed: 0 bytes in 0 blocks
==613770==    by 0x4877ED9: ??? (in /usr/lib/x86_64-linux-gnu/libreadline.so.8.0)
==613770==    by 0x4879274: rl_initialize (in /usr/lib/x86_64-linux-gnu/libreadline.so.8.0)
==613770==    by 0x48794AF: readline (in /usr/lib/x86_64-linux-gnu/libreadline.so.8.0)
==613770==    by 0x109668: minishell_loop (minishell.c:76)
==613770==    by 0x1094F6: main (minishell.c:27)
==613770== 
==613770== 4,112 bytes in 1 blocks are still reachable in loss record 62 of 77
==613800==    by 0x489F00C: xmalloc (in /usr/lib/x86_64-linux-gnu/libreadline.so.8.0)
==613706== 
==613770==    at 0x483B7F3: malloc (in /usr/lib/x86_64-linux-gnu/valgrind/vgpreload_memcheck-amd64-linux.so)
==613800==    by 0x4889C1F: ??? (in /usr/lib/x86_64-linux-gnu/libreadline.so.8.0)
==613770==    by 0x489F00C: xmalloc (in /usr/lib/x86_64-linux-gnu/libreadline.so.8.0)
==613706== For lists of detected and suppressed errors, rerun with: -s
==613800==    by 0x488F0E6: rl_redisplay (in /usr/lib/x86_64-linux-gnu/libreadline.so.8.0)
==613770==    by 0x487DA91: rl_make_bare_keymap (in /usr/lib/x86_64-linux-gnu/libreadline.so.8.0)
==613706== ERROR SUMMARY: 3 errors from 3 contexts (suppressed: 0 from 0)
==613800==    by 0x48780F6: readline_internal_setup (in /usr/lib/x86_64-linux-gnu/libreadline.so.8.0)
==613770==    by 0x4884D79: rl_generic_bind (in /usr/lib/x86_64-linux-gnu/libreadline.so.8.0)
==613800==    by 0x48794D3: readline (in /usr/lib/x86_64-linux-gnu/libreadline.so.8.0)
==613770==    by 0x4885F1D: rl_bind_keyseq_if_unbound_in_map (in /usr/lib/x86_64-linux-gnu/libreadline.so.8.0)
==613800==    by 0x109668: minishell_loop (minishell.c:76)
==613770==    by 0x4877F72: ??? (in /usr/lib/x86_64-linux-gnu/libreadline.so.8.0)
==613800==    by 0x1094F6: main (minishell.c:27)
==613770==    by 0x4879274: rl_initialize (in /usr/lib/x86_64-linux-gnu/libreadline.so.8.0)
==613800== 
==613770==    by 0x48794AF: readline (in /usr/lib/x86_64-linux-gnu/libreadline.so.8.0)
==613770==    by 0x109668: minishell_loop (minishell.c:76)
==613800== 1,024 bytes in 1 blocks are still reachable in loss record 51 of 81
==613770==    by 0x1094F6: main (minishell.c:27)
==613800==    at 0x483B7F3: malloc (in /usr/lib/x86_64-linux-gnu/valgrind/vgpreload_memcheck-amd64-linux.so)
==613800==    by 0x489F00C: xmalloc (in /usr/lib/x86_64-linux-gnu/libreadline.so.8.0)
==613800==    by 0x4889C37: ??? (in /usr/lib/x86_64-linux-gnu/libreadline.so.8.0)
==613800==    by 0x488F0E6: rl_redisplay (in /usr/lib/x86_64-linux-gnu/libreadline.so.8.0)
==613800==    by 0x48780F6: readline_internal_setup (in /usr/lib/x86_64-linux-gnu/libreadline.so.8.0)
==613800==    by 0x48794D3: readline (in /usr/lib/x86_64-linux-gnu/libreadline.so.8.0)
==613800==    by 0x109668: minishell_loop (minishell.c:76)
==613800==    by 0x1094F6: main (minishell.c:27)
==613800== 
==613800== 1,248 bytes in 78 blocks are still reachable in loss record 52 of 81
==613800==    at 0x483B7F3: malloc (in /usr/lib/x86_64-linux-gnu/valgrind/vgpreload_memcheck-amd64-linux.so)
==613800==    by 0x10C7C9: malloc_p (protected_methods.c:19)
==613800==    by 0x10C255: ft_setenv (envp_table.c:47)
==613800==    by 0x10C521: envp_table_init (envp_table.c:127)
==613800==    by 0x1095D3: init_data (minishell.c:52)
==613800==    by 0x1094EC: main (minishell.c:25)
==613800== 
==613800== 1,536 bytes in 1 blocks are still reachable in loss record 53 of 81
==613800==    at 0x483DFAF: realloc (in /usr/lib/x86_64-linux-gnu/valgrind/vgpreload_memcheck-amd64-linux.so)
==613800==    by 0x489F041: xrealloc (in /usr/lib/x86_64-linux-gnu/libreadline.so.8.0)
==613800==    by 0x487D944: rl_add_funmap_entry (in /usr/lib/x86_64-linux-gnu/libreadline.so.8.0)
==613800==    by 0x487D998: rl_initialize_funmap (in /usr/lib/x86_64-linux-gnu/libreadline.so.8.0)
==613800==    by 0x487921C: rl_initialize (in /usr/lib/x86_64-linux-gnu/libreadline.so.8.0)
==613770== 
==613800==    by 0x48794AF: readline (in /usr/lib/x86_64-linux-gnu/libreadline.so.8.0)
==613800==    by 0x109668: minishell_loop (minishell.c:76)
==613800==    by 0x1094F6: main (minishell.c:27)
==613800== 
==613770== 4,112 bytes in 1 blocks are still reachable in loss record 63 of 77
==613770==    at 0x483B7F3: malloc (in /usr/lib/x86_64-linux-gnu/valgrind/vgpreload_memcheck-amd64-linux.so)
==613800== 1,872 bytes in 78 blocks are still reachable in loss record 54 of 81
==613770==    by 0x489F00C: xmalloc (in /usr/lib/x86_64-linux-gnu/libreadline.so.8.0)
==613800==    at 0x483B7F3: malloc (in /usr/lib/x86_64-linux-gnu/valgrind/vgpreload_memcheck-amd64-linux.so)
==613770==    by 0x487DA91: rl_make_bare_keymap (in /usr/lib/x86_64-linux-gnu/libreadline.so.8.0)
==613800==    by 0x10C7C9: malloc_p (protected_methods.c:19)
==613770==    by 0x4884D79: rl_generic_bind (in /usr/lib/x86_64-linux-gnu/libreadline.so.8.0)
==613800==    by 0x10CBCA: lstnew_p (lstnew_p.c:19)
==613770==    by 0x4885F1D: rl_bind_keyseq_if_unbound_in_map (in /usr/lib/x86_64-linux-gnu/libreadline.so.8.0)
==613800==    by 0x10C305: ft_setenv (envp_table.c:64)
==613770==    by 0x4877ED9: ??? (in /usr/lib/x86_64-linux-gnu/libreadline.so.8.0)
==613800==    by 0x10C521: envp_table_init (envp_table.c:127)
==613770==    by 0x4879283: rl_initialize (in /usr/lib/x86_64-linux-gnu/libreadline.so.8.0)
==613800==    by 0x1095D3: init_data (minishell.c:52)
==613770==    by 0x48794AF: readline (in /usr/lib/x86_64-linux-gnu/libreadline.so.8.0)
==613800==    by 0x1094EC: main (minishell.c:25)
==613800== 
==613770==    by 0x109668: minishell_loop (minishell.c:76)
==613770==    by 0x1094F6: main (minishell.c:27)
==613770== 
==613800== 2,032 bytes in 1 blocks are still reachable in loss record 55 of 81
==613800==    at 0x483B7F3: malloc (in /usr/lib/x86_64-linux-gnu/valgrind/vgpreload_memcheck-amd64-linux.so)
==613770== 4,112 bytes in 1 blocks are still reachable in loss record 64 of 77
==613800==    by 0x489F00C: xmalloc (in /usr/lib/x86_64-linux-gnu/libreadline.so.8.0)
==613770==    at 0x483B7F3: malloc (in /usr/lib/x86_64-linux-gnu/valgrind/vgpreload_memcheck-amd64-linux.so)
==613800==    by 0x4894999: _rl_init_terminal_io (in /usr/lib/x86_64-linux-gnu/libreadline.so.8.0)
==613770==    by 0x489F00C: xmalloc (in /usr/lib/x86_64-linux-gnu/libreadline.so.8.0)
==613800==    by 0x48791FF: rl_initialize (in /usr/lib/x86_64-linux-gnu/libreadline.so.8.0)
==613770==    by 0x487DA91: rl_make_bare_keymap (in /usr/lib/x86_64-linux-gnu/libreadline.so.8.0)
==613800==    by 0x48794AF: readline (in /usr/lib/x86_64-linux-gnu/libreadline.so.8.0)
==613770==    by 0x4884D79: rl_generic_bind (in /usr/lib/x86_64-linux-gnu/libreadline.so.8.0)
==613800==    by 0x109668: minishell_loop (minishell.c:76)
==613770==    by 0x4885F1D: rl_bind_keyseq_if_unbound_in_map (in /usr/lib/x86_64-linux-gnu/libreadline.so.8.0)
==613800==    by 0x1094F6: main (minishell.c:27)
==613770==    by 0x4877F72: ??? (in /usr/lib/x86_64-linux-gnu/libreadline.so.8.0)
==613800== 
==613770==    by 0x4879283: rl_initialize (in /usr/lib/x86_64-linux-gnu/libreadline.so.8.0)
==613770==    by 0x48794AF: readline (in /usr/lib/x86_64-linux-gnu/libreadline.so.8.0)
==613800== 2,040 bytes in 1 blocks are still reachable in loss record 56 of 81
==613770==    by 0x109668: minishell_loop (minishell.c:76)
==613800==    at 0x483DD99: calloc (in /usr/lib/x86_64-linux-gnu/valgrind/vgpreload_memcheck-amd64-linux.so)
==613770==    by 0x1094F6: main (minishell.c:27)
==613800==    by 0x10C810: calloc_p (protected_methods.c:29)
==613770== 
==613800==    by 0x10C4B3: envp_table_init (envp_table.c:119)
==613800==    by 0x1095D3: init_data (minishell.c:52)
==613770== 4,112 bytes in 1 blocks are still reachable in loss record 65 of 77
==613800==    by 0x1094EC: main (minishell.c:25)
==613770==    at 0x483B7F3: malloc (in /usr/lib/x86_64-linux-gnu/valgrind/vgpreload_memcheck-amd64-linux.so)
==613800== 
==613770==    by 0x489F00C: xmalloc (in /usr/lib/x86_64-linux-gnu/libreadline.so.8.0)
==613770==    by 0x487DA91: rl_make_bare_keymap (in /usr/lib/x86_64-linux-gnu/libreadline.so.8.0)
==613800== 2,208 bytes in 138 blocks are still reachable in loss record 57 of 81
==613770==    by 0x4884D79: rl_generic_bind (in /usr/lib/x86_64-linux-gnu/libreadline.so.8.0)
==613800==    at 0x483B7F3: malloc (in /usr/lib/x86_64-linux-gnu/valgrind/vgpreload_memcheck-amd64-linux.so)
==613770==    by 0x4885F1D: rl_bind_keyseq_if_unbound_in_map (in /usr/lib/x86_64-linux-gnu/libreadline.so.8.0)
==613800==    by 0x489F00C: xmalloc (in /usr/lib/x86_64-linux-gnu/libreadline.so.8.0)
==613770==    by 0x4877ED9: ??? (in /usr/lib/x86_64-linux-gnu/libreadline.so.8.0)
==613800==    by 0x487D8F0: rl_add_funmap_entry (in /usr/lib/x86_64-linux-gnu/libreadline.so.8.0)
==613770==    by 0x48792A1: rl_initialize (in /usr/lib/x86_64-linux-gnu/libreadline.so.8.0)
==613800==    by 0x487D998: rl_initialize_funmap (in /usr/lib/x86_64-linux-gnu/libreadline.so.8.0)
==613770==    by 0x48794AF: readline (in /usr/lib/x86_64-linux-gnu/libreadline.so.8.0)
==613800==    by 0x487921C: rl_initialize (in /usr/lib/x86_64-linux-gnu/libreadline.so.8.0)
==613770==    by 0x109668: minishell_loop (minishell.c:76)
==613800==    by 0x48794AF: readline (in /usr/lib/x86_64-linux-gnu/libreadline.so.8.0)
==613770==    by 0x1094F6: main (minishell.c:27)
==613800==    by 0x109668: minishell_loop (minishell.c:76)
==613770== 
==613800==    by 0x1094F6: main (minishell.c:27)
==613800== 
==613770== 4,112 bytes in 1 blocks are still reachable in loss record 66 of 77
==613770==    at 0x483B7F3: malloc (in /usr/lib/x86_64-linux-gnu/valgrind/vgpreload_memcheck-amd64-linux.so)
==613800== 2,970 bytes in 78 blocks are still reachable in loss record 58 of 81
==613770==    by 0x489F00C: xmalloc (in /usr/lib/x86_64-linux-gnu/libreadline.so.8.0)
==613800==    at 0x483B7F3: malloc (in /usr/lib/x86_64-linux-gnu/valgrind/vgpreload_memcheck-amd64-linux.so)
==613770==    by 0x487DA91: rl_make_bare_keymap (in /usr/lib/x86_64-linux-gnu/libreadline.so.8.0)
==613800==    by 0x10DA56: ft_calloc (ft_calloc.c:23)
==613770==    by 0x4884D79: rl_generic_bind (in /usr/lib/x86_64-linux-gnu/libreadline.so.8.0)
==613800==    by 0x10C0D6: env_matrix_add (envp_matrix.c:94)
==613770==    by 0x4885F1D: rl_bind_keyseq_if_unbound_in_map (in /usr/lib/x86_64-linux-gnu/libreadline.so.8.0)
==613800==    by 0x10BCAA: update_env_matrix (envp_matrix.c:27)
==613770==    by 0x4877F72: ??? (in /usr/lib/x86_64-linux-gnu/libreadline.so.8.0)
==613800==    by 0x10C341: ft_setenv (envp_table.c:65)
==613770==    by 0x48792A1: rl_initialize (in /usr/lib/x86_64-linux-gnu/libreadline.so.8.0)
==613800==    by 0x10C521: envp_table_init (envp_table.c:127)
==613770==    by 0x48794AF: readline (in /usr/lib/x86_64-linux-gnu/libreadline.so.8.0)
==613800==    by 0x1095D3: init_data (minishell.c:52)
==613770==    by 0x109668: minishell_loop (minishell.c:76)
==613770==    by 0x1094F6: main (minishell.c:27)
==613770== 
==613770== 7,952 bytes in 1 blocks are still reachable in loss record 67 of 77
==613770==    at 0x483DD99: calloc (in /usr/lib/x86_64-linux-gnu/valgrind/vgpreload_memcheck-amd64-linux.so)
==613800==    by 0x1094EC: main (minishell.c:25)
==613770==    by 0x4AB5067: ??? (in /usr/lib/x86_64-linux-gnu/libtinfo.so.6.2)
==613800== 
==613770==    by 0x4AB585F: _nc_find_type_entry (in /usr/lib/x86_64-linux-gnu/libtinfo.so.6.2)
==613770==    by 0x4AB9D9C: tgetstr_sp (in /usr/lib/x86_64-linux-gnu/libtinfo.so.6.2)
==613800== 3,312 bytes in 1 blocks are still reachable in loss record 59 of 81
==613770==    by 0x489479B: _rl_init_terminal_io (in /usr/lib/x86_64-linux-gnu/libreadline.so.8.0)
==613770==    by 0x48791FF: rl_initialize (in /usr/lib/x86_64-linux-gnu/libreadline.so.8.0)
==613800==    at 0x483DD99: calloc (in /usr/lib/x86_64-linux-gnu/valgrind/vgpreload_memcheck-amd64-linux.so)
==613770==    by 0x48794AF: readline (in /usr/lib/x86_64-linux-gnu/libreadline.so.8.0)
==613800==    by 0x4ABF1F8: _nc_read_termtype (in /usr/lib/x86_64-linux-gnu/libtinfo.so.6.2)
==613770==    by 0x109668: minishell_loop (minishell.c:76)
==613800==    by 0x4ABFA8C: ??? (in /usr/lib/x86_64-linux-gnu/libtinfo.so.6.2)
==613770==    by 0x1094F6: main (minishell.c:27)
==613800==    by 0x4ABFE83: ??? (in /usr/lib/x86_64-linux-gnu/libtinfo.so.6.2)
==613770== 
==613800==    by 0x4ABFFB4: _nc_read_entry2 (in /usr/lib/x86_64-linux-gnu/libtinfo.so.6.2)
==613800==    by 0x4AB8AF5: ??? (in /usr/lib/x86_64-linux-gnu/libtinfo.so.6.2)
==613770== 8,224 bytes in 2 blocks are still reachable in loss record 68 of 77
==613800==    by 0x4AB8F04: _nc_setupterm (in /usr/lib/x86_64-linux-gnu/libtinfo.so.6.2)
==613770==    at 0x483B7F3: malloc (in /usr/lib/x86_64-linux-gnu/valgrind/vgpreload_memcheck-amd64-linux.so)
==613800==    by 0x4AB9459: tgetent_sp (in /usr/lib/x86_64-linux-gnu/libtinfo.so.6.2)
==613770==    by 0x489F00C: xmalloc (in /usr/lib/x86_64-linux-gnu/libreadline.so.8.0)
==613800==    by 0x489475B: _rl_init_terminal_io (in /usr/lib/x86_64-linux-gnu/libreadline.so.8.0)
==613770==    by 0x487DA91: rl_make_bare_keymap (in /usr/lib/x86_64-linux-gnu/libreadline.so.8.0)
==613800==    by 0x48791FF: rl_initialize (in /usr/lib/x86_64-linux-gnu/libreadline.so.8.0)
==613770==    by 0x4884D79: rl_generic_bind (in /usr/lib/x86_64-linux-gnu/libreadline.so.8.0)
==613800==    by 0x48794AF: readline (in /usr/lib/x86_64-linux-gnu/libreadline.so.8.0)
==613770==    by 0x4885F1D: rl_bind_keyseq_if_unbound_in_map (in /usr/lib/x86_64-linux-gnu/libreadline.so.8.0)
==613800==    by 0x109668: minishell_loop (minishell.c:76)
==613800== 
==613770==    by 0x4877F63: ??? (in /usr/lib/x86_64-linux-gnu/libreadline.so.8.0)
==613770==    by 0x4879274: rl_initialize (in /usr/lib/x86_64-linux-gnu/libreadline.so.8.0)
==613800== 3,312 bytes in 1 blocks are still reachable in loss record 60 of 81
==613770==    by 0x48794AF: readline (in /usr/lib/x86_64-linux-gnu/libreadline.so.8.0)
==613800==    at 0x483B7F3: malloc (in /usr/lib/x86_64-linux-gnu/valgrind/vgpreload_memcheck-amd64-linux.so)
==613770==    by 0x109668: minishell_loop (minishell.c:76)
==613800==    by 0x4AB426F: ??? (in /usr/lib/x86_64-linux-gnu/libtinfo.so.6.2)
==613770==    by 0x1094F6: main (minishell.c:27)
==613800==    by 0x4AB8F1B: _nc_setupterm (in /usr/lib/x86_64-linux-gnu/libtinfo.so.6.2)
==613770== 
==613800==    by 0x4AB9459: tgetent_sp (in /usr/lib/x86_64-linux-gnu/libtinfo.so.6.2)
==613800==    by 0x489475B: _rl_init_terminal_io (in /usr/lib/x86_64-linux-gnu/libreadline.so.8.0)
==613770== 8,224 bytes in 2 blocks are still reachable in loss record 69 of 77
==613800==    by 0x48791FF: rl_initialize (in /usr/lib/x86_64-linux-gnu/libreadline.so.8.0)
==613770==    at 0x483B7F3: malloc (in /usr/lib/x86_64-linux-gnu/valgrind/vgpreload_memcheck-amd64-linux.so)
==613800==    by 0x48794AF: readline (in /usr/lib/x86_64-linux-gnu/libreadline.so.8.0)
==613770==    by 0x489F00C: xmalloc (in /usr/lib/x86_64-linux-gnu/libreadline.so.8.0)
==613800==    by 0x109668: minishell_loop (minishell.c:76)
==613770==    by 0x487DA91: rl_make_bare_keymap (in /usr/lib/x86_64-linux-gnu/libreadline.so.8.0)
==613800==    by 0x1094F6: main (minishell.c:27)
==613770==    by 0x4884D79: rl_generic_bind (in /usr/lib/x86_64-linux-gnu/libreadline.so.8.0)
==613800== 
==613770==    by 0x4885F1D: rl_bind_keyseq_if_unbound_in_map (in /usr/lib/x86_64-linux-gnu/libreadline.so.8.0)
==613770==    by 0x4877E55: ??? (in /usr/lib/x86_64-linux-gnu/libreadline.so.8.0)
==613800== 4,016 bytes in 1 blocks are still reachable in loss record 61 of 81
==613770==    by 0x4879283: rl_initialize (in /usr/lib/x86_64-linux-gnu/libreadline.so.8.0)
==613800==    at 0x483B7F3: malloc (in /usr/lib/x86_64-linux-gnu/valgrind/vgpreload_memcheck-amd64-linux.so)
==613770==    by 0x48794AF: readline (in /usr/lib/x86_64-linux-gnu/libreadline.so.8.0)
==613800==    by 0x489F00C: xmalloc (in /usr/lib/x86_64-linux-gnu/libreadline.so.8.0)
==613770==    by 0x109668: minishell_loop (minishell.c:76)
==613800==    by 0x4898A5B: add_history (in /usr/lib/x86_64-linux-gnu/libreadline.so.8.0)
==613770==    by 0x1094F6: main (minishell.c:27)
==613800==    by 0x10969B: minishell_loop (minishell.c:81)
==613770== 
==613800==    by 0x1094F6: main (minishell.c:27)
==613800== 
==613770== 8,224 bytes in 2 blocks are still reachable in loss record 70 of 77
==613800== 4,080 bytes in 1 blocks are still reachable in loss record 62 of 81
==613770==    at 0x483B7F3: malloc (in /usr/lib/x86_64-linux-gnu/valgrind/vgpreload_memcheck-amd64-linux.so)
==613800==    at 0x483B7F3: malloc (in /usr/lib/x86_64-linux-gnu/valgrind/vgpreload_memcheck-amd64-linux.so)
==613770==    by 0x489F00C: xmalloc (in /usr/lib/x86_64-linux-gnu/libreadline.so.8.0)
==613800==    by 0x489F00C: xmalloc (in /usr/lib/x86_64-linux-gnu/libreadline.so.8.0)
==613770==    by 0x487DA91: rl_make_bare_keymap (in /usr/lib/x86_64-linux-gnu/libreadline.so.8.0)
==613800==    by 0x48949B9: _rl_init_terminal_io (in /usr/lib/x86_64-linux-gnu/libreadline.so.8.0)
==613770==    by 0x4884D79: rl_generic_bind (in /usr/lib/x86_64-linux-gnu/libreadline.so.8.0)
==613800==    by 0x48791FF: rl_initialize (in /usr/lib/x86_64-linux-gnu/libreadline.so.8.0)
==613770==    by 0x4885F1D: rl_bind_keyseq_if_unbound_in_map (in /usr/lib/x86_64-linux-gnu/libreadline.so.8.0)
==613800==    by 0x48794AF: readline (in /usr/lib/x86_64-linux-gnu/libreadline.so.8.0)
==613770==    by 0x4877E55: ??? (in /usr/lib/x86_64-linux-gnu/libreadline.so.8.0)
==613800==    by 0x109668: minishell_loop (minishell.c:76)
==613770==    by 0x48792A1: rl_initialize (in /usr/lib/x86_64-linux-gnu/libreadline.so.8.0)
==613800==    by 0x1094F6: main (minishell.c:27)
==613770==    by 0x48794AF: readline (in /usr/lib/x86_64-linux-gnu/libreadline.so.8.0)
==613800== 
==613770==    by 0x109668: minishell_loop (minishell.c:76)
==613800== 4,112 bytes in 1 blocks are still reachable in loss record 63 of 81
==613770==    by 0x1094F6: main (minishell.c:27)
==613800==    at 0x483B7F3: malloc (in /usr/lib/x86_64-linux-gnu/valgrind/vgpreload_memcheck-amd64-linux.so)
==613770== 
==613800==    by 0x489F00C: xmalloc (in /usr/lib/x86_64-linux-gnu/libreadline.so.8.0)
==613800==    by 0x487DA91: rl_make_bare_keymap (in /usr/lib/x86_64-linux-gnu/libreadline.so.8.0)
==613770== 8,224 bytes in 2 blocks are still reachable in loss record 71 of 77
==613800==    by 0x4884D79: rl_generic_bind (in /usr/lib/x86_64-linux-gnu/libreadline.so.8.0)
==613770==    at 0x483B7F3: malloc (in /usr/lib/x86_64-linux-gnu/valgrind/vgpreload_memcheck-amd64-linux.so)
==613800==    by 0x4885F1D: rl_bind_keyseq_if_unbound_in_map (in /usr/lib/x86_64-linux-gnu/libreadline.so.8.0)
==613770==    by 0x489F00C: xmalloc (in /usr/lib/x86_64-linux-gnu/libreadline.so.8.0)
==613800==    by 0x4877ED9: ??? (in /usr/lib/x86_64-linux-gnu/libreadline.so.8.0)
==613770==    by 0x487DA91: rl_make_bare_keymap (in /usr/lib/x86_64-linux-gnu/libreadline.so.8.0)
==613800==    by 0x4879274: rl_initialize (in /usr/lib/x86_64-linux-gnu/libreadline.so.8.0)
==613770==    by 0x4884D79: rl_generic_bind (in /usr/lib/x86_64-linux-gnu/libreadline.so.8.0)
==613800==    by 0x48794AF: readline (in /usr/lib/x86_64-linux-gnu/libreadline.so.8.0)
==613800==    by 0x109668: minishell_loop (minishell.c:76)
==613800==    by 0x1094F6: main (minishell.c:27)
==613800== 
==613800== 4,112 bytes in 1 blocks are still reachable in loss record 64 of 81
==613800==    at 0x483B7F3: malloc (in /usr/lib/x86_64-linux-gnu/valgrind/vgpreload_memcheck-amd64-linux.so)
==613800==    by 0x489F00C: xmalloc (in /usr/lib/x86_64-linux-gnu/libreadline.so.8.0)
==613800==    by 0x487DA91: rl_make_bare_keymap (in /usr/lib/x86_64-linux-gnu/libreadline.so.8.0)
==613770==    by 0x4885F1D: rl_bind_keyseq_if_unbound_in_map (in /usr/lib/x86_64-linux-gnu/libreadline.so.8.0)
==613770==    by 0x48792BF: rl_initialize (in /usr/lib/x86_64-linux-gnu/libreadline.so.8.0)
==613770==    by 0x48794AF: readline (in /usr/lib/x86_64-linux-gnu/libreadline.so.8.0)
==613800==    by 0x4884D79: rl_generic_bind (in /usr/lib/x86_64-linux-gnu/libreadline.so.8.0)
==613770==    by 0x109668: minishell_loop (minishell.c:76)
