==613706==    at 0x483B7F3: malloc (in /usr/lib/x86_64-linux-gnu/valgrind/vgpreload_memcheck-amd64-linux.so)
==613800==    by 0x4898760: alloc_history_entry (in /usr/lib/x86_64-linux-gnu/libreadline.so.8.0)
==613706==    by 0x10C7C9: malloc_p (protected_methods.c:19)
==613770==    by 0x1096B7: minishell_loop (minishell.c:83)
==613706==    by 0x10C03A: env_matrix_add (envp_matrix.c:89)
==613800==    by 0x4898A04: add_history (in /usr/lib/x86_64-linux-gnu/libreadline.so.8.0)
==613770==    by 0x1094F6: main (minishell.c:27)
==613706==    by 0x10BCAA: update_env_matrix (envp_matrix.c:27)
==613800==    by 0x10969B: minishell_loop (minishell.c:81)
==613706==    by 0x10C341: ft_setenv (envp_table.c:65)
==613770== 
==613800==    by 0x1094F6: main (minishell.c:27)
==613706==    by 0x10C521: envp_table_init (envp_table.c:127)
==613800== 
==613706==    by 0x1095D3: init_data (minishell.c:52)
==613706==    by 0x1094EC: main (minishell.c:25)
==613706== 
==613770== 32 bytes in 1 blocks are indirectly lost in loss record 26 of 77
==613800== 16 bytes in 1 blocks are indirectly lost in loss record 14 of 81
==613770==    at 0x483B7F3: malloc (in /usr/lib/x86_64-linux-gnu/valgrind/vgpreload_memcheck-amd64-linux.so)
==613800==    at 0x483B7F3: malloc (in /usr/lib/x86_64-linux-gnu/valgrind/vgpreload_memcheck-amd64-linux.so)
==613770==    by 0x10C7C9: malloc_p (protected_methods.c:19)
==613706== 1,024 bytes in 1 blocks are still reachable in loss record 41 of 74
==613800==    by 0x10C7C9: malloc_p (protected_methods.c:19)
==613706==    at 0x483B7F3: malloc (in /usr/lib/x86_64-linux-gnu/valgrind/vgpreload_memcheck-amd64-linux.so)
==613770==    by 0x10D692: treenew_p (treenew_p.c:19)
==613800==    by 0x10A529: init_cmd (parser.c:99)
==613706==    by 0x489F00C: xmalloc (in /usr/lib/x86_64-linux-gnu/libreadline.so.8.0)
==613770==    by 0x10A36B: fill_tree (parser.c:59)
==613800==    by 0x10A353: fill_tree (parser.c:59)
==613770==    by 0x10A477: fill_tree (parser.c:70)
==613800==    by 0x10A2C6: parser (parser.c:39)
==613770==    by 0x10A2C6: parser (parser.c:39)
==613706==    by 0x4889B8A: ??? (in /usr/lib/x86_64-linux-gnu/libreadline.so.8.0)
==613800==    by 0x1096B7: minishell_loop (minishell.c:83)
==613706==    by 0x488F0E6: rl_redisplay (in /usr/lib/x86_64-linux-gnu/libreadline.so.8.0)
==613770==    by 0x1096B7: minishell_loop (minishell.c:83)
==613800==    by 0x1094F6: main (minishell.c:27)
==613706==    by 0x48780F6: readline_internal_setup (in /usr/lib/x86_64-linux-gnu/libreadline.so.8.0)
==613770==    by 0x1094F6: main (minishell.c:27)
==613800== 
==613706==    by 0x48794D3: readline (in /usr/lib/x86_64-linux-gnu/libreadline.so.8.0)
==613770== 
==613706==    by 0x109668: minishell_loop (minishell.c:76)
==613800== 16 bytes in 1 blocks are indirectly lost in loss record 15 of 81
==613706==    by 0x1094F6: main (minishell.c:27)
==613800==    at 0x483B7F3: malloc (in /usr/lib/x86_64-linux-gnu/valgrind/vgpreload_memcheck-amd64-linux.so)
==613770== 33 bytes in 1 blocks are still reachable in loss record 27 of 77
==613706== 
==613800==    by 0x10C7C9: malloc_p (protected_methods.c:19)
==613800==    by 0x10A1A2: lexer_add_token (lexer.c:57)
==613706== 1,024 bytes in 1 blocks are still reachable in loss record 42 of 74
==613770==    at 0x483B7F3: malloc (in /usr/lib/x86_64-linux-gnu/valgrind/vgpreload_memcheck-amd64-linux.so)
==613706==    at 0x483B7F3: malloc (in /usr/lib/x86_64-linux-gnu/valgrind/vgpreload_memcheck-amd64-linux.so)
==613770==    by 0x4ABEFF2: _nc_read_termtype (in /usr/lib/x86_64-linux-gnu/libtinfo.so.6.2)
==613706==    by 0x489F00C: xmalloc (in /usr/lib/x86_64-linux-gnu/libreadline.so.8.0)
==613800==    by 0x10A0CB: lexer (lexer.c:36)
==613770==    by 0x4ABFA8C: ??? (in /usr/lib/x86_64-linux-gnu/libtinfo.so.6.2)
==613706==    by 0x4889BA0: ??? (in /usr/lib/x86_64-linux-gnu/libreadline.so.8.0)
==613800==    by 0x1096A7: minishell_loop (minishell.c:82)
==613770==    by 0x4ABFE83: ??? (in /usr/lib/x86_64-linux-gnu/libtinfo.so.6.2)
==613706==    by 0x488F0E6: rl_redisplay (in /usr/lib/x86_64-linux-gnu/libreadline.so.8.0)
==613800==    by 0x1094F6: main (minishell.c:27)
==613770==    by 0x4ABFFB4: _nc_read_entry2 (in /usr/lib/x86_64-linux-gnu/libtinfo.so.6.2)
==613706==    by 0x48780F6: readline_internal_setup (in /usr/lib/x86_64-linux-gnu/libreadline.so.8.0)
==613800== 
==613770==    by 0x4AB8AF5: ??? (in /usr/lib/x86_64-linux-gnu/libtinfo.so.6.2)
==613706==    by 0x48794D3: readline (in /usr/lib/x86_64-linux-gnu/libreadline.so.8.0)
==613770==    by 0x4AB8F04: _nc_setupterm (in /usr/lib/x86_64-linux-gnu/libtinfo.so.6.2)
==613800== 16 bytes in 1 blocks are indirectly lost in loss record 16 of 81
==613706==    by 0x109668: minishell_loop (minishell.c:76)
==613800==    at 0x483B7F3: malloc (in /usr/lib/x86_64-linux-gnu/valgrind/vgpreload_memcheck-amd64-linux.so)
==613770==    by 0x4AB9459: tgetent_sp (in /usr/lib/x86_64-linux-gnu/libtinfo.so.6.2)
==613706==    by 0x1094F6: main (minishell.c:27)
==613800==    by 0x10C7C9: malloc_p (protected_methods.c:19)
==613770==    by 0x489475B: _rl_init_terminal_io (in /usr/lib/x86_64-linux-gnu/libreadline.so.8.0)
==613706== 
==613800==    by 0x10A529: init_cmd (parser.c:99)
==613770==    by 0x48791FF: rl_initialize (in /usr/lib/x86_64-linux-gnu/libreadline.so.8.0)
==613800==    by 0x10A435: fill_tree (parser.c:69)
==613706== 1,024 bytes in 1 blocks are still reachable in loss record 43 of 74
==613770==    by 0x48794AF: readline (in /usr/lib/x86_64-linux-gnu/libreadline.so.8.0)
==613706==    at 0x483B7F3: malloc (in /usr/lib/x86_64-linux-gnu/valgrind/vgpreload_memcheck-amd64-linux.so)
==613800==    by 0x10A2C6: parser (parser.c:39)
==613770==    by 0x109668: minishell_loop (minishell.c:76)
==613706==    by 0x489F00C: xmalloc (in /usr/lib/x86_64-linux-gnu/libreadline.so.8.0)
==613800==    by 0x1096B7: minishell_loop (minishell.c:83)
==613770== 
==613706==    by 0x4889BE8: ??? (in /usr/lib/x86_64-linux-gnu/libreadline.so.8.0)
==613800==    by 0x1094F6: main (minishell.c:27)
==613706==    by 0x488F0E6: rl_redisplay (in /usr/lib/x86_64-linux-gnu/libreadline.so.8.0)
==613800== 
==613770== 36 bytes in 3 blocks are still reachable in loss record 28 of 77
==613706==    by 0x48780F6: readline_internal_setup (in /usr/lib/x86_64-linux-gnu/libreadline.so.8.0)
==613770==    at 0x483B7F3: malloc (in /usr/lib/x86_64-linux-gnu/valgrind/vgpreload_memcheck-amd64-linux.so)
==613800== 16 bytes in 1 blocks are indirectly lost in loss record 17 of 81
==613706==    by 0x48794D3: readline (in /usr/lib/x86_64-linux-gnu/libreadline.so.8.0)
==613800==    at 0x483B7F3: malloc (in /usr/lib/x86_64-linux-gnu/valgrind/vgpreload_memcheck-amd64-linux.so)
==613770==    by 0x489F00C: xmalloc (in /usr/lib/x86_64-linux-gnu/libreadline.so.8.0)
==613706==    by 0x109668: minishell_loop (minishell.c:76)
==613770==    by 0x48989E2: add_history (in /usr/lib/x86_64-linux-gnu/libreadline.so.8.0)
==613800==    by 0x10C7C9: malloc_p (protected_methods.c:19)
==613706==    by 0x1094F6: main (minishell.c:27)
==613770==    by 0x10969B: minishell_loop (minishell.c:81)
==613800==    by 0x10A529: init_cmd (parser.c:99)
==613706== 
==613770==    by 0x1094F6: main (minishell.c:27)
==613770== 
==613706== 1,024 bytes in 1 blocks are still reachable in loss record 44 of 74
==613706==    at 0x483B7F3: malloc (in /usr/lib/x86_64-linux-gnu/valgrind/vgpreload_memcheck-amd64-linux.so)
==613770== 40 bytes in 1 blocks are still reachable in loss record 29 of 77
==613706==    by 0x489F00C: xmalloc (in /usr/lib/x86_64-linux-gnu/libreadline.so.8.0)
==613770==    at 0x483DD99: calloc (in /usr/lib/x86_64-linux-gnu/valgrind/vgpreload_memcheck-amd64-linux.so)
==613800==    by 0x10A353: fill_tree (parser.c:59)
==613770==    by 0x4AB5F2B: _nc_first_db (in /usr/lib/x86_64-linux-gnu/libtinfo.so.6.2)
==613800==    by 0x10A477: fill_tree (parser.c:70)
==613706==    by 0x4889C07: ??? (in /usr/lib/x86_64-linux-gnu/libreadline.so.8.0)
==613770==    by 0x4ABFF8E: _nc_read_entry2 (in /usr/lib/x86_64-linux-gnu/libtinfo.so.6.2)
==613800==    by 0x10A2C6: parser (parser.c:39)
==613706==    by 0x488F0E6: rl_redisplay (in /usr/lib/x86_64-linux-gnu/libreadline.so.8.0)
==613770==    by 0x4AB8AF5: ??? (in /usr/lib/x86_64-linux-gnu/libtinfo.so.6.2)
==613800==    by 0x1096B7: minishell_loop (minishell.c:83)
==613706==    by 0x48780F6: readline_internal_setup (in /usr/lib/x86_64-linux-gnu/libreadline.so.8.0)
==613770==    by 0x4AB8F04: _nc_setupterm (in /usr/lib/x86_64-linux-gnu/libtinfo.so.6.2)
==613800==    by 0x1094F6: main (minishell.c:27)
==613706==    by 0x48794D3: readline (in /usr/lib/x86_64-linux-gnu/libreadline.so.8.0)
==613770==    by 0x4AB9459: tgetent_sp (in /usr/lib/x86_64-linux-gnu/libtinfo.so.6.2)
==613800== 
==613706==    by 0x109668: minishell_loop (minishell.c:76)
==613770==    by 0x489475B: _rl_init_terminal_io (in /usr/lib/x86_64-linux-gnu/libreadline.so.8.0)
==613706==    by 0x1094F6: main (minishell.c:27)
==613800== 20 bytes in 1 blocks are still reachable in loss record 18 of 81
==613770==    by 0x48791FF: rl_initialize (in /usr/lib/x86_64-linux-gnu/libreadline.so.8.0)
==613706== 
==613800==    at 0x483B7F3: malloc (in /usr/lib/x86_64-linux-gnu/valgrind/vgpreload_memcheck-amd64-linux.so)
==613770==    by 0x48794AF: readline (in /usr/lib/x86_64-linux-gnu/libreadline.so.8.0)
==613800==    by 0x489F00C: xmalloc (in /usr/lib/x86_64-linux-gnu/libreadline.so.8.0)
==613706== 1,024 bytes in 1 blocks are still reachable in loss record 45 of 74
==613770==    by 0x109668: minishell_loop (minishell.c:76)
==613800==    by 0x489D56E: sh_get_home_dir (in /usr/lib/x86_64-linux-gnu/libreadline.so.8.0)
==613706==    at 0x483B7F3: malloc (in /usr/lib/x86_64-linux-gnu/valgrind/vgpreload_memcheck-amd64-linux.so)
==613770==    by 0x1094F6: main (minishell.c:27)
==613800==    by 0x489E094: tilde_expand_word (in /usr/lib/x86_64-linux-gnu/libreadline.so.8.0)
==613706==    by 0x489F00C: xmalloc (in /usr/lib/x86_64-linux-gnu/libreadline.so.8.0)
==613770== 
==613800==    by 0x489E2B9: tilde_expand (in /usr/lib/x86_64-linux-gnu/libreadline.so.8.0)
==613706==    by 0x4889C1F: ??? (in /usr/lib/x86_64-linux-gnu/libreadline.so.8.0)
==613800==    by 0x4886B3A: ??? (in /usr/lib/x86_64-linux-gnu/libreadline.so.8.0)
==613706==    by 0x488F0E6: rl_redisplay (in /usr/lib/x86_64-linux-gnu/libreadline.so.8.0)
==613770== 44 bytes in 1 blocks are still reachable in loss record 30 of 77
==613800==    by 0x4886DCF: rl_read_init_file (in /usr/lib/x86_64-linux-gnu/libreadline.so.8.0)
==613706==    by 0x48780F6: readline_internal_setup (in /usr/lib/x86_64-linux-gnu/libreadline.so.8.0)
==613770==    at 0x483DD99: calloc (in /usr/lib/x86_64-linux-gnu/valgrind/vgpreload_memcheck-amd64-linux.so)
==613800==    by 0x4879228: rl_initialize (in /usr/lib/x86_64-linux-gnu/libreadline.so.8.0)
==613706==    by 0x48794D3: readline (in /usr/lib/x86_64-linux-gnu/libreadline.so.8.0)
==613770==    by 0x4ABF0A8: _nc_read_termtype (in /usr/lib/x86_64-linux-gnu/libtinfo.so.6.2)
==613800==    by 0x48794AF: readline (in /usr/lib/x86_64-linux-gnu/libreadline.so.8.0)
==613706==    by 0x109668: minishell_loop (minishell.c:76)
==613800==    by 0x109668: minishell_loop (minishell.c:76)
==613770==    by 0x4ABFA8C: ??? (in /usr/lib/x86_64-linux-gnu/libtinfo.so.6.2)
==613706==    by 0x1094F6: main (minishell.c:27)
==613800==    by 0x1094F6: main (minishell.c:27)
==613770==    by 0x4ABFE83: ??? (in /usr/lib/x86_64-linux-gnu/libtinfo.so.6.2)
==613706== 
==613800== 
==613770==    by 0x4ABFFB4: _nc_read_entry2 (in /usr/lib/x86_64-linux-gnu/libtinfo.so.6.2)
==613706== 1,024 bytes in 1 blocks are still reachable in loss record 46 of 74
==613800== 20 bytes in 1 blocks are still reachable in loss record 19 of 81
==613770==    by 0x4AB8AF5: ??? (in /usr/lib/x86_64-linux-gnu/libtinfo.so.6.2)
==613706==    at 0x483B7F3: malloc (in /usr/lib/x86_64-linux-gnu/valgrind/vgpreload_memcheck-amd64-linux.so)
==613800==    at 0x483B7F3: malloc (in /usr/lib/x86_64-linux-gnu/valgrind/vgpreload_memcheck-amd64-linux.so)
==613770==    by 0x4AB8F04: _nc_setupterm (in /usr/lib/x86_64-linux-gnu/libtinfo.so.6.2)
==613706==    by 0x489F00C: xmalloc (in /usr/lib/x86_64-linux-gnu/libreadline.so.8.0)
==613800==    by 0x489F00C: xmalloc (in /usr/lib/x86_64-linux-gnu/libreadline.so.8.0)
==613770==    by 0x4AB9459: tgetent_sp (in /usr/lib/x86_64-linux-gnu/libtinfo.so.6.2)
==613706==    by 0x4889C37: ??? (in /usr/lib/x86_64-linux-gnu/libreadline.so.8.0)
==613800==    by 0x48879D3: ??? (in /usr/lib/x86_64-linux-gnu/libreadline.so.8.0)
==613770==    by 0x489475B: _rl_init_terminal_io (in /usr/lib/x86_64-linux-gnu/libreadline.so.8.0)
==613706==    by 0x488F0E6: rl_redisplay (in /usr/lib/x86_64-linux-gnu/libreadline.so.8.0)
==613770==    by 0x48791FF: rl_initialize (in /usr/lib/x86_64-linux-gnu/libreadline.so.8.0)
==613706==    by 0x48780F6: readline_internal_setup (in /usr/lib/x86_64-linux-gnu/libreadline.so.8.0)
==613770==    by 0x48794AF: readline (in /usr/lib/x86_64-linux-gnu/libreadline.so.8.0)
==613706==    by 0x48794D3: readline (in /usr/lib/x86_64-linux-gnu/libreadline.so.8.0)
==613770==    by 0x109668: minishell_loop (minishell.c:76)
==613706==    by 0x109668: minishell_loop (minishell.c:76)
==613770== 
==613800==    by 0x4886818: rl_parse_and_bind (in /usr/lib/x86_64-linux-gnu/libreadline.so.8.0)
==613800==    by 0x4886C6C: ??? (in /usr/lib/x86_64-linux-gnu/libreadline.so.8.0)
==613800==    by 0x4879228: rl_initialize (in /usr/lib/x86_64-linux-gnu/libreadline.so.8.0)
==613800==    by 0x48794AF: readline (in /usr/lib/x86_64-linux-gnu/libreadline.so.8.0)
==613800==    by 0x109668: minishell_loop (minishell.c:76)
==613800==    by 0x1094F6: main (minishell.c:27)
==613800== 
==613800== 24 bytes in 1 blocks are still reachable in loss record 20 of 81
==613800==    at 0x483B7F3: malloc (in /usr/lib/x86_64-linux-gnu/valgrind/vgpreload_memcheck-amd64-linux.so)
==613800==    by 0x10C7C9: malloc_p (protected_methods.c:19)
==613800==    by 0x10CBCA: lstnew_p (lstnew_p.c:19)
==613800==    by 0x10A16E: lexer_add_cmd (lexer.c:50)
==613800==    by 0x10A099: lexer (lexer.c:33)
==613800==    by 0x1096A7: minishell_loop (minishell.c:82)
==613800==    by 0x1094F6: main (minishell.c:27)
==613800== 
==613800== 24 bytes in 1 blocks are indirectly lost in loss record 21 of 81
==613800==    at 0x483B7F3: malloc (in /usr/lib/x86_64-linux-gnu/valgrind/vgpreload_memcheck-amd64-linux.so)
==613800==    by 0x10C7C9: malloc_p (protected_methods.c:19)
==613706==    by 0x1094F6: main (minishell.c:27)
==613800==    by 0x10CBCA: lstnew_p (lstnew_p.c:19)
==613706== 
==613706== 1,248 bytes in 78 blocks are still reachable in loss record 47 of 74
==613800==    by 0x10A16E: lexer_add_cmd (lexer.c:50)
==613706==    at 0x483B7F3: malloc (in /usr/lib/x86_64-linux-gnu/valgrind/vgpreload_memcheck-amd64-linux.so)
==613800==    by 0x10A099: lexer (lexer.c:33)
==613706==    by 0x10C7C9: malloc_p (protected_methods.c:19)
==613800==    by 0x1096A7: minishell_loop (minishell.c:82)
==613706==    by 0x10C255: ft_setenv (envp_table.c:47)
==613800==    by 0x1094F6: main (minishell.c:27)
==613706==    by 0x10C521: envp_table_init (envp_table.c:127)
==613800== 
==613706==    by 0x1095D3: init_data (minishell.c:52)
==613706==    by 0x1094EC: main (minishell.c:25)
==613706== 
==613800== 24 bytes in 1 blocks are indirectly lost in loss record 22 of 81
==613800==    at 0x483B7F3: malloc (in /usr/lib/x86_64-linux-gnu/valgrind/vgpreload_memcheck-amd64-linux.so)
==613706== 1,536 bytes in 1 blocks are still reachable in loss record 48 of 74
==613800==    by 0x10C7C9: malloc_p (protected_methods.c:19)
==613706==    at 0x483DFAF: realloc (in /usr/lib/x86_64-linux-gnu/valgrind/vgpreload_memcheck-amd64-linux.so)
==613770== 44 bytes in 1 blocks are still reachable in loss record 31 of 77
==613800==    by 0x10CBCA: lstnew_p (lstnew_p.c:19)
==613706==    by 0x489F041: xrealloc (in /usr/lib/x86_64-linux-gnu/libreadline.so.8.0)
==613800==    by 0x10A1C8: lexer_add_token (lexer.c:60)
==613706==    by 0x487D944: rl_add_funmap_entry (in /usr/lib/x86_64-linux-gnu/libreadline.so.8.0)
==613770==    at 0x483B7F3: malloc (in /usr/lib/x86_64-linux-gnu/valgrind/vgpreload_memcheck-amd64-linux.so)
==613800==    by 0x10A0CB: lexer (lexer.c:36)
==613706==    by 0x487D998: rl_initialize_funmap (in /usr/lib/x86_64-linux-gnu/libreadline.so.8.0)
==613770==    by 0x4AB424E: ??? (in /usr/lib/x86_64-linux-gnu/libtinfo.so.6.2)
==613800==    by 0x1096A7: minishell_loop (minishell.c:82)
==613770==    by 0x4AB8F1B: _nc_setupterm (in /usr/lib/x86_64-linux-gnu/libtinfo.so.6.2)
==613706==    by 0x487921C: rl_initialize (in /usr/lib/x86_64-linux-gnu/libreadline.so.8.0)
==613800==    by 0x1094F6: main (minishell.c:27)
==613770==    by 0x4AB9459: tgetent_sp (in /usr/lib/x86_64-linux-gnu/libtinfo.so.6.2)
==613706==    by 0x48794AF: readline (in /usr/lib/x86_64-linux-gnu/libreadline.so.8.0)
==613800== 
==613770==    by 0x489475B: _rl_init_terminal_io (in /usr/lib/x86_64-linux-gnu/libreadline.so.8.0)
==613706==    by 0x109668: minishell_loop (minishell.c:76)
==613770==    by 0x48791FF: rl_initialize (in /usr/lib/x86_64-linux-gnu/libreadline.so.8.0)
==613800== 32 bytes in 1 blocks are still reachable in loss record 23 of 81
==613706==    by 0x1094F6: main (minishell.c:27)
==613800==    at 0x483B7F3: malloc (in /usr/lib/x86_64-linux-gnu/valgrind/vgpreload_memcheck-amd64-linux.so)
==613770==    by 0x48794AF: readline (in /usr/lib/x86_64-linux-gnu/libreadline.so.8.0)
==613706== 
==613800==    by 0x10C7C9: malloc_p (protected_methods.c:19)
==613770==    by 0x109668: minishell_loop (minishell.c:76)
==613800==    by 0x10D692: treenew_p (treenew_p.c:19)
==613706== 1,872 bytes in 78 blocks are still reachable in loss record 49 of 74
==613770==    by 0x1094F6: main (minishell.c:27)
==613800==    by 0x10A2A8: parser (parser.c:38)
==613706==    at 0x483B7F3: malloc (in /usr/lib/x86_64-linux-gnu/valgrind/vgpreload_memcheck-amd64-linux.so)
==613770== 
==613800==    by 0x1096B7: minishell_loop (minishell.c:83)
==613706==    by 0x10C7C9: malloc_p (protected_methods.c:19)
==613800==    by 0x1094F6: main (minishell.c:27)
==613706==    by 0x10CBCA: lstnew_p (lstnew_p.c:19)
==613800== 
==613706==    by 0x10C305: ft_setenv (envp_table.c:64)
==613770== 48 bytes in 3 blocks are indirectly lost in loss record 32 of 77
==613706==    by 0x10C521: envp_table_init (envp_table.c:127)
==613800== 32 bytes in 1 blocks are still reachable in loss record 24 of 81
==613770==    at 0x483B7F3: malloc (in /usr/lib/x86_64-linux-gnu/valgrind/vgpreload_memcheck-amd64-linux.so)
==613706==    by 0x1095D3: init_data (minishell.c:52)
==613770==    by 0x10C7C9: malloc_p (protected_methods.c:19)
==613800==    at 0x483B7F3: malloc (in /usr/lib/x86_64-linux-gnu/valgrind/vgpreload_memcheck-amd64-linux.so)
==613706==    by 0x1094EC: main (minishell.c:25)
==613770==    by 0x10A121: lexer_add_cmd (lexer.c:46)
==613800==    by 0x10C7C9: malloc_p (protected_methods.c:19)
==613706== 
==613770==    by 0x10A099: lexer (lexer.c:33)
==613800==    by 0x10D692: treenew_p (treenew_p.c:19)
==613770==    by 0x1096A7: minishell_loop (minishell.c:82)
==613706== 2,032 bytes in 1 blocks are still reachable in loss record 50 of 74
==613800==    by 0x10A36B: fill_tree (parser.c:59)
==613770==    by 0x1094F6: main (minishell.c:27)
==613706==    at 0x483B7F3: malloc (in /usr/lib/x86_64-linux-gnu/valgrind/vgpreload_memcheck-amd64-linux.so)
==613800==    by 0x10A2C6: parser (parser.c:39)
==613770== 
==613706==    by 0x489F00C: xmalloc (in /usr/lib/x86_64-linux-gnu/libreadline.so.8.0)
==613800==    by 0x1096B7: minishell_loop (minishell.c:83)
==613706==    by 0x4894999: _rl_init_terminal_io (in /usr/lib/x86_64-linux-gnu/libreadline.so.8.0)
==613800==    by 0x1094F6: main (minishell.c:27)
==613770== 63 bytes in 1 blocks are still reachable in loss record 33 of 77
==613706==    by 0x48791FF: rl_initialize (in /usr/lib/x86_64-linux-gnu/libreadline.so.8.0)
==613800== 
==613770==    at 0x483B7F3: malloc (in /usr/lib/x86_64-linux-gnu/valgrind/vgpreload_memcheck-amd64-linux.so)
==613706==    by 0x48794AF: readline (in /usr/lib/x86_64-linux-gnu/libreadline.so.8.0)
==613770==    by 0x489F00C: xmalloc (in /usr/lib/x86_64-linux-gnu/libreadline.so.8.0)
==613800== 32 bytes in 1 blocks are indirectly lost in loss record 25 of 81
==613706==    by 0x109668: minishell_loop (minishell.c:76)
==613770==    by 0x4878010: rl_set_prompt (in /usr/lib/x86_64-linux-gnu/libreadline.so.8.0)
==613800==    at 0x483B7F3: malloc (in /usr/lib/x86_64-linux-gnu/valgrind/vgpreload_memcheck-amd64-linux.so)
==613706==    by 0x1094F6: main (minishell.c:27)
==613770==    by 0x48794AA: readline (in /usr/lib/x86_64-linux-gnu/libreadline.so.8.0)
==613800==    by 0x10C7C9: malloc_p (protected_methods.c:19)
==613706== 
==613770==    by 0x109668: minishell_loop (minishell.c:76)
==613800==    by 0x10D692: treenew_p (treenew_p.c:19)
==613770==    by 0x1094F6: main (minishell.c:27)
==613706== 2,040 bytes in 1 blocks are still reachable in loss record 51 of 74
==613800==    by 0x10A36B: fill_tree (parser.c:59)
==613770== 
==613706==    at 0x483DD99: calloc (in /usr/lib/x86_64-linux-gnu/valgrind/vgpreload_memcheck-amd64-linux.so)
==613800==    by 0x10A2C6: parser (parser.c:39)
==613706==    by 0x10C810: calloc_p (protected_methods.c:29)
==613770== 63 bytes in 1 blocks are still reachable in loss record 34 of 77
==613800==    by 0x1096B7: minishell_loop (minishell.c:83)
==613706==    by 0x10C4B3: envp_table_init (envp_table.c:119)
==613770==    at 0x483B7F3: malloc (in /usr/lib/x86_64-linux-gnu/valgrind/vgpreload_memcheck-amd64-linux.so)
==613800==    by 0x1094F6: main (minishell.c:27)
==613706==    by 0x1095D3: init_data (minishell.c:52)
==613770==    by 0x489F00C: xmalloc (in /usr/lib/x86_64-linux-gnu/libreadline.so.8.0)
==613800== 
==613706==    by 0x1094EC: main (minishell.c:25)
==613770==    by 0x488A02F: ??? (in /usr/lib/x86_64-linux-gnu/libreadline.so.8.0)
==613706== 
==613770==    by 0x488A7D5: rl_expand_prompt (in /usr/lib/x86_64-linux-gnu/libreadline.so.8.0)
==613770==    by 0x4877FE5: rl_set_prompt (in /usr/lib/x86_64-linux-gnu/libreadline.so.8.0)
==613706== 2,208 bytes in 138 blocks are still reachable in loss record 52 of 74
==613770==    by 0x48794AA: readline (in /usr/lib/x86_64-linux-gnu/libreadline.so.8.0)
==613706==    at 0x483B7F3: malloc (in /usr/lib/x86_64-linux-gnu/valgrind/vgpreload_memcheck-amd64-linux.so)
==613770==    by 0x109668: minishell_loop (minishell.c:76)
==613706==    by 0x489F00C: xmalloc (in /usr/lib/x86_64-linux-gnu/libreadline.so.8.0)
==613770==    by 0x1094F6: main (minishell.c:27)
==613706==    by 0x487D8F0: rl_add_funmap_entry (in /usr/lib/x86_64-linux-gnu/libreadline.so.8.0)
==613800== 32 bytes in 1 blocks are indirectly lost in loss record 26 of 81
==613770== 
==613706==    by 0x487D998: rl_initialize_funmap (in /usr/lib/x86_64-linux-gnu/libreadline.so.8.0)
==613800==    at 0x483B7F3: malloc (in /usr/lib/x86_64-linux-gnu/valgrind/vgpreload_memcheck-amd64-linux.so)
==613706==    by 0x487921C: rl_initialize (in /usr/lib/x86_64-linux-gnu/libreadline.so.8.0)
==613770== 72 bytes in 1 blocks are still reachable in loss record 35 of 77
==613800==    by 0x10C7C9: malloc_p (protected_methods.c:19)
==613770==    at 0x483B7F3: malloc (in /usr/lib/x86_64-linux-gnu/valgrind/vgpreload_memcheck-amd64-linux.so)
==613706==    by 0x48794AF: readline (in /usr/lib/x86_64-linux-gnu/libreadline.so.8.0)
==613800==    by 0x10D692: treenew_p (treenew_p.c:19)
==613770==    by 0x4AB5E94: _nc_first_db (in /usr/lib/x86_64-linux-gnu/libtinfo.so.6.2)
==613706==    by 0x109668: minishell_loop (minishell.c:76)
==613800==    by 0x10A3A6: fill_tree (parser.c:61)
==613770==    by 0x4ABFF8E: _nc_read_entry2 (in /usr/lib/x86_64-linux-gnu/libtinfo.so.6.2)
==613706==    by 0x1094F6: main (minishell.c:27)
==613800==    by 0x10A2C6: parser (parser.c:39)
==613770==    by 0x4AB8AF5: ??? (in /usr/lib/x86_64-linux-gnu/libtinfo.so.6.2)
==613706== 
==613800==    by 0x1096B7: minishell_loop (minishell.c:83)
==613770==    by 0x4AB8F04: _nc_setupterm (in /usr/lib/x86_64-linux-gnu/libtinfo.so.6.2)
==613800==    by 0x1094F6: main (minishell.c:27)
==613706== 2,970 bytes in 78 blocks are still reachable in loss record 53 of 74
==613770==    by 0x4AB9459: tgetent_sp (in /usr/lib/x86_64-linux-gnu/libtinfo.so.6.2)
==613800== 
==613706==    at 0x483B7F3: malloc (in /usr/lib/x86_64-linux-gnu/valgrind/vgpreload_memcheck-amd64-linux.so)
==613770==    by 0x489475B: _rl_init_terminal_io (in /usr/lib/x86_64-linux-gnu/libreadline.so.8.0)
==613706==    by 0x10DA56: ft_calloc (ft_calloc.c:23)
==613800== 32 bytes in 1 blocks are indirectly lost in loss record 27 of 81
==613770==    by 0x48791FF: rl_initialize (in /usr/lib/x86_64-linux-gnu/libreadline.so.8.0)
==613706==    by 0x10C0D6: env_matrix_add (envp_matrix.c:94)
==613800==    at 0x483B7F3: malloc (in /usr/lib/x86_64-linux-gnu/valgrind/vgpreload_memcheck-amd64-linux.so)
==613770==    by 0x48794AF: readline (in /usr/lib/x86_64-linux-gnu/libreadline.so.8.0)
==613706==    by 0x10BCAA: update_env_matrix (envp_matrix.c:27)
==613800==    by 0x10C7C9: malloc_p (protected_methods.c:19)
==613770==    by 0x109668: minishell_loop (minishell.c:76)
==613706==    by 0x10C341: ft_setenv (envp_table.c:65)
==613800==    by 0x10D692: treenew_p (treenew_p.c:19)
==613770==    by 0x1094F6: main (minishell.c:27)
==613706==    by 0x10C521: envp_table_init (envp_table.c:127)
==613800==    by 0x10A44D: fill_tree (parser.c:69)
==613770== 
==613706==    by 0x1095D3: init_data (minishell.c:52)
==613800==    by 0x10A2C6: parser (parser.c:39)
==613706==    by 0x1094EC: main (minishell.c:25)
==613770== 72 bytes in 3 blocks are still reachable in loss record 36 of 77
==613800==    by 0x1096B7: minishell_loop (minishell.c:83)
==613706== 
==613770==    at 0x483B7F3: malloc (in /usr/lib/x86_64-linux-gnu/valgrind/vgpreload_memcheck-amd64-linux.so)
==613800==    by 0x1094F6: main (minishell.c:27)
==613770==    by 0x489F00C: xmalloc (in /usr/lib/x86_64-linux-gnu/libreadline.so.8.0)
==613800== 
==613770==    by 0x4898747: alloc_history_entry (in /usr/lib/x86_64-linux-gnu/libreadline.so.8.0)
==613706== 3,312 bytes in 1 blocks are still reachable in loss record 54 of 74
==613800== 32 bytes in 1 blocks are indirectly lost in loss record 28 of 81
==613770==    by 0x4898A04: add_history (in /usr/lib/x86_64-linux-gnu/libreadline.so.8.0)
==613800==    at 0x483B7F3: malloc (in /usr/lib/x86_64-linux-gnu/valgrind/vgpreload_memcheck-amd64-linux.so)
==613706==    at 0x483DD99: calloc (in /usr/lib/x86_64-linux-gnu/valgrind/vgpreload_memcheck-amd64-linux.so)
==613770==    by 0x10969B: minishell_loop (minishell.c:81)
==613800==    by 0x10C7C9: malloc_p (protected_methods.c:19)
==613706==    by 0x4ABF1F8: _nc_read_termtype (in /usr/lib/x86_64-linux-gnu/libtinfo.so.6.2)
==613706==    by 0x4ABFA8C: ??? (in /usr/lib/x86_64-linux-gnu/libtinfo.so.6.2)
==613706==    by 0x4ABFE83: ??? (in /usr/lib/x86_64-linux-gnu/libtinfo.so.6.2)
==613706==    by 0x4ABFFB4: _nc_read_entry2 (in /usr/lib/x86_64-linux-gnu/libtinfo.so.6.2)
==613706==    by 0x4AB8AF5: ??? (in /usr/lib/x86_64-linux-gnu/libtinfo.so.6.2)
==613706==    by 0x4AB8F04: _nc_setupterm (in /usr/lib/x86_64-linux-gnu/libtinfo.so.6.2)
==613706==    by 0x4AB9459: tgetent_sp (in /usr/lib/x86_64-linux-gnu/libtinfo.so.6.2)
==613706==    by 0x489475B: _rl_init_terminal_io (in /usr/lib/x86_64-linux-gnu/libreadline.so.8.0)
==613706==    by 0x48791FF: rl_initialize (in /usr/lib/x86_64-linux-gnu/libreadline.so.8.0)
==613706==    by 0x48794AF: readline (in /usr/lib/x86_64-linux-gnu/libreadline.so.8.0)
==613706==    by 0x109668: minishell_loop (minishell.c:76)
==613706== 
==613770==    by 0x1094F6: main (minishell.c:27)
==613706== 3,312 bytes in 1 blocks are still reachable in loss record 55 of 74
==613800==    by 0x10D692: treenew_p (treenew_p.c:19)
==613770== 
==613706==    at 0x483B7F3: malloc (in /usr/lib/x86_64-linux-gnu/valgrind/vgpreload_memcheck-amd64-linux.so)
==613706==    by 0x4AB426F: ??? (in /usr/lib/x86_64-linux-gnu/libtinfo.so.6.2)
==613706==    by 0x4AB8F1B: _nc_setupterm (in /usr/lib/x86_64-linux-gnu/libtinfo.so.6.2)
==613706==    by 0x4AB9459: tgetent_sp (in /usr/lib/x86_64-linux-gnu/libtinfo.so.6.2)
==613706==    by 0x489475B: _rl_init_terminal_io (in /usr/lib/x86_64-linux-gnu/libreadline.so.8.0)
==613706==    by 0x48791FF: rl_initialize (in /usr/lib/x86_64-linux-gnu/libreadline.so.8.0)
==613706==    by 0x48794AF: readline (in /usr/lib/x86_64-linux-gnu/libreadline.so.8.0)
==613800==    by 0x10A36B: fill_tree (parser.c:59)
==613770== 78 bytes in 1 blocks are still reachable in loss record 37 of 77
==613706==    by 0x109668: minishell_loop (minishell.c:76)
==613800==    by 0x10A477: fill_tree (parser.c:70)
==613706==    by 0x1094F6: main (minishell.c:27)
==613770==    at 0x483B7F3: malloc (in /usr/lib/x86_64-linux-gnu/valgrind/vgpreload_memcheck-amd64-linux.so)
==613800==    by 0x10A2C6: parser (parser.c:39)
==613706== 
==613770==    by 0x4AB42BF: ??? (in /usr/lib/x86_64-linux-gnu/libtinfo.so.6.2)
==613800==    by 0x1096B7: minishell_loop (minishell.c:83)
==613770==    by 0x4AB8F1B: _nc_setupterm (in /usr/lib/x86_64-linux-gnu/libtinfo.so.6.2)
==613800==    by 0x1094F6: main (minishell.c:27)
==613706== 4,016 bytes in 1 blocks are still reachable in loss record 56 of 74
==613770==    by 0x4AB9459: tgetent_sp (in /usr/lib/x86_64-linux-gnu/libtinfo.so.6.2)
==613800== 
==613706==    at 0x483B7F3: malloc (in /usr/lib/x86_64-linux-gnu/valgrind/vgpreload_memcheck-amd64-linux.so)
==613770==    by 0x489475B: _rl_init_terminal_io (in /usr/lib/x86_64-linux-gnu/libreadline.so.8.0)
==613706==    by 0x489F00C: xmalloc (in /usr/lib/x86_64-linux-gnu/libreadline.so.8.0)
==613770==    by 0x48791FF: rl_initialize (in /usr/lib/x86_64-linux-gnu/libreadline.so.8.0)
==613706==    by 0x4898A5B: add_history (in /usr/lib/x86_64-linux-gnu/libreadline.so.8.0)
==613770==    by 0x48794AF: readline (in /usr/lib/x86_64-linux-gnu/libreadline.so.8.0)
==613800== 33 bytes in 1 blocks are still reachable in loss record 29 of 81
==613706==    by 0x10969B: minishell_loop (minishell.c:81)
==613770==    by 0x109668: minishell_loop (minishell.c:76)
==613706==    by 0x1094F6: main (minishell.c:27)
==613770==    by 0x1094F6: main (minishell.c:27)
==613706== 
==613800==    at 0x483B7F3: malloc (in /usr/lib/x86_64-linux-gnu/valgrind/vgpreload_memcheck-amd64-linux.so)
==613770== 
==613800==    by 0x4ABEFF2: _nc_read_termtype (in /usr/lib/x86_64-linux-gnu/libtinfo.so.6.2)
==613706== 4,080 bytes in 1 blocks are still reachable in loss record 57 of 74
==613800==    by 0x4ABFA8C: ??? (in /usr/lib/x86_64-linux-gnu/libtinfo.so.6.2)
==613706==    at 0x483B7F3: malloc (in /usr/lib/x86_64-linux-gnu/valgrind/vgpreload_memcheck-amd64-linux.so)
==613770== 156 bytes in 1 blocks are still reachable in loss record 38 of 77
==613800==    by 0x4ABFE83: ??? (in /usr/lib/x86_64-linux-gnu/libtinfo.so.6.2)
==613706==    by 0x489F00C: xmalloc (in /usr/lib/x86_64-linux-gnu/libreadline.so.8.0)
==613770==    at 0x483DD99: calloc (in /usr/lib/x86_64-linux-gnu/valgrind/vgpreload_memcheck-amd64-linux.so)
==613800==    by 0x4ABFFB4: _nc_read_entry2 (in /usr/lib/x86_64-linux-gnu/libtinfo.so.6.2)
==613770==    by 0x4ABF140: _nc_read_termtype (in /usr/lib/x86_64-linux-gnu/libtinfo.so.6.2)
==613706==    by 0x48949B9: _rl_init_terminal_io (in /usr/lib/x86_64-linux-gnu/libreadline.so.8.0)
==613800==    by 0x4AB8AF5: ??? (in /usr/lib/x86_64-linux-gnu/libtinfo.so.6.2)
==613770==    by 0x4ABFA8C: ??? (in /usr/lib/x86_64-linux-gnu/libtinfo.so.6.2)
==613706==    by 0x48791FF: rl_initialize (in /usr/lib/x86_64-linux-gnu/libreadline.so.8.0)
==613800==    by 0x4AB8F04: _nc_setupterm (in /usr/lib/x86_64-linux-gnu/libtinfo.so.6.2)
==613770==    by 0x4ABFE83: ??? (in /usr/lib/x86_64-linux-gnu/libtinfo.so.6.2)
==613706==    by 0x48794AF: readline (in /usr/lib/x86_64-linux-gnu/libreadline.so.8.0)
==613800==    by 0x4AB9459: tgetent_sp (in /usr/lib/x86_64-linux-gnu/libtinfo.so.6.2)
==613770==    by 0x4ABFFB4: _nc_read_entry2 (in /usr/lib/x86_64-linux-gnu/libtinfo.so.6.2)
==613706==    by 0x109668: minishell_loop (minishell.c:76)
==613706==    by 0x1094F6: main (minishell.c:27)
==613706== 
==613800==    by 0x489475B: _rl_init_terminal_io (in /usr/lib/x86_64-linux-gnu/libreadline.so.8.0)
==613770==    by 0x4AB8AF5: ??? (in /usr/lib/x86_64-linux-gnu/libtinfo.so.6.2)
==613706== 4,112 bytes in 1 blocks are still reachable in loss record 58 of 74
==613800==    by 0x48791FF: rl_initialize (in /usr/lib/x86_64-linux-gnu/libreadline.so.8.0)
==613706==    at 0x483B7F3: malloc (in /usr/lib/x86_64-linux-gnu/valgrind/vgpreload_memcheck-amd64-linux.so)
==613770==    by 0x4AB8F04: _nc_setupterm (in /usr/lib/x86_64-linux-gnu/libtinfo.so.6.2)
==613800==    by 0x48794AF: readline (in /usr/lib/x86_64-linux-gnu/libreadline.so.8.0)
==613706==    by 0x489F00C: xmalloc (in /usr/lib/x86_64-linux-gnu/libreadline.so.8.0)
==613800==    by 0x109668: minishell_loop (minishell.c:76)
==613770==    by 0x4AB9459: tgetent_sp (in /usr/lib/x86_64-linux-gnu/libtinfo.so.6.2)
==613706==    by 0x487DA91: rl_make_bare_keymap (in /usr/lib/x86_64-linux-gnu/libreadline.so.8.0)
==613800== 
==613770==    by 0x489475B: _rl_init_terminal_io (in /usr/lib/x86_64-linux-gnu/libreadline.so.8.0)
==613706==    by 0x4884D79: rl_generic_bind (in /usr/lib/x86_64-linux-gnu/libreadline.so.8.0)
==613770==    by 0x48791FF: rl_initialize (in /usr/lib/x86_64-linux-gnu/libreadline.so.8.0)
==613706==    by 0x4885F1D: rl_bind_keyseq_if_unbound_in_map (in /usr/lib/x86_64-linux-gnu/libreadline.so.8.0)
==613800== 36 bytes in 3 blocks are still reachable in loss record 30 of 81
==613770==    by 0x48794AF: readline (in /usr/lib/x86_64-linux-gnu/libreadline.so.8.0)
==613706==    by 0x4877ED9: ??? (in /usr/lib/x86_64-linux-gnu/libreadline.so.8.0)
==613770==    by 0x109668: minishell_loop (minishell.c:76)
==613800==    at 0x483B7F3: malloc (in /usr/lib/x86_64-linux-gnu/valgrind/vgpreload_memcheck-amd64-linux.so)
==613706==    by 0x4879274: rl_initialize (in /usr/lib/x86_64-linux-gnu/libreadline.so.8.0)
==613770== 
==613800==    by 0x489F00C: xmalloc (in /usr/lib/x86_64-linux-gnu/libreadline.so.8.0)
==613706==    by 0x48794AF: readline (in /usr/lib/x86_64-linux-gnu/libreadline.so.8.0)
==613800==    by 0x48989E2: add_history (in /usr/lib/x86_64-linux-gnu/libreadline.so.8.0)
==613706==    by 0x109668: minishell_loop (minishell.c:76)
==613800==    by 0x10969B: minishell_loop (minishell.c:81)
==613770== 171 (48 direct, 123 indirect) bytes in 2 blocks are definitely lost in loss record 39 of 77
==613706==    by 0x1094F6: main (minishell.c:27)
==613800==    by 0x1094F6: main (minishell.c:27)
==613770==    at 0x483B7F3: malloc (in /usr/lib/x86_64-linux-gnu/valgrind/vgpreload_memcheck-amd64-linux.so)
==613706== 
==613800== 
==613770==    by 0x10C7C9: malloc_p (protected_methods.c:19)
==613706== 4,112 bytes in 1 blocks are still reachable in loss record 59 of 74
==613770==    by 0x10CBCA: lstnew_p (lstnew_p.c:19)
==613800== 40 bytes in 1 blocks are still reachable in loss record 31 of 81
==613706==    at 0x483B7F3: malloc (in /usr/lib/x86_64-linux-gnu/valgrind/vgpreload_memcheck-amd64-linux.so)
==613770==    by 0x10A16E: lexer_add_cmd (lexer.c:50)
==613800==    at 0x483DD99: calloc (in /usr/lib/x86_64-linux-gnu/valgrind/vgpreload_memcheck-amd64-linux.so)
==613706==    by 0x489F00C: xmalloc (in /usr/lib/x86_64-linux-gnu/libreadline.so.8.0)
==613770==    by 0x10A099: lexer (lexer.c:33)
==613800==    by 0x4AB5F2B: _nc_first_db (in /usr/lib/x86_64-linux-gnu/libtinfo.so.6.2)
==613706==    by 0x487DA91: rl_make_bare_keymap (in /usr/lib/x86_64-linux-gnu/libreadline.so.8.0)
==613770==    by 0x1096A7: minishell_loop (minishell.c:82)
==613800==    by 0x4ABFF8E: _nc_read_entry2 (in /usr/lib/x86_64-linux-gnu/libtinfo.so.6.2)
==613706==    by 0x4884D79: rl_generic_bind (in /usr/lib/x86_64-linux-gnu/libreadline.so.8.0)
==613770==    by 0x1094F6: main (minishell.c:27)
==613800==    by 0x4AB8AF5: ??? (in /usr/lib/x86_64-linux-gnu/libtinfo.so.6.2)
==613706==    by 0x4885F1D: rl_bind_keyseq_if_unbound_in_map (in /usr/lib/x86_64-linux-gnu/libreadline.so.8.0)
==613770== 
==613800==    by 0x4AB8F04: _nc_setupterm (in /usr/lib/x86_64-linux-gnu/libtinfo.so.6.2)
==613706==    by 0x4877F72: ??? (in /usr/lib/x86_64-linux-gnu/libreadline.so.8.0)
==613706==    by 0x4879274: rl_initialize (in /usr/lib/x86_64-linux-gnu/libreadline.so.8.0)
==613770== 240 (64 direct, 176 indirect) bytes in 2 blocks are definitely lost in loss record 40 of 77
==613706==    by 0x48794AF: readline (in /usr/lib/x86_64-linux-gnu/libreadline.so.8.0)
==613770==    at 0x483B7F3: malloc (in /usr/lib/x86_64-linux-gnu/valgrind/vgpreload_memcheck-amd64-linux.so)
==613706==    by 0x109668: minishell_loop (minishell.c:76)
==613770==    by 0x10C7C9: malloc_p (protected_methods.c:19)
==613706==    by 0x1094F6: main (minishell.c:27)
==613770==    by 0x10D692: treenew_p (treenew_p.c:19)
==613706== 
==613770==    by 0x10A2A8: parser (parser.c:38)
==613800==    by 0x4AB9459: tgetent_sp (in /usr/lib/x86_64-linux-gnu/libtinfo.so.6.2)
==613770==    by 0x1096B7: minishell_loop (minishell.c:83)
==613706== 4,112 bytes in 1 blocks are still reachable in loss record 60 of 74
==613800==    by 0x489475B: _rl_init_terminal_io (in /usr/lib/x86_64-linux-gnu/libreadline.so.8.0)
==613706==    at 0x483B7F3: malloc (in /usr/lib/x86_64-linux-gnu/valgrind/vgpreload_memcheck-amd64-linux.so)
==613770==    by 0x1094F6: main (minishell.c:27)
==613800==    by 0x48791FF: rl_initialize (in /usr/lib/x86_64-linux-gnu/libreadline.so.8.0)
==613706==    by 0x489F00C: xmalloc (in /usr/lib/x86_64-linux-gnu/libreadline.so.8.0)
==613770== 
==613800==    by 0x48794AF: readline (in /usr/lib/x86_64-linux-gnu/libreadline.so.8.0)
==613706==    by 0x487DA91: rl_make_bare_keymap (in /usr/lib/x86_64-linux-gnu/libreadline.so.8.0)
==613800==    by 0x109668: minishell_loop (minishell.c:76)
==613770== 256 bytes in 1 blocks are still reachable in loss record 41 of 77
==613706==    by 0x4884D79: rl_generic_bind (in /usr/lib/x86_64-linux-gnu/libreadline.so.8.0)
==613770==    at 0x483B7F3: malloc (in /usr/lib/x86_64-linux-gnu/valgrind/vgpreload_memcheck-amd64-linux.so)
==613800==    by 0x1094F6: main (minishell.c:27)
==613706==    by 0x4885F1D: rl_bind_keyseq_if_unbound_in_map (in /usr/lib/x86_64-linux-gnu/libreadline.so.8.0)
==613770==    by 0x489F00C: xmalloc (in /usr/lib/x86_64-linux-gnu/libreadline.so.8.0)
==613800== 
==613770==    by 0x4879466: rl_initialize (in /usr/lib/x86_64-linux-gnu/libreadline.so.8.0)
==613706==    by 0x4877ED9: ??? (in /usr/lib/x86_64-linux-gnu/libreadline.so.8.0)
==613770==    by 0x48794AF: readline (in /usr/lib/x86_64-linux-gnu/libreadline.so.8.0)
==613706==    by 0x4879283: rl_initialize (in /usr/lib/x86_64-linux-gnu/libreadline.so.8.0)
==613800== 44 bytes in 1 blocks are still reachable in loss record 32 of 81
==613770==    by 0x109668: minishell_loop (minishell.c:76)
==613706==    by 0x48794AF: readline (in /usr/lib/x86_64-linux-gnu/libreadline.so.8.0)
==613800==    at 0x483DD99: calloc (in /usr/lib/x86_64-linux-gnu/valgrind/vgpreload_memcheck-amd64-linux.so)
==613770==    by 0x1094F6: main (minishell.c:27)
==613706==    by 0x109668: minishell_loop (minishell.c:76)
==613800==    by 0x4ABF0A8: _nc_read_termtype (in /usr/lib/x86_64-linux-gnu/libtinfo.so.6.2)
==613770== 
==613706==    by 0x1094F6: main (minishell.c:27)
==613800==    by 0x4ABFA8C: ??? (in /usr/lib/x86_64-linux-gnu/libtinfo.so.6.2)
==613706== 
==613770== 280 bytes in 1 blocks are still reachable in loss record 42 of 77
==613800==    by 0x4ABFE83: ??? (in /usr/lib/x86_64-linux-gnu/libtinfo.so.6.2)
==613770==    at 0x483DD99: calloc (in /usr/lib/x86_64-linux-gnu/valgrind/vgpreload_memcheck-amd64-linux.so)
==613706== 4,112 bytes in 1 blocks are still reachable in loss record 61 of 74
==613800==    by 0x4ABFFB4: _nc_read_entry2 (in /usr/lib/x86_64-linux-gnu/libtinfo.so.6.2)
==613770==    by 0x4AB8EB7: _nc_setupterm (in /usr/lib/x86_64-linux-gnu/libtinfo.so.6.2)
==613706==    at 0x483B7F3: malloc (in /usr/lib/x86_64-linux-gnu/valgrind/vgpreload_memcheck-amd64-linux.so)
==613800==    by 0x4AB8AF5: ??? (in /usr/lib/x86_64-linux-gnu/libtinfo.so.6.2)
==613770==    by 0x4AB9459: tgetent_sp (in /usr/lib/x86_64-linux-gnu/libtinfo.so.6.2)
==613706==    by 0x489F00C: xmalloc (in /usr/lib/x86_64-linux-gnu/libreadline.so.8.0)
==613800==    by 0x4AB8F04: _nc_setupterm (in /usr/lib/x86_64-linux-gnu/libtinfo.so.6.2)
==613770==    by 0x489475B: _rl_init_terminal_io (in /usr/lib/x86_64-linux-gnu/libreadline.so.8.0)
==613706==    by 0x487DA91: rl_make_bare_keymap (in /usr/lib/x86_64-linux-gnu/libreadline.so.8.0)
==613800==    by 0x4AB9459: tgetent_sp (in /usr/lib/x86_64-linux-gnu/libtinfo.so.6.2)
==613770==    by 0x48791FF: rl_initialize (in /usr/lib/x86_64-linux-gnu/libreadline.so.8.0)
==613706==    by 0x4884D79: rl_generic_bind (in /usr/lib/x86_64-linux-gnu/libreadline.so.8.0)
==613800==    by 0x489475B: _rl_init_terminal_io (in /usr/lib/x86_64-linux-gnu/libreadline.so.8.0)
==613770==    by 0x48794AF: readline (in /usr/lib/x86_64-linux-gnu/libreadline.so.8.0)
==613706==    by 0x4885F1D: rl_bind_keyseq_if_unbound_in_map (in /usr/lib/x86_64-linux-gnu/libreadline.so.8.0)
==613800==    by 0x48791FF: rl_initialize (in /usr/lib/x86_64-linux-gnu/libreadline.so.8.0)
==613770==    by 0x109668: minishell_loop (minishell.c:76)
==613706==    by 0x4877F72: ??? (in /usr/lib/x86_64-linux-gnu/libreadline.so.8.0)
==613800==    by 0x48794AF: readline (in /usr/lib/x86_64-linux-gnu/libreadline.so.8.0)
==613770==    by 0x1094F6: main (minishell.c:27)
==613706==    by 0x4879283: rl_initialize (in /usr/lib/x86_64-linux-gnu/libreadline.so.8.0)
==613800==    by 0x109668: minishell_loop (minishell.c:76)
==613770== 
==613770== 632 bytes in 1 blocks are still reachable in loss record 43 of 77
==613770==    at 0x483B7F3: malloc (in /usr/lib/x86_64-linux-gnu/valgrind/vgpreload_memcheck-amd64-linux.so)
==613770==    by 0x10C7C9: malloc_p (protected_methods.c:19)
==613770==    by 0x10C03A: env_matrix_add (envp_matrix.c:89)
==613770==    by 0x10BCAA: update_env_matrix (envp_matrix.c:27)
==613770==    by 0x10C341: ft_setenv (envp_table.c:65)
==613770==    by 0x10C521: envp_table_init (envp_table.c:127)
==613770==    by 0x1095D3: init_data (minishell.c:52)
==613770==    by 0x1094EC: main (minishell.c:25)
==613770== 
==613770== 1,024 bytes in 1 blocks are still reachable in loss record 44 of 77
==613706==    by 0x48794AF: readline (in /usr/lib/x86_64-linux-gnu/libreadline.so.8.0)
==613770==    at 0x483B7F3: malloc (in /usr/lib/x86_64-linux-gnu/valgrind/vgpreload_memcheck-amd64-linux.so)
==613800== 
==613770==    by 0x489F00C: xmalloc (in /usr/lib/x86_64-linux-gnu/libreadline.so.8.0)
==613706==    by 0x109668: minishell_loop (minishell.c:76)
==613706==    by 0x1094F6: main (minishell.c:27)
==613706== 
==613770==    by 0x4889B8A: ??? (in /usr/lib/x86_64-linux-gnu/libreadline.so.8.0)
==613770==    by 0x488F0E6: rl_redisplay (in /usr/lib/x86_64-linux-gnu/libreadline.so.8.0)
==613770==    by 0x48780F6: readline_internal_setup (in /usr/lib/x86_64-linux-gnu/libreadline.so.8.0)
==613800== 44 bytes in 1 blocks are still reachable in loss record 33 of 81
==613770==    by 0x48794D3: readline (in /usr/lib/x86_64-linux-gnu/libreadline.so.8.0)
==613706== 4,112 bytes in 1 blocks are still reachable in loss record 62 of 74
==613800==    at 0x483B7F3: malloc (in /usr/lib/x86_64-linux-gnu/valgrind/vgpreload_memcheck-amd64-linux.so)
==613770==    by 0x109668: minishell_loop (minishell.c:76)
==613706==    at 0x483B7F3: malloc (in /usr/lib/x86_64-linux-gnu/valgrind/vgpreload_memcheck-amd64-linux.so)
==613800==    by 0x4AB424E: ??? (in /usr/lib/x86_64-linux-gnu/libtinfo.so.6.2)
==613706==    by 0x489F00C: xmalloc (in /usr/lib/x86_64-linux-gnu/libreadline.so.8.0)
==613800==    by 0x4AB8F1B: _nc_setupterm (in /usr/lib/x86_64-linux-gnu/libtinfo.so.6.2)
==613706==    by 0x487DA91: rl_make_bare_keymap (in /usr/lib/x86_64-linux-gnu/libreadline.so.8.0)
==613770==    by 0x1094F6: main (minishell.c:27)
==613800==    by 0x4AB9459: tgetent_sp (in /usr/lib/x86_64-linux-gnu/libtinfo.so.6.2)
==613706==    by 0x4884D79: rl_generic_bind (in /usr/lib/x86_64-linux-gnu/libreadline.so.8.0)
==613770== 
==613800==    by 0x489475B: _rl_init_terminal_io (in /usr/lib/x86_64-linux-gnu/libreadline.so.8.0)
==613706==    by 0x4885F1D: rl_bind_keyseq_if_unbound_in_map (in /usr/lib/x86_64-linux-gnu/libreadline.so.8.0)
==613770== 1,024 bytes in 1 blocks are still reachable in loss record 45 of 77
==613800==    by 0x48791FF: rl_initialize (in /usr/lib/x86_64-linux-gnu/libreadline.so.8.0)
==613770==    at 0x483B7F3: malloc (in /usr/lib/x86_64-linux-gnu/valgrind/vgpreload_memcheck-amd64-linux.so)
==613706==    by 0x4877ED9: ??? (in /usr/lib/x86_64-linux-gnu/libreadline.so.8.0)
==613800==    by 0x48794AF: readline (in /usr/lib/x86_64-linux-gnu/libreadline.so.8.0)
==613770==    by 0x489F00C: xmalloc (in /usr/lib/x86_64-linux-gnu/libreadline.so.8.0)
==613706==    by 0x48792A1: rl_initialize (in /usr/lib/x86_64-linux-gnu/libreadline.so.8.0)
==613800==    by 0x109668: minishell_loop (minishell.c:76)
==613770==    by 0x4889BA0: ??? (in /usr/lib/x86_64-linux-gnu/libreadline.so.8.0)
==613706==    by 0x48794AF: readline (in /usr/lib/x86_64-linux-gnu/libreadline.so.8.0)
==613800==    by 0x1094F6: main (minishell.c:27)
==613706==    by 0x109668: minishell_loop (minishell.c:76)
==613770==    by 0x488F0E6: rl_redisplay (in /usr/lib/x86_64-linux-gnu/libreadline.so.8.0)
==613800== 
==613706==    by 0x1094F6: main (minishell.c:27)
==613770==    by 0x48780F6: readline_internal_setup (in /usr/lib/x86_64-linux-gnu/libreadline.so.8.0)
==613706== 
==613800== 48 bytes in 3 blocks are indirectly lost in loss record 34 of 81
==613770==    by 0x48794D3: readline (in /usr/lib/x86_64-linux-gnu/libreadline.so.8.0)
==613800==    at 0x483B7F3: malloc (in /usr/lib/x86_64-linux-gnu/valgrind/vgpreload_memcheck-amd64-linux.so)
==613706== 4,112 bytes in 1 blocks are still reachable in loss record 63 of 74
==613770==    by 0x109668: minishell_loop (minishell.c:76)
==613706==    at 0x483B7F3: malloc (in /usr/lib/x86_64-linux-gnu/valgrind/vgpreload_memcheck-amd64-linux.so)
==613800==    by 0x10C7C9: malloc_p (protected_methods.c:19)
==613770==    by 0x1094F6: main (minishell.c:27)
==613706==    by 0x489F00C: xmalloc (in /usr/lib/x86_64-linux-gnu/libreadline.so.8.0)
==613800==    by 0x10A121: lexer_add_cmd (lexer.c:46)
==613770== 
==613706==    by 0x487DA91: rl_make_bare_keymap (in /usr/lib/x86_64-linux-gnu/libreadline.so.8.0)
==613800==    by 0x10A099: lexer (lexer.c:33)
==613706==    by 0x4884D79: rl_generic_bind (in /usr/lib/x86_64-linux-gnu/libreadline.so.8.0)
==613770== 1,024 bytes in 1 blocks are still reachable in loss record 46 of 77
==613800==    by 0x1096A7: minishell_loop (minishell.c:82)
==613706==    by 0x4885F1D: rl_bind_keyseq_if_unbound_in_map (in /usr/lib/x86_64-linux-gnu/libreadline.so.8.0)
==613770==    at 0x483B7F3: malloc (in /usr/lib/x86_64-linux-gnu/valgrind/vgpreload_memcheck-amd64-linux.so)
==613800==    by 0x1094F6: main (minishell.c:27)
==613706==    by 0x4877F72: ??? (in /usr/lib/x86_64-linux-gnu/libreadline.so.8.0)
==613770==    by 0x489F00C: xmalloc (in /usr/lib/x86_64-linux-gnu/libreadline.so.8.0)
==613800== 
==613706==    by 0x48792A1: rl_initialize (in /usr/lib/x86_64-linux-gnu/libreadline.so.8.0)
==613770==    by 0x4889BE8: ??? (in /usr/lib/x86_64-linux-gnu/libreadline.so.8.0)
==613706==    by 0x48794AF: readline (in /usr/lib/x86_64-linux-gnu/libreadline.so.8.0)
==613800== 63 bytes in 1 blocks are still reachable in loss record 35 of 81
==613770==    by 0x488F0E6: rl_redisplay (in /usr/lib/x86_64-linux-gnu/libreadline.so.8.0)
==613706==    by 0x109668: minishell_loop (minishell.c:76)
==613800==    at 0x483B7F3: malloc (in /usr/lib/x86_64-linux-gnu/valgrind/vgpreload_memcheck-amd64-linux.so)
==613770==    by 0x48780F6: readline_internal_setup (in /usr/lib/x86_64-linux-gnu/libreadline.so.8.0)
==613706==    by 0x1094F6: main (minishell.c:27)
==613800==    by 0x489F00C: xmalloc (in /usr/lib/x86_64-linux-gnu/libreadline.so.8.0)
==613770==    by 0x48794D3: readline (in /usr/lib/x86_64-linux-gnu/libreadline.so.8.0)
==613706== 
==613800==    by 0x4878010: rl_set_prompt (in /usr/lib/x86_64-linux-gnu/libreadline.so.8.0)
==613770==    by 0x109668: minishell_loop (minishell.c:76)
==613800==    by 0x48794AA: readline (in /usr/lib/x86_64-linux-gnu/libreadline.so.8.0)
==613706== 7,952 bytes in 1 blocks are still reachable in loss record 64 of 74
==613770==    by 0x1094F6: main (minishell.c:27)
==613800==    by 0x109668: minishell_loop (minishell.c:76)
==613706==    at 0x483DD99: calloc (in /usr/lib/x86_64-linux-gnu/valgrind/vgpreload_memcheck-amd64-linux.so)
==613770== 
==613800==    by 0x1094F6: main (minishell.c:27)
==613706==    by 0x4AB5067: ??? (in /usr/lib/x86_64-linux-gnu/libtinfo.so.6.2)
==613800== 
==613770== 1,024 bytes in 1 blocks are still reachable in loss record 47 of 77
==613706==    by 0x4AB585F: _nc_find_type_entry (in /usr/lib/x86_64-linux-gnu/libtinfo.so.6.2)
==613770==    at 0x483B7F3: malloc (in /usr/lib/x86_64-linux-gnu/valgrind/vgpreload_memcheck-amd64-linux.so)
==613800== 63 bytes in 1 blocks are still reachable in loss record 36 of 81
==613706==    by 0x4AB9D9C: tgetstr_sp (in /usr/lib/x86_64-linux-gnu/libtinfo.so.6.2)
==613770==    by 0x489F00C: xmalloc (in /usr/lib/x86_64-linux-gnu/libreadline.so.8.0)
==613800==    at 0x483B7F3: malloc (in /usr/lib/x86_64-linux-gnu/valgrind/vgpreload_memcheck-amd64-linux.so)
==613706==    by 0x489479B: _rl_init_terminal_io (in /usr/lib/x86_64-linux-gnu/libreadline.so.8.0)
==613770==    by 0x4889C07: ??? (in /usr/lib/x86_64-linux-gnu/libreadline.so.8.0)
==613800==    by 0x489F00C: xmalloc (in /usr/lib/x86_64-linux-gnu/libreadline.so.8.0)
==613706==    by 0x48791FF: rl_initialize (in /usr/lib/x86_64-linux-gnu/libreadline.so.8.0)
==613770==    by 0x488F0E6: rl_redisplay (in /usr/lib/x86_64-linux-gnu/libreadline.so.8.0)
