==613706== Memcheck, a memory error detector
==613706== Copyright (C) 2002-2017, and GNU GPL'd, by Julian Seward et al.
==613706== Using Valgrind-3.15.0 and LibVEX; rerun with -h for copyright info
==613706== Command: ./minishell
==613706== 
minishell: command not found: 'ciao'
==613770== 
==613770== Process terminating with default action of signal 1 (SIGHUP)
==613706== 
==613706== Process terminating with default action of signal 1 (SIGHUP)
==613770==    at 0x4995C3A: wait4 (wait4.c:27)
==613706==    at 0x4995C3A: wait4 (wait4.c:27)
==613800== 
==613800== Process terminating with default action of signal 1 (SIGHUP)
==613706==    by 0x10C9DC: waitpid_p (protected_methods.c:92)
==613770==    by 0x10C9DC: waitpid_p (protected_methods.c:92)
==613706==    by 0x10B242: parent (executor.c:94)
==613706==    by 0x10B083: launch_commands (executor.c:54)
==613706==    by 0x10AFA8: executor (executor.c:32)
==613770==    by 0x10B242: parent (executor.c:94)
==613706==    by 0x1096CE: minishell_loop (minishell.c:86)
==613770==    by 0x10B083: launch_commands (executor.c:54)
==613706==    by 0x1094F6: main (minishell.c:27)
==613770==    by 0x10AFA8: executor (executor.c:32)
==613770==    by 0x1096CE: minishell_loop (minishell.c:86)
==613770==    by 0x1094F6: main (minishell.c:27)
==613800==    at 0x49C2EFB: unlink (syscall-template.S:78)
==613800==    by 0x109DA3: ft_quit (minishell_utils.c:157)
==613800==    by 0x10C8AD: close_p (protected_methods.c:48)
==613800==    by 0x10CA57: reset_fd (protected_methods.c:105)
==613800==    by 0x109F36: close_all_fds (minishell_utils.c:205)
==613800==    by 0x109E7E: free_data (minishell_utils.c:187)
==613800==    by 0x109DA8: ft_quit (minishell_utils.c:159)
==613800==    by 0x10C8AD: close_p (protected_methods.c:48)
==613800==    by 0x10CA57: reset_fd (protected_methods.c:105)
==613800==    by 0x109F36: close_all_fds (minishell_utils.c:205)
==613800==    by 0x109E7E: free_data (minishell_utils.c:187)
==613800==    by 0x109DA8: ft_quit (minishell_utils.c:159)
==613706== 
==613706== HEAP SUMMARY:
==613706==     in use at exit: 205,442 bytes in 471 blocks
==613706==   total heap usage: 708 allocs, 237 frees, 244,331 bytes allocated
==613706== 
==613800== 
==613800== HEAP SUMMARY:
==613800==     in use at exit: 8,987,458 bytes in 1,555 blocks
==613800==   total heap usage: 1,820 allocs, 265 frees, 9,026,970 bytes allocated
==613800== 
==613770== 
==613770== HEAP SUMMARY:
==613770==     in use at exit: 205,613 bytes in 481 blocks
==613770==   total heap usage: 723 allocs, 242 frees, 244,680 bytes allocated
==613770== 
==613706== 3 bytes in 1 blocks are indirectly lost in loss record 1 of 74
==613706==    at 0x483B7F3: malloc (in /usr/lib/x86_64-linux-gnu/valgrind/vgpreload_memcheck-amd64-linux.so)
==613706==    by 0x10C7C9: malloc_p (protected_methods.c:19)
==613706==    by 0x10A135: lexer_add_cmd (lexer.c:47)
==613706==    by 0x10A099: lexer (lexer.c:33)
==613706==    by 0x1096A7: minishell_loop (minishell.c:82)
==613706==    by 0x1094F6: main (minishell.c:27)
==613706== 
==613706== 3 bytes in 1 blocks are definitely lost in loss record 2 of 74
==613706==    at 0x483B7F3: malloc (in /usr/lib/x86_64-linux-gnu/valgrind/vgpreload_memcheck-amd64-linux.so)
==613706==    by 0x489F00C: xmalloc (in /usr/lib/x86_64-linux-gnu/libreadline.so.8.0)
==613706==    by 0x48782AB: readline_internal_teardown (in /usr/lib/x86_64-linux-gnu/libreadline.so.8.0)
==613706==    by 0x4879504: readline (in /usr/lib/x86_64-linux-gnu/libreadline.so.8.0)
==613706==    by 0x109668: minishell_loop (minishell.c:76)
==613706==    by 0x1094F6: main (minishell.c:27)
==613706== 
==613706== 5 bytes in 1 blocks are still reachable in loss record 3 of 74
==613706==    at 0x483B7F3: malloc (in /usr/lib/x86_64-linux-gnu/valgrind/vgpreload_memcheck-amd64-linux.so)
==613706==    by 0x495238E: strdup (strdup.c:42)
==613706==    by 0x4AB8F4F: _nc_setupterm (in /usr/lib/x86_64-linux-gnu/libtinfo.so.6.2)
==613706==    by 0x4AB9459: tgetent_sp (in /usr/lib/x86_64-linux-gnu/libtinfo.so.6.2)
==613706==    by 0x489475B: _rl_init_terminal_io (in /usr/lib/x86_64-linux-gnu/libreadline.so.8.0)
==613706==    by 0x48791FF: rl_initialize (in /usr/lib/x86_64-linux-gnu/libreadline.so.8.0)
==613706==    by 0x48794AF: readline (in /usr/lib/x86_64-linux-gnu/libreadline.so.8.0)
==613706==    by 0x109668: minishell_loop (minishell.c:76)
==613706==    by 0x1094F6: main (minishell.c:27)
==613706== 
==613706== 8 bytes in 1 blocks are still reachable in loss record 4 of 74
==613706==    at 0x483B7F3: malloc (in /usr/lib/x86_64-linux-gnu/valgrind/vgpreload_memcheck-amd64-linux.so)
==613706==    by 0x489F00C: xmalloc (in /usr/lib/x86_64-linux-gnu/libreadline.so.8.0)
==613706==    by 0x48782AB: readline_internal_teardown (in /usr/lib/x86_64-linux-gnu/libreadline.so.8.0)
==613706==    by 0x4879504: readline (in /usr/lib/x86_64-linux-gnu/libreadline.so.8.0)
==613706==    by 0x109668: minishell_loop (minishell.c:76)
==613706==    by 0x1094F6: main (minishell.c:27)
==613706== 
==613706== 8 bytes in 2 blocks are still reachable in loss record 5 of 74
==613706==    at 0x483B7F3: malloc (in /usr/lib/x86_64-linux-gnu/valgrind/vgpreload_memcheck-amd64-linux.so)
==613706==    by 0x10C7C9: malloc_p (protected_methods.c:19)
==613706==    by 0x10A135: lexer_add_cmd (lexer.c:47)
==613706==    by 0x10A099: lexer (lexer.c:33)
==613706==    by 0x1096A7: minishell_loop (minishell.c:82)
==613706==    by 0x1094F6: main (minishell.c:27)
==613706== 
==613706== 11 bytes in 2 blocks are still reachable in loss record 6 of 74
==613706==    at 0x483B7F3: malloc (in /usr/lib/x86_64-linux-gnu/valgrind/vgpreload_memcheck-amd64-linux.so)
==613706==    by 0x489F00C: xmalloc (in /usr/lib/x86_64-linux-gnu/libreadline.so.8.0)
==613706==    by 0x4898760: alloc_history_entry (in /usr/lib/x86_64-linux-gnu/libreadline.so.8.0)
==613706==    by 0x4898A04: add_history (in /usr/lib/x86_64-linux-gnu/libreadline.so.8.0)
==613706==    by 0x10969B: minishell_loop (minishell.c:81)
==613706==    by 0x1094F6: main (minishell.c:27)
==613706== 
==613706== 12 bytes in 1 blocks are still reachable in loss record 7 of 74
==613706==    at 0x483DFAF: realloc (in /usr/lib/x86_64-linux-gnu/valgrind/vgpreload_memcheck-amd64-linux.so)
==613706==    by 0x489F041: xrealloc (in /usr/lib/x86_64-linux-gnu/libreadline.so.8.0)
==613706==    by 0x488A063: ??? (in /usr/lib/x86_64-linux-gnu/libreadline.so.8.0)
==613706==    by 0x488A7D5: rl_expand_prompt (in /usr/lib/x86_64-linux-gnu/libreadline.so.8.0)
==613706==    by 0x4877FE5: rl_set_prompt (in /usr/lib/x86_64-linux-gnu/libreadline.so.8.0)
==613706==    by 0x48794AA: readline (in /usr/lib/x86_64-linux-gnu/libreadline.so.8.0)
==613706==    by 0x109668: minishell_loop (minishell.c:76)
==613706==    by 0x1094F6: main (minishell.c:27)
==613706== 
==613706== 13 bytes in 1 blocks are still reachable in loss record 8 of 74
==613706==    at 0x483B7F3: malloc (in /usr/lib/x86_64-linux-gnu/valgrind/vgpreload_memcheck-amd64-linux.so)
==613706==    by 0x489F00C: xmalloc (in /usr/lib/x86_64-linux-gnu/libreadline.so.8.0)
==613706==    by 0x4886CF2: ??? (in /usr/lib/x86_64-linux-gnu/libreadline.so.8.0)
==613706==    by 0x4879228: rl_initialize (in /usr/lib/x86_64-linux-gnu/libreadline.so.8.0)
==613706==    by 0x48794AF: readline (in /usr/lib/x86_64-linux-gnu/libreadline.so.8.0)
==613706==    by 0x109668: minishell_loop (minishell.c:76)
==613706==    by 0x1094F6: main (minishell.c:27)
==613706== 
==613706== 16 bytes in 1 blocks are still reachable in loss record 9 of 74
==613706==    at 0x483B7F3: malloc (in /usr/lib/x86_64-linux-gnu/valgrind/vgpreload_memcheck-amd64-linux.so)
==613706==    by 0x4879317: rl_initialize (in /usr/lib/x86_64-linux-gnu/libreadline.so.8.0)
==613706==    by 0x48794AF: readline (in /usr/lib/x86_64-linux-gnu/libreadline.so.8.0)
==613706==    by 0x109668: minishell_loop (minishell.c:76)
==613706==    by 0x1094F6: main (minishell.c:27)
==613706== 
==613706== 16 bytes in 1 blocks are still reachable in loss record 10 of 74
==613706==    at 0x483B7F3: malloc (in /usr/lib/x86_64-linux-gnu/valgrind/vgpreload_memcheck-amd64-linux.so)
==613706==    by 0x10C7C9: malloc_p (protected_methods.c:19)
==613706==    by 0x10A1A2: lexer_add_token (lexer.c:57)
==613706==    by 0x10A0CB: lexer (lexer.c:36)
==613706==    by 0x1096A7: minishell_loop (minishell.c:82)
==613706==    by 0x1094F6: main (minishell.c:27)
==613706== 
==613706== 16 bytes in 1 blocks are still reachable in loss record 11 of 74
==613706==    at 0x483B7F3: malloc (in /usr/lib/x86_64-linux-gnu/valgrind/vgpreload_memcheck-amd64-linux.so)
==613706==    by 0x10C7C9: malloc_p (protected_methods.c:19)
==613706==    by 0x10A529: init_cmd (parser.c:99)
==613706==    by 0x10A435: fill_tree (parser.c:69)
==613706==    by 0x10A2C6: parser (parser.c:39)
==613706==    by 0x1096B7: minishell_loop (minishell.c:83)
==613706==    by 0x1094F6: main (minishell.c:27)
==613706== 
==613706== 16 bytes in 1 blocks are still reachable in loss record 12 of 74
==613706==    at 0x483B7F3: malloc (in /usr/lib/x86_64-linux-gnu/valgrind/vgpreload_memcheck-amd64-linux.so)
==613706==    by 0x10C7C9: malloc_p (protected_methods.c:19)
==613706==    by 0x10A529: init_cmd (parser.c:99)
==613706==    by 0x10A353: fill_tree (parser.c:59)
==613706==    by 0x10A477: fill_tree (parser.c:70)
==613770== 5 bytes in 1 blocks are still reachable in loss record 1 of 77
==613706==    by 0x10A2C6: parser (parser.c:39)
==613706==    by 0x1096B7: minishell_loop (minishell.c:83)
==613706==    by 0x1094F6: main (minishell.c:27)
==613770==    at 0x483B7F3: malloc (in /usr/lib/x86_64-linux-gnu/valgrind/vgpreload_memcheck-amd64-linux.so)
==613706== 
==613706== 16 bytes in 1 blocks are indirectly lost in loss record 13 of 74
==613706==    at 0x483B7F3: malloc (in /usr/lib/x86_64-linux-gnu/valgrind/vgpreload_memcheck-amd64-linux.so)
==613706==    by 0x10C7C9: malloc_p (protected_methods.c:19)
==613770==    by 0x495238E: strdup (strdup.c:42)
==613706==    by 0x10A121: lexer_add_cmd (lexer.c:46)
==613770==    by 0x4AB8F4F: _nc_setupterm (in /usr/lib/x86_64-linux-gnu/libtinfo.so.6.2)
==613706==    by 0x10A099: lexer (lexer.c:33)
==613770==    by 0x4AB9459: tgetent_sp (in /usr/lib/x86_64-linux-gnu/libtinfo.so.6.2)
==613706==    by 0x1096A7: minishell_loop (minishell.c:82)
==613706==    by 0x1094F6: main (minishell.c:27)
==613770==    by 0x489475B: _rl_init_terminal_io (in /usr/lib/x86_64-linux-gnu/libreadline.so.8.0)
==613706== 
==613770==    by 0x48791FF: rl_initialize (in /usr/lib/x86_64-linux-gnu/libreadline.so.8.0)
==613770==    by 0x48794AF: readline (in /usr/lib/x86_64-linux-gnu/libreadline.so.8.0)
==613706== 16 bytes in 1 blocks are indirectly lost in loss record 14 of 74
==613770==    by 0x109668: minishell_loop (minishell.c:76)
==613706==    at 0x483B7F3: malloc (in /usr/lib/x86_64-linux-gnu/valgrind/vgpreload_memcheck-amd64-linux.so)
==613770==    by 0x1094F6: main (minishell.c:27)
==613706==    by 0x10C7C9: malloc_p (protected_methods.c:19)
==613770== 
==613706==    by 0x10A529: init_cmd (parser.c:99)
==613706==    by 0x10A353: fill_tree (parser.c:59)
==613706==    by 0x10A2C6: parser (parser.c:39)
==613706==    by 0x1096B7: minishell_loop (minishell.c:83)
==613770== 5 bytes in 1 blocks are still reachable in loss record 2 of 77
==613706==    by 0x1094F6: main (minishell.c:27)
==613770==    at 0x483B7F3: malloc (in /usr/lib/x86_64-linux-gnu/valgrind/vgpreload_memcheck-amd64-linux.so)
==613706== 
==613770==    by 0x489F00C: xmalloc (in /usr/lib/x86_64-linux-gnu/libreadline.so.8.0)
==613770==    by 0x48782AB: readline_internal_teardown (in /usr/lib/x86_64-linux-gnu/libreadline.so.8.0)
==613706== 20 bytes in 1 blocks are still reachable in loss record 15 of 74
==613770==    by 0x4879504: readline (in /usr/lib/x86_64-linux-gnu/libreadline.so.8.0)
==613706==    at 0x483B7F3: malloc (in /usr/lib/x86_64-linux-gnu/valgrind/vgpreload_memcheck-amd64-linux.so)
==613770==    by 0x109668: minishell_loop (minishell.c:76)
==613706==    by 0x489F00C: xmalloc (in /usr/lib/x86_64-linux-gnu/libreadline.so.8.0)
==613770==    by 0x1094F6: main (minishell.c:27)
==613706==    by 0x489D56E: sh_get_home_dir (in /usr/lib/x86_64-linux-gnu/libreadline.so.8.0)
==613770== 
==613706==    by 0x489E094: tilde_expand_word (in /usr/lib/x86_64-linux-gnu/libreadline.so.8.0)
==613770== 5 bytes in 1 blocks are still reachable in loss record 3 of 77
==613706==    by 0x489E2B9: tilde_expand (in /usr/lib/x86_64-linux-gnu/libreadline.so.8.0)
==613770==    at 0x483B7F3: malloc (in /usr/lib/x86_64-linux-gnu/valgrind/vgpreload_memcheck-amd64-linux.so)
==613706==    by 0x4886B3A: ??? (in /usr/lib/x86_64-linux-gnu/libreadline.so.8.0)
==613770==    by 0x10C7C9: malloc_p (protected_methods.c:19)
==613706==    by 0x4886DCF: rl_read_init_file (in /usr/lib/x86_64-linux-gnu/libreadline.so.8.0)
==613770==    by 0x10A135: lexer_add_cmd (lexer.c:47)
==613706==    by 0x4879228: rl_initialize (in /usr/lib/x86_64-linux-gnu/libreadline.so.8.0)
==613770==    by 0x10A099: lexer (lexer.c:33)
==613706==    by 0x48794AF: readline (in /usr/lib/x86_64-linux-gnu/libreadline.so.8.0)
==613770==    by 0x1096A7: minishell_loop (minishell.c:82)
==613706==    by 0x109668: minishell_loop (minishell.c:76)
==613770==    by 0x1094F6: main (minishell.c:27)
==613706==    by 0x1094F6: main (minishell.c:27)
==613770== 
==613706== 
==613770== 11 bytes in 3 blocks are indirectly lost in loss record 4 of 77
==613706== 20 bytes in 1 blocks are still reachable in loss record 16 of 74
==613770==    at 0x483B7F3: malloc (in /usr/lib/x86_64-linux-gnu/valgrind/vgpreload_memcheck-amd64-linux.so)
==613706==    at 0x483B7F3: malloc (in /usr/lib/x86_64-linux-gnu/valgrind/vgpreload_memcheck-amd64-linux.so)
==613770==    by 0x10C7C9: malloc_p (protected_methods.c:19)
==613706==    by 0x489F00C: xmalloc (in /usr/lib/x86_64-linux-gnu/libreadline.so.8.0)
==613770==    by 0x10A135: lexer_add_cmd (lexer.c:47)
==613706==    by 0x48879D3: ??? (in /usr/lib/x86_64-linux-gnu/libreadline.so.8.0)
==613770==    by 0x10A099: lexer (lexer.c:33)
==613706==    by 0x4886818: rl_parse_and_bind (in /usr/lib/x86_64-linux-gnu/libreadline.so.8.0)
==613770==    by 0x1096A7: minishell_loop (minishell.c:82)
==613706==    by 0x4886C6C: ??? (in /usr/lib/x86_64-linux-gnu/libreadline.so.8.0)
==613770==    by 0x1094F6: main (minishell.c:27)
==613706==    by 0x4879228: rl_initialize (in /usr/lib/x86_64-linux-gnu/libreadline.so.8.0)
==613770== 
==613706==    by 0x48794AF: readline (in /usr/lib/x86_64-linux-gnu/libreadline.so.8.0)
==613706==    by 0x109668: minishell_loop (minishell.c:76)
==613770== 11 bytes in 2 blocks are definitely lost in loss record 5 of 77
==613706==    by 0x1094F6: main (minishell.c:27)
==613770==    at 0x483B7F3: malloc (in /usr/lib/x86_64-linux-gnu/valgrind/vgpreload_memcheck-amd64-linux.so)
==613706== 
==613770==    by 0x489F00C: xmalloc (in /usr/lib/x86_64-linux-gnu/libreadline.so.8.0)
==613770==    by 0x48782AB: readline_internal_teardown (in /usr/lib/x86_64-linux-gnu/libreadline.so.8.0)
==613706== 24 bytes in 1 blocks are still reachable in loss record 17 of 74
==613770==    by 0x4879504: readline (in /usr/lib/x86_64-linux-gnu/libreadline.so.8.0)
==613706==    at 0x483B7F3: malloc (in /usr/lib/x86_64-linux-gnu/valgrind/vgpreload_memcheck-amd64-linux.so)
==613770==    by 0x109668: minishell_loop (minishell.c:76)
==613706==    by 0x10C7C9: malloc_p (protected_methods.c:19)
==613770==    by 0x1094F6: main (minishell.c:27)
==613770== 
==613706==    by 0x10CBCA: lstnew_p (lstnew_p.c:19)
==613706==    by 0x10A1C8: lexer_add_token (lexer.c:60)
==613770== 12 bytes in 1 blocks are still reachable in loss record 6 of 77
==613706==    by 0x10A0CB: lexer (lexer.c:36)
==613770==    at 0x483DFAF: realloc (in /usr/lib/x86_64-linux-gnu/valgrind/vgpreload_memcheck-amd64-linux.so)
==613706==    by 0x1096A7: minishell_loop (minishell.c:82)
==613770==    by 0x489F041: xrealloc (in /usr/lib/x86_64-linux-gnu/libreadline.so.8.0)
==613706==    by 0x1094F6: main (minishell.c:27)
==613770==    by 0x488A063: ??? (in /usr/lib/x86_64-linux-gnu/libreadline.so.8.0)
==613706== 
==613770==    by 0x488A7D5: rl_expand_prompt (in /usr/lib/x86_64-linux-gnu/libreadline.so.8.0)
==613770==    by 0x4877FE5: rl_set_prompt (in /usr/lib/x86_64-linux-gnu/libreadline.so.8.0)
==613706== 24 bytes in 2 blocks are still reachable in loss record 18 of 74
==613770==    by 0x48794AA: readline (in /usr/lib/x86_64-linux-gnu/libreadline.so.8.0)
==613706==    at 0x483B7F3: malloc (in /usr/lib/x86_64-linux-gnu/valgrind/vgpreload_memcheck-amd64-linux.so)
==613770==    by 0x109668: minishell_loop (minishell.c:76)
==613706==    by 0x489F00C: xmalloc (in /usr/lib/x86_64-linux-gnu/libreadline.so.8.0)
==613770==    by 0x1094F6: main (minishell.c:27)
==613706==    by 0x48989E2: add_history (in /usr/lib/x86_64-linux-gnu/libreadline.so.8.0)
==613770== 
==613706==    by 0x10969B: minishell_loop (minishell.c:81)
==613706==    by 0x1094F6: main (minishell.c:27)
==613706== 
==613770== 13 bytes in 1 blocks are still reachable in loss record 7 of 77
==613770==    at 0x483B7F3: malloc (in /usr/lib/x86_64-linux-gnu/valgrind/vgpreload_memcheck-amd64-linux.so)
==613706== 32 bytes in 1 blocks are still reachable in loss record 19 of 74
==613770==    by 0x489F00C: xmalloc (in /usr/lib/x86_64-linux-gnu/libreadline.so.8.0)
==613706==    at 0x483B7F3: malloc (in /usr/lib/x86_64-linux-gnu/valgrind/vgpreload_memcheck-amd64-linux.so)
==613770==    by 0x4886CF2: ??? (in /usr/lib/x86_64-linux-gnu/libreadline.so.8.0)
==613706==    by 0x10C7C9: malloc_p (protected_methods.c:19)
==613770==    by 0x4879228: rl_initialize (in /usr/lib/x86_64-linux-gnu/libreadline.so.8.0)
==613706==    by 0x10D692: treenew_p (treenew_p.c:19)
==613770==    by 0x48794AF: readline (in /usr/lib/x86_64-linux-gnu/libreadline.so.8.0)
==613706==    by 0x10A2A8: parser (parser.c:38)
==613770==    by 0x109668: minishell_loop (minishell.c:76)
==613706==    by 0x1096B7: minishell_loop (minishell.c:83)
==613770==    by 0x1094F6: main (minishell.c:27)
==613706==    by 0x1094F6: main (minishell.c:27)
==613770== 
==613706== 
==613770== 16 bytes in 1 blocks are still reachable in loss record 8 of 77
==613706== 32 bytes in 1 blocks are still reachable in loss record 20 of 74
==613770==    at 0x483B7F3: malloc (in /usr/lib/x86_64-linux-gnu/valgrind/vgpreload_memcheck-amd64-linux.so)
==613706==    at 0x483B7F3: malloc (in /usr/lib/x86_64-linux-gnu/valgrind/vgpreload_memcheck-amd64-linux.so)
==613770==    by 0x4879317: rl_initialize (in /usr/lib/x86_64-linux-gnu/libreadline.so.8.0)
==613706==    by 0x10C7C9: malloc_p (protected_methods.c:19)
==613770==    by 0x48794AF: readline (in /usr/lib/x86_64-linux-gnu/libreadline.so.8.0)
==613706==    by 0x10D692: treenew_p (treenew_p.c:19)
==613770==    by 0x109668: minishell_loop (minishell.c:76)
==613706==    by 0x10A3A6: fill_tree (parser.c:61)
==613770==    by 0x1094F6: main (minishell.c:27)
==613706==    by 0x10A2C6: parser (parser.c:39)
==613770== 
==613706==    by 0x1096B7: minishell_loop (minishell.c:83)
==613706==    by 0x1094F6: main (minishell.c:27)
==613770== 16 bytes in 1 blocks are still reachable in loss record 9 of 77
==613706== 
==613770==    at 0x483B7F3: malloc (in /usr/lib/x86_64-linux-gnu/valgrind/vgpreload_memcheck-amd64-linux.so)
==613770==    by 0x10C7C9: malloc_p (protected_methods.c:19)
==613706== 32 bytes in 1 blocks are still reachable in loss record 21 of 74
==613770==    by 0x10A121: lexer_add_cmd (lexer.c:46)
==613706==    at 0x483B7F3: malloc (in /usr/lib/x86_64-linux-gnu/valgrind/vgpreload_memcheck-amd64-linux.so)
==613770==    by 0x10A099: lexer (lexer.c:33)
==613706==    by 0x10C7C9: malloc_p (protected_methods.c:19)
==613706==    by 0x10D692: treenew_p (treenew_p.c:19)
==613706==    by 0x10A44D: fill_tree (parser.c:69)
==613706==    by 0x10A2C6: parser (parser.c:39)
==613706==    by 0x1096B7: minishell_loop (minishell.c:83)
==613706==    by 0x1094F6: main (minishell.c:27)
==613706== 
==613706== 32 bytes in 1 blocks are still reachable in loss record 22 of 74
==613706==    at 0x483B7F3: malloc (in /usr/lib/x86_64-linux-gnu/valgrind/vgpreload_memcheck-amd64-linux.so)
==613706==    by 0x10C7C9: malloc_p (protected_methods.c:19)
==613706==    by 0x10D692: treenew_p (treenew_p.c:19)
==613706==    by 0x10A36B: fill_tree (parser.c:59)
==613770==    by 0x1096A7: minishell_loop (minishell.c:82)
==613706==    by 0x10A477: fill_tree (parser.c:70)
==613706==    by 0x10A2C6: parser (parser.c:39)
==613800== 5 bytes in 1 blocks are still reachable in loss record 1 of 81
==613706==    by 0x1096B7: minishell_loop (minishell.c:83)
==613770==    by 0x1094F6: main (minishell.c:27)
==613706==    by 0x1094F6: main (minishell.c:27)
==613770== 
==613706== 
==613706== 32 bytes in 2 blocks are still reachable in loss record 23 of 74
==613706==    at 0x483B7F3: malloc (in /usr/lib/x86_64-linux-gnu/valgrind/vgpreload_memcheck-amd64-linux.so)
==613770== 16 bytes in 1 blocks are still reachable in loss record 10 of 77
==613706==    by 0x10C7C9: malloc_p (protected_methods.c:19)
==613800==    at 0x483B7F3: malloc (in /usr/lib/x86_64-linux-gnu/valgrind/vgpreload_memcheck-amd64-linux.so)
==613770==    at 0x483B7F3: malloc (in /usr/lib/x86_64-linux-gnu/valgrind/vgpreload_memcheck-amd64-linux.so)
==613706==    by 0x10A121: lexer_add_cmd (lexer.c:46)
==613770==    by 0x10C7C9: malloc_p (protected_methods.c:19)
==613706==    by 0x10A099: lexer (lexer.c:33)
==613770==    by 0x10A529: init_cmd (parser.c:99)
==613706==    by 0x1096A7: minishell_loop (minishell.c:82)
==613770==    by 0x10A353: fill_tree (parser.c:59)
==613706==    by 0x1094F6: main (minishell.c:27)
==613770==    by 0x10A2C6: parser (parser.c:39)
==613706== 
==613770==    by 0x1096B7: minishell_loop (minishell.c:83)
==613800==    by 0x495238E: strdup (strdup.c:42)
==613770==    by 0x1094F6: main (minishell.c:27)
==613706== 32 bytes in 1 blocks are indirectly lost in loss record 24 of 74
==613770== 
==613800==    by 0x4AB8F4F: _nc_setupterm (in /usr/lib/x86_64-linux-gnu/libtinfo.so.6.2)
==613706==    at 0x483B7F3: malloc (in /usr/lib/x86_64-linux-gnu/valgrind/vgpreload_memcheck-amd64-linux.so)
==613706==    by 0x10C7C9: malloc_p (protected_methods.c:19)
==613770== 16 bytes in 3 blocks are still reachable in loss record 11 of 77
==613800==    by 0x4AB9459: tgetent_sp (in /usr/lib/x86_64-linux-gnu/libtinfo.so.6.2)
==613706==    by 0x10D692: treenew_p (treenew_p.c:19)
==613770==    at 0x483B7F3: malloc (in /usr/lib/x86_64-linux-gnu/valgrind/vgpreload_memcheck-amd64-linux.so)
==613706==    by 0x10A36B: fill_tree (parser.c:59)
==613770==    by 0x489F00C: xmalloc (in /usr/lib/x86_64-linux-gnu/libreadline.so.8.0)
==613800==    by 0x489475B: _rl_init_terminal_io (in /usr/lib/x86_64-linux-gnu/libreadline.so.8.0)
==613706==    by 0x10A2C6: parser (parser.c:39)
==613770==    by 0x4898760: alloc_history_entry (in /usr/lib/x86_64-linux-gnu/libreadline.so.8.0)
==613706==    by 0x1096B7: minishell_loop (minishell.c:83)
==613770==    by 0x4898A04: add_history (in /usr/lib/x86_64-linux-gnu/libreadline.so.8.0)
==613800==    by 0x48791FF: rl_initialize (in /usr/lib/x86_64-linux-gnu/libreadline.so.8.0)
==613706==    by 0x1094F6: main (minishell.c:27)
==613770==    by 0x10969B: minishell_loop (minishell.c:81)
==613800==    by 0x48794AF: readline (in /usr/lib/x86_64-linux-gnu/libreadline.so.8.0)
==613706== 
==613770==    by 0x1094F6: main (minishell.c:27)
==613800==    by 0x109668: minishell_loop (minishell.c:76)
==613770== 
==613706== 33 bytes in 1 blocks are still reachable in loss record 25 of 74
==613800==    by 0x1094F6: main (minishell.c:27)
==613770== 16 bytes in 1 blocks are indirectly lost in loss record 12 of 77
==613800== 
==613706==    at 0x483B7F3: malloc (in /usr/lib/x86_64-linux-gnu/valgrind/vgpreload_memcheck-amd64-linux.so)
==613770==    at 0x483B7F3: malloc (in /usr/lib/x86_64-linux-gnu/valgrind/vgpreload_memcheck-amd64-linux.so)
==613706==    by 0x4ABEFF2: _nc_read_termtype (in /usr/lib/x86_64-linux-gnu/libtinfo.so.6.2)
==613770==    by 0x10C7C9: malloc_p (protected_methods.c:19)
==613706==    by 0x4ABFA8C: ??? (in /usr/lib/x86_64-linux-gnu/libtinfo.so.6.2)
==613770==    by 0x10A529: init_cmd (parser.c:99)
==613706==    by 0x4ABFE83: ??? (in /usr/lib/x86_64-linux-gnu/libtinfo.so.6.2)
==613800== 5 bytes in 1 blocks are still reachable in loss record 2 of 81
==613770==    by 0x10A353: fill_tree (parser.c:59)
==613706==    by 0x4ABFFB4: _nc_read_entry2 (in /usr/lib/x86_64-linux-gnu/libtinfo.so.6.2)
==613800==    at 0x483B7F3: malloc (in /usr/lib/x86_64-linux-gnu/valgrind/vgpreload_memcheck-amd64-linux.so)
==613770==    by 0x10A2C6: parser (parser.c:39)
==613706==    by 0x4AB8AF5: ??? (in /usr/lib/x86_64-linux-gnu/libtinfo.so.6.2)
==613770==    by 0x1096B7: minishell_loop (minishell.c:83)
==613706==    by 0x4AB8F04: _nc_setupterm (in /usr/lib/x86_64-linux-gnu/libtinfo.so.6.2)
==613770==    by 0x1094F6: main (minishell.c:27)
==613706==    by 0x4AB9459: tgetent_sp (in /usr/lib/x86_64-linux-gnu/libtinfo.so.6.2)
==613770== 
==613706==    by 0x489475B: _rl_init_terminal_io (in /usr/lib/x86_64-linux-gnu/libreadline.so.8.0)
==613706==    by 0x48791FF: rl_initialize (in /usr/lib/x86_64-linux-gnu/libreadline.so.8.0)
==613770== 16 bytes in 1 blocks are indirectly lost in loss record 13 of 77
==613706==    by 0x48794AF: readline (in /usr/lib/x86_64-linux-gnu/libreadline.so.8.0)
==613770==    at 0x483B7F3: malloc (in /usr/lib/x86_64-linux-gnu/valgrind/vgpreload_memcheck-amd64-linux.so)
==613706==    by 0x109668: minishell_loop (minishell.c:76)
==613770==    by 0x10C7C9: malloc_p (protected_methods.c:19)
==613706== 
==613770==    by 0x10A1A2: lexer_add_token (lexer.c:57)
==613770==    by 0x10A0CB: lexer (lexer.c:36)
==613706== 40 bytes in 1 blocks are still reachable in loss record 26 of 74
==613770==    by 0x1096A7: minishell_loop (minishell.c:82)
==613706==    at 0x483DD99: calloc (in /usr/lib/x86_64-linux-gnu/valgrind/vgpreload_memcheck-amd64-linux.so)
==613770==    by 0x1094F6: main (minishell.c:27)
==613706==    by 0x4AB5F2B: _nc_first_db (in /usr/lib/x86_64-linux-gnu/libtinfo.so.6.2)
==613770== 
==613706==    by 0x4ABFF8E: _nc_read_entry2 (in /usr/lib/x86_64-linux-gnu/libtinfo.so.6.2)
==613706==    by 0x4AB8AF5: ??? (in /usr/lib/x86_64-linux-gnu/libtinfo.so.6.2)
==613770== 16 bytes in 1 blocks are indirectly lost in loss record 14 of 77
==613800==    by 0x489F00C: xmalloc (in /usr/lib/x86_64-linux-gnu/libreadline.so.8.0)
==613706==    by 0x4AB8F04: _nc_setupterm (in /usr/lib/x86_64-linux-gnu/libtinfo.so.6.2)
==613800==    by 0x48782AB: readline_internal_teardown (in /usr/lib/x86_64-linux-gnu/libreadline.so.8.0)
==613770==    at 0x483B7F3: malloc (in /usr/lib/x86_64-linux-gnu/valgrind/vgpreload_memcheck-amd64-linux.so)
==613706==    by 0x4AB9459: tgetent_sp (in /usr/lib/x86_64-linux-gnu/libtinfo.so.6.2)
==613800==    by 0x4879504: readline (in /usr/lib/x86_64-linux-gnu/libreadline.so.8.0)
==613770==    by 0x10C7C9: malloc_p (protected_methods.c:19)
==613706==    by 0x489475B: _rl_init_terminal_io (in /usr/lib/x86_64-linux-gnu/libreadline.so.8.0)
==613800==    by 0x109668: minishell_loop (minishell.c:76)
==613770==    by 0x10A529: init_cmd (parser.c:99)
==613706==    by 0x48791FF: rl_initialize (in /usr/lib/x86_64-linux-gnu/libreadline.so.8.0)
==613800==    by 0x1094F6: main (minishell.c:27)
==613770==    by 0x10A435: fill_tree (parser.c:69)
==613706==    by 0x48794AF: readline (in /usr/lib/x86_64-linux-gnu/libreadline.so.8.0)
==613800== 
==613770==    by 0x10A2C6: parser (parser.c:39)
==613706==    by 0x109668: minishell_loop (minishell.c:76)
==613770==    by 0x1096B7: minishell_loop (minishell.c:83)
==613800== 5 bytes in 1 blocks are still reachable in loss record 3 of 81
==613706==    by 0x1094F6: main (minishell.c:27)
==613770==    by 0x1094F6: main (minishell.c:27)
==613800==    at 0x483B7F3: malloc (in /usr/lib/x86_64-linux-gnu/valgrind/vgpreload_memcheck-amd64-linux.so)
==613706== 
==613770== 
==613800==    by 0x10C7C9: malloc_p (protected_methods.c:19)
==613706== 43 (24 direct, 19 indirect) bytes in 1 blocks are definitely lost in loss record 27 of 74
==613800==    by 0x10A135: lexer_add_cmd (lexer.c:47)
==613706==    at 0x483B7F3: malloc (in /usr/lib/x86_64-linux-gnu/valgrind/vgpreload_memcheck-amd64-linux.so)
==613770== 16 bytes in 1 blocks are indirectly lost in loss record 15 of 77
==613706==    by 0x10C7C9: malloc_p (protected_methods.c:19)
==613770==    at 0x483B7F3: malloc (in /usr/lib/x86_64-linux-gnu/valgrind/vgpreload_memcheck-amd64-linux.so)
==613706==    by 0x10CBCA: lstnew_p (lstnew_p.c:19)
==613770==    by 0x10C7C9: malloc_p (protected_methods.c:19)
==613706==    by 0x10A16E: lexer_add_cmd (lexer.c:50)
==613800==    by 0x10A099: lexer (lexer.c:33)
==613706==    by 0x10A099: lexer (lexer.c:33)
==613770==    by 0x10A529: init_cmd (parser.c:99)
==613706==    by 0x1096A7: minishell_loop (minishell.c:82)
==613800==    by 0x1096A7: minishell_loop (minishell.c:82)
==613770==    by 0x10A353: fill_tree (parser.c:59)
==613800==    by 0x1094F6: main (minishell.c:27)
==613706==    by 0x1094F6: main (minishell.c:27)
==613770==    by 0x10A477: fill_tree (parser.c:70)
==613800== 
==613770==    by 0x10A2C6: parser (parser.c:39)
==613706== 
==613770==    by 0x1096B7: minishell_loop (minishell.c:83)
==613770==    by 0x1094F6: main (minishell.c:27)
==613770== 
==613706== 44 bytes in 1 blocks are still reachable in loss record 28 of 74
==613770== 20 bytes in 1 blocks are still reachable in loss record 16 of 77
==613706==    at 0x483DD99: calloc (in /usr/lib/x86_64-linux-gnu/valgrind/vgpreload_memcheck-amd64-linux.so)
==613770==    at 0x483B7F3: malloc (in /usr/lib/x86_64-linux-gnu/valgrind/vgpreload_memcheck-amd64-linux.so)
==613706==    by 0x4ABF0A8: _nc_read_termtype (in /usr/lib/x86_64-linux-gnu/libtinfo.so.6.2)
==613800== 5 bytes in 1 blocks are still reachable in loss record 4 of 81
==613770==    by 0x489F00C: xmalloc (in /usr/lib/x86_64-linux-gnu/libreadline.so.8.0)
==613800==    at 0x483B7F3: malloc (in /usr/lib/x86_64-linux-gnu/valgrind/vgpreload_memcheck-amd64-linux.so)
==613706==    by 0x4ABFA8C: ??? (in /usr/lib/x86_64-linux-gnu/libtinfo.so.6.2)
==613770==    by 0x489D56E: sh_get_home_dir (in /usr/lib/x86_64-linux-gnu/libreadline.so.8.0)
==613800==    by 0x10CEBA: fill_matrix (ft_split.c:61)
==613706==    by 0x4ABFE83: ??? (in /usr/lib/x86_64-linux-gnu/libtinfo.so.6.2)
==613770==    by 0x489E094: tilde_expand_word (in /usr/lib/x86_64-linux-gnu/libreadline.so.8.0)
==613800==    by 0x10CE1B: ft_split (ft_split.c:43)
==613706==    by 0x4ABFFB4: _nc_read_entry2 (in /usr/lib/x86_64-linux-gnu/libtinfo.so.6.2)
==613770==    by 0x489E2B9: tilde_expand (in /usr/lib/x86_64-linux-gnu/libreadline.so.8.0)
==613800==    by 0x10974F: exec (minishell.c:107)
==613706==    by 0x4AB8AF5: ??? (in /usr/lib/x86_64-linux-gnu/libtinfo.so.6.2)
==613770==    by 0x4886B3A: ??? (in /usr/lib/x86_64-linux-gnu/libreadline.so.8.0)
==613800==    by 0x10B1E6: child (executor.c:85)
==613706==    by 0x4AB8F04: _nc_setupterm (in /usr/lib/x86_64-linux-gnu/libtinfo.so.6.2)
==613770==    by 0x4886DCF: rl_read_init_file (in /usr/lib/x86_64-linux-gnu/libreadline.so.8.0)
==613800==    by 0x10B117: launch_commands (executor.c:68)
==613706==    by 0x4AB9459: tgetent_sp (in /usr/lib/x86_64-linux-gnu/libtinfo.so.6.2)
==613770==    by 0x4879228: rl_initialize (in /usr/lib/x86_64-linux-gnu/libreadline.so.8.0)
==613800==    by 0x10B061: launch_commands (executor.c:52)
==613706==    by 0x489475B: _rl_init_terminal_io (in /usr/lib/x86_64-linux-gnu/libreadline.so.8.0)
==613770==    by 0x48794AF: readline (in /usr/lib/x86_64-linux-gnu/libreadline.so.8.0)
==613800==    by 0x10AFA8: executor (executor.c:32)
==613706==    by 0x48791FF: rl_initialize (in /usr/lib/x86_64-linux-gnu/libreadline.so.8.0)
==613800==    by 0x1096CE: minishell_loop (minishell.c:86)
==613770==    by 0x109668: minishell_loop (minishell.c:76)
==613706==    by 0x48794AF: readline (in /usr/lib/x86_64-linux-gnu/libreadline.so.8.0)
==613800==    by 0x1094F6: main (minishell.c:27)
==613770==    by 0x1094F6: main (minishell.c:27)
==613706==    by 0x109668: minishell_loop (minishell.c:76)
==613800== 
==613770== 
==613706== 
==613800== 11 bytes in 3 blocks are indirectly lost in loss record 5 of 81
==613800==    at 0x483B7F3: malloc (in /usr/lib/x86_64-linux-gnu/valgrind/vgpreload_memcheck-amd64-linux.so)
==613706== 44 bytes in 1 blocks are still reachable in loss record 29 of 74
==613770== 20 bytes in 1 blocks are still reachable in loss record 17 of 77
==613800==    by 0x10C7C9: malloc_p (protected_methods.c:19)
==613706==    at 0x483B7F3: malloc (in /usr/lib/x86_64-linux-gnu/valgrind/vgpreload_memcheck-amd64-linux.so)
==613770==    at 0x483B7F3: malloc (in /usr/lib/x86_64-linux-gnu/valgrind/vgpreload_memcheck-amd64-linux.so)
==613770==    by 0x489F00C: xmalloc (in /usr/lib/x86_64-linux-gnu/libreadline.so.8.0)
==613770==    by 0x48879D3: ??? (in /usr/lib/x86_64-linux-gnu/libreadline.so.8.0)
==613800==    by 0x10A135: lexer_add_cmd (lexer.c:47)
==613706==    by 0x4AB424E: ??? (in /usr/lib/x86_64-linux-gnu/libtinfo.so.6.2)
==613770==    by 0x4886818: rl_parse_and_bind (in /usr/lib/x86_64-linux-gnu/libreadline.so.8.0)
==613800==    by 0x10A099: lexer (lexer.c:33)
==613706==    by 0x4AB8F1B: _nc_setupterm (in /usr/lib/x86_64-linux-gnu/libtinfo.so.6.2)
==613770==    by 0x4886C6C: ??? (in /usr/lib/x86_64-linux-gnu/libreadline.so.8.0)
==613800==    by 0x1096A7: minishell_loop (minishell.c:82)
==613770==    by 0x4879228: rl_initialize (in /usr/lib/x86_64-linux-gnu/libreadline.so.8.0)
==613706==    by 0x4AB9459: tgetent_sp (in /usr/lib/x86_64-linux-gnu/libtinfo.so.6.2)
==613770==    by 0x48794AF: readline (in /usr/lib/x86_64-linux-gnu/libreadline.so.8.0)
==613800==    by 0x1094F6: main (minishell.c:27)
==613770==    by 0x109668: minishell_loop (minishell.c:76)
==613706==    by 0x489475B: _rl_init_terminal_io (in /usr/lib/x86_64-linux-gnu/libreadline.so.8.0)
==613800== 
==613770==    by 0x1094F6: main (minishell.c:27)
==613706==    by 0x48791FF: rl_initialize (in /usr/lib/x86_64-linux-gnu/libreadline.so.8.0)
==613770== 
==613800== 11 bytes in 2 blocks are definitely lost in loss record 6 of 81
==613706==    by 0x48794AF: readline (in /usr/lib/x86_64-linux-gnu/libreadline.so.8.0)
==613800==    at 0x483B7F3: malloc (in /usr/lib/x86_64-linux-gnu/valgrind/vgpreload_memcheck-amd64-linux.so)
==613706==    by 0x109668: minishell_loop (minishell.c:76)
==613800==    by 0x489F00C: xmalloc (in /usr/lib/x86_64-linux-gnu/libreadline.so.8.0)
==613770== 24 bytes in 1 blocks are still reachable in loss record 18 of 77
==613706==    by 0x1094F6: main (minishell.c:27)
==613800==    by 0x48782AB: readline_internal_teardown (in /usr/lib/x86_64-linux-gnu/libreadline.so.8.0)
==613706== 
==613770==    at 0x483B7F3: malloc (in /usr/lib/x86_64-linux-gnu/valgrind/vgpreload_memcheck-amd64-linux.so)
==613800==    by 0x4879504: readline (in /usr/lib/x86_64-linux-gnu/libreadline.so.8.0)
==613706== 48 bytes in 2 blocks are still reachable in loss record 30 of 74
==613770==    by 0x10C7C9: malloc_p (protected_methods.c:19)
==613800==    by 0x109668: minishell_loop (minishell.c:76)
==613706==    at 0x483B7F3: malloc (in /usr/lib/x86_64-linux-gnu/valgrind/vgpreload_memcheck-amd64-linux.so)
==613770==    by 0x10CBCA: lstnew_p (lstnew_p.c:19)
==613800==    by 0x1094F6: main (minishell.c:27)
==613706==    by 0x489F00C: xmalloc (in /usr/lib/x86_64-linux-gnu/libreadline.so.8.0)
==613800== 
==613770==    by 0x10A16E: lexer_add_cmd (lexer.c:50)
==613706==    by 0x4898747: alloc_history_entry (in /usr/lib/x86_64-linux-gnu/libreadline.so.8.0)
==613770==    by 0x10A099: lexer (lexer.c:33)
==613706==    by 0x4898A04: add_history (in /usr/lib/x86_64-linux-gnu/libreadline.so.8.0)
==613800== 12 bytes in 1 blocks are still reachable in loss record 7 of 81
==613770==    by 0x1096A7: minishell_loop (minishell.c:82)
==613706==    by 0x10969B: minishell_loop (minishell.c:81)
==613770==    by 0x1094F6: main (minishell.c:27)
==613800==    at 0x483DFAF: realloc (in /usr/lib/x86_64-linux-gnu/valgrind/vgpreload_memcheck-amd64-linux.so)
==613706==    by 0x1094F6: main (minishell.c:27)
==613770== 
==613800==    by 0x489F041: xrealloc (in /usr/lib/x86_64-linux-gnu/libreadline.so.8.0)
==613706== 
==613770== 24 bytes in 1 blocks are indirectly lost in loss record 19 of 77
==613800==    by 0x488A063: ??? (in /usr/lib/x86_64-linux-gnu/libreadline.so.8.0)
==613706== 48 bytes in 2 blocks are still reachable in loss record 31 of 74
==613770==    at 0x483B7F3: malloc (in /usr/lib/x86_64-linux-gnu/valgrind/vgpreload_memcheck-amd64-linux.so)
==613800==    by 0x488A7D5: rl_expand_prompt (in /usr/lib/x86_64-linux-gnu/libreadline.so.8.0)
==613770==    by 0x10C7C9: malloc_p (protected_methods.c:19)
==613706==    at 0x483B7F3: malloc (in /usr/lib/x86_64-linux-gnu/valgrind/vgpreload_memcheck-amd64-linux.so)
==613800==    by 0x4877FE5: rl_set_prompt (in /usr/lib/x86_64-linux-gnu/libreadline.so.8.0)
==613770==    by 0x10CBCA: lstnew_p (lstnew_p.c:19)
==613706==    by 0x10C7C9: malloc_p (protected_methods.c:19)
==613800==    by 0x48794AA: readline (in /usr/lib/x86_64-linux-gnu/libreadline.so.8.0)
==613770==    by 0x10A16E: lexer_add_cmd (lexer.c:50)
==613706==    by 0x10CBCA: lstnew_p (lstnew_p.c:19)
==613770==    by 0x10A099: lexer (lexer.c:33)
==613800==    by 0x109668: minishell_loop (minishell.c:76)
==613706==    by 0x10A16E: lexer_add_cmd (lexer.c:50)
==613770==    by 0x1096A7: minishell_loop (minishell.c:82)
==613800==    by 0x1094F6: main (minishell.c:27)
==613770==    by 0x1094F6: main (minishell.c:27)
==613706==    by 0x10A099: lexer (lexer.c:33)
==613800== 
==613770== 
==613706==    by 0x1096A7: minishell_loop (minishell.c:82)
==613706==    by 0x1094F6: main (minishell.c:27)
==613800== 13 bytes in 1 blocks are still reachable in loss record 8 of 81
==613706== 
==613770== 24 bytes in 1 blocks are indirectly lost in loss record 20 of 77
==613800==    at 0x483B7F3: malloc (in /usr/lib/x86_64-linux-gnu/valgrind/vgpreload_memcheck-amd64-linux.so)
==613706== 63 bytes in 1 blocks are still reachable in loss record 32 of 74
==613770==    at 0x483B7F3: malloc (in /usr/lib/x86_64-linux-gnu/valgrind/vgpreload_memcheck-amd64-linux.so)
==613800==    by 0x489F00C: xmalloc (in /usr/lib/x86_64-linux-gnu/libreadline.so.8.0)
==613706==    at 0x483B7F3: malloc (in /usr/lib/x86_64-linux-gnu/valgrind/vgpreload_memcheck-amd64-linux.so)
==613770==    by 0x10C7C9: malloc_p (protected_methods.c:19)
==613800==    by 0x4886CF2: ??? (in /usr/lib/x86_64-linux-gnu/libreadline.so.8.0)
==613706==    by 0x489F00C: xmalloc (in /usr/lib/x86_64-linux-gnu/libreadline.so.8.0)
==613800==    by 0x4879228: rl_initialize (in /usr/lib/x86_64-linux-gnu/libreadline.so.8.0)
==613706==    by 0x4878010: rl_set_prompt (in /usr/lib/x86_64-linux-gnu/libreadline.so.8.0)
==613800==    by 0x48794AF: readline (in /usr/lib/x86_64-linux-gnu/libreadline.so.8.0)
==613706==    by 0x48794AA: readline (in /usr/lib/x86_64-linux-gnu/libreadline.so.8.0)
==613800==    by 0x109668: minishell_loop (minishell.c:76)
==613706==    by 0x109668: minishell_loop (minishell.c:76)
==613800==    by 0x1094F6: main (minishell.c:27)
==613706==    by 0x1094F6: main (minishell.c:27)
==613800== 
==613706== 
==613770==    by 0x10CBCA: lstnew_p (lstnew_p.c:19)
==613800== 16 bytes in 1 blocks are still reachable in loss record 9 of 81
==613706== 63 bytes in 1 blocks are still reachable in loss record 33 of 74
==613770==    by 0x10A1C8: lexer_add_token (lexer.c:60)
==613800==    at 0x483B7F3: malloc (in /usr/lib/x86_64-linux-gnu/valgrind/vgpreload_memcheck-amd64-linux.so)
==613706==    at 0x483B7F3: malloc (in /usr/lib/x86_64-linux-gnu/valgrind/vgpreload_memcheck-amd64-linux.so)
==613770==    by 0x10A0CB: lexer (lexer.c:36)
==613706==    by 0x489F00C: xmalloc (in /usr/lib/x86_64-linux-gnu/libreadline.so.8.0)
==613800==    by 0x4879317: rl_initialize (in /usr/lib/x86_64-linux-gnu/libreadline.so.8.0)
==613770==    by 0x1096A7: minishell_loop (minishell.c:82)
==613706==    by 0x488A02F: ??? (in /usr/lib/x86_64-linux-gnu/libreadline.so.8.0)
==613800==    by 0x48794AF: readline (in /usr/lib/x86_64-linux-gnu/libreadline.so.8.0)
==613706==    by 0x488A7D5: rl_expand_prompt (in /usr/lib/x86_64-linux-gnu/libreadline.so.8.0)
==613770==    by 0x1094F6: main (minishell.c:27)
==613800==    by 0x109668: minishell_loop (minishell.c:76)
==613706==    by 0x4877FE5: rl_set_prompt (in /usr/lib/x86_64-linux-gnu/libreadline.so.8.0)
==613770== 
==613706==    by 0x48794AA: readline (in /usr/lib/x86_64-linux-gnu/libreadline.so.8.0)
==613706==    by 0x109668: minishell_loop (minishell.c:76)
==613706==    by 0x1094F6: main (minishell.c:27)
==613706== 
==613706== 72 bytes in 1 blocks are still reachable in loss record 34 of 74
==613706==    at 0x483B7F3: malloc (in /usr/lib/x86_64-linux-gnu/valgrind/vgpreload_memcheck-amd64-linux.so)
==613770== 32 bytes in 1 blocks are still reachable in loss record 21 of 77
==613800==    by 0x1094F6: main (minishell.c:27)
==613706==    by 0x4AB5E94: _nc_first_db (in /usr/lib/x86_64-linux-gnu/libtinfo.so.6.2)
==613770==    at 0x483B7F3: malloc (in /usr/lib/x86_64-linux-gnu/valgrind/vgpreload_memcheck-amd64-linux.so)
==613800== 
==613706==    by 0x4ABFF8E: _nc_read_entry2 (in /usr/lib/x86_64-linux-gnu/libtinfo.so.6.2)
==613770==    by 0x10C7C9: malloc_p (protected_methods.c:19)
==613706==    by 0x4AB8AF5: ??? (in /usr/lib/x86_64-linux-gnu/libtinfo.so.6.2)
==613706==    by 0x4AB8F04: _nc_setupterm (in /usr/lib/x86_64-linux-gnu/libtinfo.so.6.2)
==613800== 16 bytes in 1 blocks are still reachable in loss record 10 of 81
==613706==    by 0x4AB9459: tgetent_sp (in /usr/lib/x86_64-linux-gnu/libtinfo.so.6.2)
==613800==    at 0x483B7F3: malloc (in /usr/lib/x86_64-linux-gnu/valgrind/vgpreload_memcheck-amd64-linux.so)
==613770==    by 0x10D692: treenew_p (treenew_p.c:19)
==613706==    by 0x489475B: _rl_init_terminal_io (in /usr/lib/x86_64-linux-gnu/libreadline.so.8.0)
==613800==    by 0x10C7C9: malloc_p (protected_methods.c:19)
==613770==    by 0x10A2A8: parser (parser.c:38)
==613800==    by 0x10A121: lexer_add_cmd (lexer.c:46)
==613706==    by 0x48791FF: rl_initialize (in /usr/lib/x86_64-linux-gnu/libreadline.so.8.0)
==613770==    by 0x1096B7: minishell_loop (minishell.c:83)
==613800==    by 0x10A099: lexer (lexer.c:33)
==613706==    by 0x48794AF: readline (in /usr/lib/x86_64-linux-gnu/libreadline.so.8.0)
==613770==    by 0x1094F6: main (minishell.c:27)
==613800==    by 0x1096A7: minishell_loop (minishell.c:82)
==613706==    by 0x109668: minishell_loop (minishell.c:76)
==613770== 
==613800==    by 0x1094F6: main (minishell.c:27)
==613706==    by 0x1094F6: main (minishell.c:27)
==613800== 
==613706== 
==613770== 32 bytes in 1 blocks are still reachable in loss record 22 of 77
==613770==    at 0x483B7F3: malloc (in /usr/lib/x86_64-linux-gnu/valgrind/vgpreload_memcheck-amd64-linux.so)
==613706== 78 bytes in 1 blocks are still reachable in loss record 35 of 74
==613770==    by 0x10C7C9: malloc_p (protected_methods.c:19)
==613706==    at 0x483B7F3: malloc (in /usr/lib/x86_64-linux-gnu/valgrind/vgpreload_memcheck-amd64-linux.so)
==613770==    by 0x10D692: treenew_p (treenew_p.c:19)
==613706==    by 0x4AB42BF: ??? (in /usr/lib/x86_64-linux-gnu/libtinfo.so.6.2)
==613770==    by 0x10A36B: fill_tree (parser.c:59)
==613706==    by 0x4AB8F1B: _nc_setupterm (in /usr/lib/x86_64-linux-gnu/libtinfo.so.6.2)
==613770==    by 0x10A2C6: parser (parser.c:39)
==613706==    by 0x4AB9459: tgetent_sp (in /usr/lib/x86_64-linux-gnu/libtinfo.so.6.2)
==613770==    by 0x1096B7: minishell_loop (minishell.c:83)
==613800== 16 bytes in 1 blocks are still reachable in loss record 11 of 81
==613706==    by 0x489475B: _rl_init_terminal_io (in /usr/lib/x86_64-linux-gnu/libreadline.so.8.0)
==613770==    by 0x1094F6: main (minishell.c:27)
==613800==    at 0x483B7F3: malloc (in /usr/lib/x86_64-linux-gnu/valgrind/vgpreload_memcheck-amd64-linux.so)
==613706==    by 0x48791FF: rl_initialize (in /usr/lib/x86_64-linux-gnu/libreadline.so.8.0)
==613770== 
==613800==    by 0x10C7C9: malloc_p (protected_methods.c:19)
==613706==    by 0x48794AF: readline (in /usr/lib/x86_64-linux-gnu/libreadline.so.8.0)
==613706==    by 0x109668: minishell_loop (minishell.c:76)
==613800==    by 0x10A529: init_cmd (parser.c:99)
==613706==    by 0x1094F6: main (minishell.c:27)
==613800==    by 0x10A353: fill_tree (parser.c:59)
==613770== 32 bytes in 1 blocks are indirectly lost in loss record 23 of 77
==613706== 
==613770==    at 0x483B7F3: malloc (in /usr/lib/x86_64-linux-gnu/valgrind/vgpreload_memcheck-amd64-linux.so)
==613800==    by 0x10A2C6: parser (parser.c:39)
==613770==    by 0x10C7C9: malloc_p (protected_methods.c:19)
==613706== 80 (32 direct, 48 indirect) bytes in 1 blocks are definitely lost in loss record 36 of 74
==613800==    by 0x1096B7: minishell_loop (minishell.c:83)
==613706==    at 0x483B7F3: malloc (in /usr/lib/x86_64-linux-gnu/valgrind/vgpreload_memcheck-amd64-linux.so)
==613770==    by 0x10D692: treenew_p (treenew_p.c:19)
==613800==    by 0x1094F6: main (minishell.c:27)
==613706==    by 0x10C7C9: malloc_p (protected_methods.c:19)
==613770==    by 0x10A36B: fill_tree (parser.c:59)
==613706==    by 0x10D692: treenew_p (treenew_p.c:19)
==613800== 
==613770==    by 0x10A2C6: parser (parser.c:39)
==613706==    by 0x10A2A8: parser (parser.c:38)
==613770==    by 0x1096B7: minishell_loop (minishell.c:83)
==613800== 16 bytes in 1 blocks are still reachable in loss record 12 of 81
==613706==    by 0x1096B7: minishell_loop (minishell.c:83)
==613770==    by 0x1094F6: main (minishell.c:27)
==613800==    at 0x483B7F3: malloc (in /usr/lib/x86_64-linux-gnu/valgrind/vgpreload_memcheck-amd64-linux.so)
==613706==    by 0x1094F6: main (minishell.c:27)
==613770== 
==613706== 
==613800==    by 0x10CDD8: ft_split (ft_split.c:39)
==613770== 32 bytes in 1 blocks are indirectly lost in loss record 24 of 77
==613800==    by 0x10974F: exec (minishell.c:107)
==613770==    at 0x483B7F3: malloc (in /usr/lib/x86_64-linux-gnu/valgrind/vgpreload_memcheck-amd64-linux.so)
==613800==    by 0x10B1E6: child (executor.c:85)
==613706== 156 bytes in 1 blocks are still reachable in loss record 37 of 74
==613770==    by 0x10C7C9: malloc_p (protected_methods.c:19)
==613770==    by 0x10D692: treenew_p (treenew_p.c:19)
==613706==    at 0x483DD99: calloc (in /usr/lib/x86_64-linux-gnu/valgrind/vgpreload_memcheck-amd64-linux.so)
==613770==    by 0x10A3A6: fill_tree (parser.c:61)
==613706==    by 0x4ABF140: _nc_read_termtype (in /usr/lib/x86_64-linux-gnu/libtinfo.so.6.2)
==613770==    by 0x10A2C6: parser (parser.c:39)
==613706==    by 0x4ABFA8C: ??? (in /usr/lib/x86_64-linux-gnu/libtinfo.so.6.2)
==613800==    by 0x10B117: launch_commands (executor.c:68)
==613770==    by 0x1096B7: minishell_loop (minishell.c:83)
==613706==    by 0x4ABFE83: ??? (in /usr/lib/x86_64-linux-gnu/libtinfo.so.6.2)
==613800==    by 0x10B061: launch_commands (executor.c:52)
==613770==    by 0x1094F6: main (minishell.c:27)
==613706==    by 0x4ABFFB4: _nc_read_entry2 (in /usr/lib/x86_64-linux-gnu/libtinfo.so.6.2)
==613800==    by 0x10AFA8: executor (executor.c:32)
==613770== 
==613706==    by 0x4AB8AF5: ??? (in /usr/lib/x86_64-linux-gnu/libtinfo.so.6.2)
==613800==    by 0x1096CE: minishell_loop (minishell.c:86)
==613706==    by 0x4AB8F04: _nc_setupterm (in /usr/lib/x86_64-linux-gnu/libtinfo.so.6.2)
==613706==    by 0x4AB9459: tgetent_sp (in /usr/lib/x86_64-linux-gnu/libtinfo.so.6.2)
==613706==    by 0x489475B: _rl_init_terminal_io (in /usr/lib/x86_64-linux-gnu/libreadline.so.8.0)
==613706==    by 0x48791FF: rl_initialize (in /usr/lib/x86_64-linux-gnu/libreadline.so.8.0)
==613706==    by 0x48794AF: readline (in /usr/lib/x86_64-linux-gnu/libreadline.so.8.0)
==613706==    by 0x109668: minishell_loop (minishell.c:76)
==613706== 
==613706== 256 bytes in 1 blocks are still reachable in loss record 38 of 74
==613706==    at 0x483B7F3: malloc (in /usr/lib/x86_64-linux-gnu/valgrind/vgpreload_memcheck-amd64-linux.so)
==613706==    by 0x489F00C: xmalloc (in /usr/lib/x86_64-linux-gnu/libreadline.so.8.0)
==613706==    by 0x4879466: rl_initialize (in /usr/lib/x86_64-linux-gnu/libreadline.so.8.0)
==613706==    by 0x48794AF: readline (in /usr/lib/x86_64-linux-gnu/libreadline.so.8.0)
==613706==    by 0x109668: minishell_loop (minishell.c:76)
==613770== 32 bytes in 1 blocks are indirectly lost in loss record 25 of 77
==613706==    by 0x1094F6: main (minishell.c:27)
==613706== 
==613800==    by 0x1094F6: main (minishell.c:27)
==613706== 280 bytes in 1 blocks are still reachable in loss record 39 of 74
==613800== 
==613770==    at 0x483B7F3: malloc (in /usr/lib/x86_64-linux-gnu/valgrind/vgpreload_memcheck-amd64-linux.so)
==613706==    at 0x483DD99: calloc (in /usr/lib/x86_64-linux-gnu/valgrind/vgpreload_memcheck-amd64-linux.so)
==613770==    by 0x10C7C9: malloc_p (protected_methods.c:19)
==613706==    by 0x4AB8EB7: _nc_setupterm (in /usr/lib/x86_64-linux-gnu/libtinfo.so.6.2)
==613800== 16 bytes in 3 blocks are still reachable in loss record 13 of 81
==613770==    by 0x10D692: treenew_p (treenew_p.c:19)
==613706==    by 0x4AB9459: tgetent_sp (in /usr/lib/x86_64-linux-gnu/libtinfo.so.6.2)
==613800==    at 0x483B7F3: malloc (in /usr/lib/x86_64-linux-gnu/valgrind/vgpreload_memcheck-amd64-linux.so)
==613770==    by 0x10A44D: fill_tree (parser.c:69)
==613706==    by 0x489475B: _rl_init_terminal_io (in /usr/lib/x86_64-linux-gnu/libreadline.so.8.0)
==613706==    by 0x48791FF: rl_initialize (in /usr/lib/x86_64-linux-gnu/libreadline.so.8.0)
==613706==    by 0x48794AF: readline (in /usr/lib/x86_64-linux-gnu/libreadline.so.8.0)
==613706==    by 0x109668: minishell_loop (minishell.c:76)
==613706==    by 0x1094F6: main (minishell.c:27)
==613706== 
==613706== 632 bytes in 1 blocks are still reachable in loss record 40 of 74
==613800==    by 0x489F00C: xmalloc (in /usr/lib/x86_64-linux-gnu/libreadline.so.8.0)
==613770==    by 0x10A2C6: parser (parser.c:39)
