==12760==    by 0x48838C8: rl_initialize_funmap (in /usr/lib/x86_64-linux-gnu/libreadline.so.8.1)
==12837==    by 0x488D8B3: ??? (in /usr/lib/x86_64-linux-gnu/libreadline.so.8.1)
==12840==    by 0x10CBDB: lstnew_p (lstnew_p.c:19)
==12759==    by 0x488DAB8: rl_initialize (in /usr/lib/x86_64-linux-gnu/libreadline.so.8.1)
==12839== 
==12760==    by 0x488DA2C: rl_initialize (in /usr/lib/x86_64-linux-gnu/libreadline.so.8.1)
==12836== 4,112 bytes in 1 blocks are still reachable in loss record 68 of 83
==12837==    by 0x488DA84: rl_initialize (in /usr/lib/x86_64-linux-gnu/libreadline.so.8.1)
==12840==    by 0x10C33D: ft_setenv (envp_table.c:64)
==12759==    by 0x488DCD4: readline (in /usr/lib/x86_64-linux-gnu/libreadline.so.8.1)
==12760==    by 0x488DCD4: readline (in /usr/lib/x86_64-linux-gnu/libreadline.so.8.1)
==12839== 4,080 bytes in 1 blocks are still reachable in loss record 66 of 83
==12836==    at 0x4848899: malloc (in /usr/libexec/valgrind/vgpreload_memcheck-amd64-linux.so)
==12837==    by 0x488DCD4: readline (in /usr/lib/x86_64-linux-gnu/libreadline.so.8.1)
==12840==    by 0x10C556: envp_table_init (envp_table.c:127)
==12759==    by 0x10967D: minishell_loop (minishell.c:76)
==12760==    by 0x10967D: minishell_loop (minishell.c:76)
==12839==    at 0x4848899: malloc (in /usr/libexec/valgrind/vgpreload_memcheck-amd64-linux.so)
==12836==    by 0x48A5BAC: xmalloc (in /usr/lib/x86_64-linux-gnu/libreadline.so.8.1)
==12837==    by 0x10967D: minishell_loop (minishell.c:76)
==12840==    by 0x1095DC: init_data (minishell.c:52)
==12759==    by 0x1094F6: main (minishell.c:27)
==12760==    by 0x1094F6: main (minishell.c:27)
==12839==    by 0x48A5BAC: xmalloc (in /usr/lib/x86_64-linux-gnu/libreadline.so.8.1)
==12836==    by 0x4882251: rl_make_bare_keymap (in /usr/lib/x86_64-linux-gnu/libreadline.so.8.1)
==12837==    by 0x1094F6: main (minishell.c:27)
==12840==    by 0x1094EC: main (minishell.c:25)
==12759== 
==12760== 
==12839==    by 0x48A13F9: _rl_init_terminal_io (in /usr/lib/x86_64-linux-gnu/libreadline.so.8.1)
==12836==    by 0x4882B6A: rl_generic_bind (in /usr/lib/x86_64-linux-gnu/libreadline.so.8.1)
==12837== 
==12840== 
==12759== 7,952 bytes in 1 blocks are still reachable in loss record 66 of 76
==12839==    by 0x488DA0F: rl_initialize (in /usr/lib/x86_64-linux-gnu/libreadline.so.8.1)
==12760== 3,312 bytes in 1 blocks are still reachable in loss record 61 of 83
==12836==    by 0x488D75D: rl_bind_keyseq_if_unbound_in_map (in /usr/lib/x86_64-linux-gnu/libreadline.so.8.1)
==12837== 4,112 bytes in 1 blocks are still reachable in loss record 68 of 83
==12759==    at 0x484DA83: calloc (in /usr/libexec/valgrind/vgpreload_memcheck-amd64-linux.so)
==12840== 2,032 bytes in 1 blocks are still reachable in loss record 58 of 83
==12839==    by 0x488DCD4: readline (in /usr/lib/x86_64-linux-gnu/libreadline.so.8.1)
==12760==    at 0x484DA83: calloc (in /usr/libexec/valgrind/vgpreload_memcheck-amd64-linux.so)
==12836==    by 0x488D94C: ??? (in /usr/lib/x86_64-linux-gnu/libreadline.so.8.1)
==12837==    at 0x4848899: malloc (in /usr/libexec/valgrind/vgpreload_memcheck-amd64-linux.so)
==12759==    by 0x4AF6C97: ??? (in /usr/lib/x86_64-linux-gnu/libtinfo.so.6.3)
==12840==    at 0x4848899: malloc (in /usr/libexec/valgrind/vgpreload_memcheck-amd64-linux.so)
==12839==    by 0x10967D: minishell_loop (minishell.c:76)
==12760==    by 0x4B02CF6: _nc_read_termtype (in /usr/lib/x86_64-linux-gnu/libtinfo.so.6.3)
==12836==    by 0x488DA84: rl_initialize (in /usr/lib/x86_64-linux-gnu/libreadline.so.8.1)
==12837==    by 0x48A5BAC: xmalloc (in /usr/lib/x86_64-linux-gnu/libreadline.so.8.1)
==12759==    by 0x4AF83AF: _nc_find_type_entry (in /usr/lib/x86_64-linux-gnu/libtinfo.so.6.3)
==12840==    by 0x48A5BAC: xmalloc (in /usr/lib/x86_64-linux-gnu/libreadline.so.8.1)
==12839==    by 0x1094F6: main (minishell.c:27)
==12760==    by 0x4B0352A: ??? (in /usr/lib/x86_64-linux-gnu/libtinfo.so.6.3)
==12836==    by 0x488DCD4: readline (in /usr/lib/x86_64-linux-gnu/libreadline.so.8.1)
==12837==    by 0x4882251: rl_make_bare_keymap (in /usr/lib/x86_64-linux-gnu/libreadline.so.8.1)
==12759==    by 0x4AFAE4C: tgetstr_sp (in /usr/lib/x86_64-linux-gnu/libtinfo.so.6.3)
==12840==    by 0x48A1419: _rl_init_terminal_io (in /usr/lib/x86_64-linux-gnu/libreadline.so.8.1)
==12839== 
==12760==    by 0x4B05C40: ??? (in /usr/lib/x86_64-linux-gnu/libtinfo.so.6.3)
==12836==    by 0x10967D: minishell_loop (minishell.c:76)
==12837==    by 0x4882B6A: rl_generic_bind (in /usr/lib/x86_64-linux-gnu/libreadline.so.8.1)
==12759==    by 0x48A121A: _rl_init_terminal_io (in /usr/lib/x86_64-linux-gnu/libreadline.so.8.1)
==12840==    by 0x488DA0F: rl_initialize (in /usr/lib/x86_64-linux-gnu/libreadline.so.8.1)
==12760==    by 0x4B036BB: _nc_read_entry2 (in /usr/lib/x86_64-linux-gnu/libtinfo.so.6.3)
==12839== 4,112 bytes in 1 blocks are still reachable in loss record 67 of 83
==12836==    by 0x1094F6: main (minishell.c:27)
==12837==    by 0x488D75D: rl_bind_keyseq_if_unbound_in_map (in /usr/lib/x86_64-linux-gnu/libreadline.so.8.1)
==12759==    by 0x488DA0F: rl_initialize (in /usr/lib/x86_64-linux-gnu/libreadline.so.8.1)
==12840==    by 0x488DCD4: readline (in /usr/lib/x86_64-linux-gnu/libreadline.so.8.1)
==12760==    by 0x4B03711: ??? (in /usr/lib/x86_64-linux-gnu/libtinfo.so.6.3)
==12839==    at 0x4848899: malloc (in /usr/libexec/valgrind/vgpreload_memcheck-amd64-linux.so)
==12836== 
==12837==    by 0x488D94C: ??? (in /usr/lib/x86_64-linux-gnu/libreadline.so.8.1)
==12759==    by 0x488DCD4: readline (in /usr/lib/x86_64-linux-gnu/libreadline.so.8.1)
==12840==    by 0x10967D: minishell_loop (minishell.c:76)
==12760==    by 0x4B03866: _nc_setupterm (in /usr/lib/x86_64-linux-gnu/libtinfo.so.6.3)
==12839==    by 0x48A5BAC: xmalloc (in /usr/lib/x86_64-linux-gnu/libreadline.so.8.1)
==12837==    by 0x488DA84: rl_initialize (in /usr/lib/x86_64-linux-gnu/libreadline.so.8.1)
==12836== 4,112 bytes in 1 blocks are still reachable in loss record 69 of 83
==12759==    by 0x10967D: minishell_loop (minishell.c:76)
==12840==    by 0x1094F6: main (minishell.c:27)
==12760==    by 0x4B044C9: tgetent_sp (in /usr/lib/x86_64-linux-gnu/libtinfo.so.6.3)
==12839==    by 0x4882251: rl_make_bare_keymap (in /usr/lib/x86_64-linux-gnu/libreadline.so.8.1)
==12837==    by 0x488DCD4: readline (in /usr/lib/x86_64-linux-gnu/libreadline.so.8.1)
==12836==    at 0x4848899: malloc (in /usr/libexec/valgrind/vgpreload_memcheck-amd64-linux.so)
==12759==    by 0x1094F6: main (minishell.c:27)
==12840== 
==12760==    by 0x48A11CD: _rl_init_terminal_io (in /usr/lib/x86_64-linux-gnu/libreadline.so.8.1)
==12839==    by 0x4882B6A: rl_generic_bind (in /usr/lib/x86_64-linux-gnu/libreadline.so.8.1)
==12837==    by 0x10967D: minishell_loop (minishell.c:76)
==12836==    by 0x48A5BAC: xmalloc (in /usr/lib/x86_64-linux-gnu/libreadline.so.8.1)
==12759== 
==12840== 2,040 bytes in 1 blocks are still reachable in loss record 59 of 83
==12760==    by 0x488DA0F: rl_initialize (in /usr/lib/x86_64-linux-gnu/libreadline.so.8.1)
==12839==    by 0x488D75D: rl_bind_keyseq_if_unbound_in_map (in /usr/lib/x86_64-linux-gnu/libreadline.so.8.1)
==12837==    by 0x1094F6: main (minishell.c:27)
==12836==    by 0x4882251: rl_make_bare_keymap (in /usr/lib/x86_64-linux-gnu/libreadline.so.8.1)
==12759== 8,224 bytes in 2 blocks are still reachable in loss record 67 of 76
==12840==    at 0x484DA83: calloc (in /usr/libexec/valgrind/vgpreload_memcheck-amd64-linux.so)
==12760==    by 0x488DCD4: readline (in /usr/lib/x86_64-linux-gnu/libreadline.so.8.1)
==12839==    by 0x488D8B3: ??? (in /usr/lib/x86_64-linux-gnu/libreadline.so.8.1)
==12837== 
==12836==    by 0x4882B6A: rl_generic_bind (in /usr/lib/x86_64-linux-gnu/libreadline.so.8.1)
==12759==    at 0x4848899: malloc (in /usr/libexec/valgrind/vgpreload_memcheck-amd64-linux.so)
==12840==    by 0x10C846: calloc_p (protected_methods.c:29)
==12760==    by 0x10967D: minishell_loop (minishell.c:76)
==12839==    by 0x488DA84: rl_initialize (in /usr/lib/x86_64-linux-gnu/libreadline.so.8.1)
==12836==    by 0x488D75D: rl_bind_keyseq_if_unbound_in_map (in /usr/lib/x86_64-linux-gnu/libreadline.so.8.1)
==12837== 4,112 bytes in 1 blocks are still reachable in loss record 69 of 83
==12759==    by 0x48A5BAC: xmalloc (in /usr/lib/x86_64-linux-gnu/libreadline.so.8.1)
==12840==    by 0x10C4EB: envp_table_init (envp_table.c:119)
==12760== 
==12839==    by 0x488DCD4: readline (in /usr/lib/x86_64-linux-gnu/libreadline.so.8.1)
==12836==    by 0x488D8B3: ??? (in /usr/lib/x86_64-linux-gnu/libreadline.so.8.1)
==12837==    at 0x4848899: malloc (in /usr/libexec/valgrind/vgpreload_memcheck-amd64-linux.so)
==12759==    by 0x4882251: rl_make_bare_keymap (in /usr/lib/x86_64-linux-gnu/libreadline.so.8.1)
==12840==    by 0x1095DC: init_data (minishell.c:52)
==12839==    by 0x10967D: minishell_loop (minishell.c:76)
==12760== 3,312 bytes in 1 blocks are still reachable in loss record 62 of 83
==12836==    by 0x488DA93: rl_initialize (in /usr/lib/x86_64-linux-gnu/libreadline.so.8.1)
==12837==    by 0x48A5BAC: xmalloc (in /usr/lib/x86_64-linux-gnu/libreadline.so.8.1)
==12759==    by 0x4882B6A: rl_generic_bind (in /usr/lib/x86_64-linux-gnu/libreadline.so.8.1)
==12840==    by 0x1094EC: main (minishell.c:25)
==12839==    by 0x1094F6: main (minishell.c:27)
==12760==    at 0x4848899: malloc (in /usr/libexec/valgrind/vgpreload_memcheck-amd64-linux.so)
==12836==    by 0x488DCD4: readline (in /usr/lib/x86_64-linux-gnu/libreadline.so.8.1)
==12837==    by 0x4882251: rl_make_bare_keymap (in /usr/lib/x86_64-linux-gnu/libreadline.so.8.1)
==12759==    by 0x488D75D: rl_bind_keyseq_if_unbound_in_map (in /usr/lib/x86_64-linux-gnu/libreadline.so.8.1)
==12840== 
==12839== 
==12760==    by 0x4AF7FFF: ??? (in /usr/lib/x86_64-linux-gnu/libtinfo.so.6.3)
==12836==    by 0x10967D: minishell_loop (minishell.c:76)
==12837==    by 0x4882B6A: rl_generic_bind (in /usr/lib/x86_64-linux-gnu/libreadline.so.8.1)
==12759==    by 0x488D93D: ??? (in /usr/lib/x86_64-linux-gnu/libreadline.so.8.1)
==12840== 2,240 bytes in 140 blocks are still reachable in loss record 60 of 83
==12760==    by 0x4B0387D: _nc_setupterm (in /usr/lib/x86_64-linux-gnu/libtinfo.so.6.3)
==12839== 4,112 bytes in 1 blocks are still reachable in loss record 68 of 83
==12836==    by 0x1094F6: main (minishell.c:27)
==12837==    by 0x488D75D: rl_bind_keyseq_if_unbound_in_map (in /usr/lib/x86_64-linux-gnu/libreadline.so.8.1)
==12759==    by 0x488DA84: rl_initialize (in /usr/lib/x86_64-linux-gnu/libreadline.so.8.1)
==12840==    at 0x4848899: malloc (in /usr/libexec/valgrind/vgpreload_memcheck-amd64-linux.so)
==12760==    by 0x4B044C9: tgetent_sp (in /usr/lib/x86_64-linux-gnu/libtinfo.so.6.3)
==12839==    at 0x4848899: malloc (in /usr/libexec/valgrind/vgpreload_memcheck-amd64-linux.so)
==12836== 
==12837==    by 0x488D8B3: ??? (in /usr/lib/x86_64-linux-gnu/libreadline.so.8.1)
==12759==    by 0x488DCD4: readline (in /usr/lib/x86_64-linux-gnu/libreadline.so.8.1)
==12840==    by 0x48A5BAC: xmalloc (in /usr/lib/x86_64-linux-gnu/libreadline.so.8.1)
==12760==    by 0x48A11CD: _rl_init_terminal_io (in /usr/lib/x86_64-linux-gnu/libreadline.so.8.1)
==12839==    by 0x48A5BAC: xmalloc (in /usr/lib/x86_64-linux-gnu/libreadline.so.8.1)
==12837==    by 0x488DA93: rl_initialize (in /usr/lib/x86_64-linux-gnu/libreadline.so.8.1)
==12836== 4,112 bytes in 1 blocks are still reachable in loss record 70 of 83
==12759==    by 0x10967D: minishell_loop (minishell.c:76)
==12840==    by 0x4883822: rl_add_funmap_entry (in /usr/lib/x86_64-linux-gnu/libreadline.so.8.1)
==12760==    by 0x488DA0F: rl_initialize (in /usr/lib/x86_64-linux-gnu/libreadline.so.8.1)
==12839==    by 0x4882251: rl_make_bare_keymap (in /usr/lib/x86_64-linux-gnu/libreadline.so.8.1)
==12837==    by 0x488DCD4: readline (in /usr/lib/x86_64-linux-gnu/libreadline.so.8.1)
==12836==    at 0x4848899: malloc (in /usr/libexec/valgrind/vgpreload_memcheck-amd64-linux.so)
==12759==    by 0x1094F6: main (minishell.c:27)
==12840==    by 0x48838C8: rl_initialize_funmap (in /usr/lib/x86_64-linux-gnu/libreadline.so.8.1)
==12760==    by 0x488DCD4: readline (in /usr/lib/x86_64-linux-gnu/libreadline.so.8.1)
==12839==    by 0x4882B6A: rl_generic_bind (in /usr/lib/x86_64-linux-gnu/libreadline.so.8.1)
==12837==    by 0x10967D: minishell_loop (minishell.c:76)
==12836==    by 0x48A5BAC: xmalloc (in /usr/lib/x86_64-linux-gnu/libreadline.so.8.1)
==12759== 
==12840==    by 0x488DA2C: rl_initialize (in /usr/lib/x86_64-linux-gnu/libreadline.so.8.1)
==12760==    by 0x10967D: minishell_loop (minishell.c:76)
==12839==    by 0x488D75D: rl_bind_keyseq_if_unbound_in_map (in /usr/lib/x86_64-linux-gnu/libreadline.so.8.1)
==12837==    by 0x1094F6: main (minishell.c:27)
==12836==    by 0x4882251: rl_make_bare_keymap (in /usr/lib/x86_64-linux-gnu/libreadline.so.8.1)
==12759== 8,224 bytes in 2 blocks are still reachable in loss record 68 of 76
==12840==    by 0x488DCD4: readline (in /usr/lib/x86_64-linux-gnu/libreadline.so.8.1)
==12760==    by 0x1094F6: main (minishell.c:27)
==12839==    by 0x488D94C: ??? (in /usr/lib/x86_64-linux-gnu/libreadline.so.8.1)
==12837== 
==12836==    by 0x4882B6A: rl_generic_bind (in /usr/lib/x86_64-linux-gnu/libreadline.so.8.1)
==12759==    at 0x4848899: malloc (in /usr/libexec/valgrind/vgpreload_memcheck-amd64-linux.so)
==12840==    by 0x10967D: minishell_loop (minishell.c:76)
==12760== 
==12839==    by 0x488DA84: rl_initialize (in /usr/lib/x86_64-linux-gnu/libreadline.so.8.1)
==12836==    by 0x488D75D: rl_bind_keyseq_if_unbound_in_map (in /usr/lib/x86_64-linux-gnu/libreadline.so.8.1)
==12837== 4,112 bytes in 1 blocks are still reachable in loss record 70 of 83
==12759==    by 0x48A5BAC: xmalloc (in /usr/lib/x86_64-linux-gnu/libreadline.so.8.1)
==12840==    by 0x1094F6: main (minishell.c:27)
==12839==    by 0x488DCD4: readline (in /usr/lib/x86_64-linux-gnu/libreadline.so.8.1)
==12760== 3,802 bytes in 7 blocks are still reachable in loss record 63 of 83
==12836==    by 0x488D94C: ??? (in /usr/lib/x86_64-linux-gnu/libreadline.so.8.1)
==12837==    at 0x4848899: malloc (in /usr/libexec/valgrind/vgpreload_memcheck-amd64-linux.so)
==12759==    by 0x4882251: rl_make_bare_keymap (in /usr/lib/x86_64-linux-gnu/libreadline.so.8.1)
==12840== 
==12839==    by 0x10967D: minishell_loop (minishell.c:76)
==12760==    at 0x4848899: malloc (in /usr/libexec/valgrind/vgpreload_memcheck-amd64-linux.so)
==12836==    by 0x488DA93: rl_initialize (in /usr/lib/x86_64-linux-gnu/libreadline.so.8.1)
==12837==    by 0x48A5BAC: xmalloc (in /usr/lib/x86_64-linux-gnu/libreadline.so.8.1)
==12759==    by 0x4882B6A: rl_generic_bind (in /usr/lib/x86_64-linux-gnu/libreadline.so.8.1)
==12840== 3,312 bytes in 1 blocks are still reachable in loss record 61 of 83
==12839==    by 0x1094F6: main (minishell.c:27)
==12840==    at 0x484DA83: calloc (in /usr/libexec/valgrind/vgpreload_memcheck-amd64-linux.so)
==12760==    by 0x4A152FA: __nss_module_allocate (nss_module.c:88)
==12836==    by 0x488DCD4: readline (in /usr/lib/x86_64-linux-gnu/libreadline.so.8.1)
==12837==    by 0x4882251: rl_make_bare_keymap (in /usr/lib/x86_64-linux-gnu/libreadline.so.8.1)
==12759==    by 0x488D75D: rl_bind_keyseq_if_unbound_in_map (in /usr/lib/x86_64-linux-gnu/libreadline.so.8.1)
==12839== 
==12840==    by 0x4B02CF6: _nc_read_termtype (in /usr/lib/x86_64-linux-gnu/libtinfo.so.6.3)
==12760==    by 0x4A15A7E: nss_action_parse (nss_action_parse.c:57)
==12836==    by 0x10967D: minishell_loop (minishell.c:76)
==12837==    by 0x4882B6A: rl_generic_bind (in /usr/lib/x86_64-linux-gnu/libreadline.so.8.1)
==12759==    by 0x488D832: ??? (in /usr/lib/x86_64-linux-gnu/libreadline.so.8.1)
==12840==    by 0x4B0352A: ??? (in /usr/lib/x86_64-linux-gnu/libtinfo.so.6.3)
==12839== 4,112 bytes in 1 blocks are still reachable in loss record 69 of 83
==12760==    by 0x4A15A7E: __nss_action_parse (nss_action_parse.c:169)
==12836==    by 0x1094F6: main (minishell.c:27)
==12837==    by 0x488D75D: rl_bind_keyseq_if_unbound_in_map (in /usr/lib/x86_64-linux-gnu/libreadline.so.8.1)
==12759==    by 0x488DA93: rl_initialize (in /usr/lib/x86_64-linux-gnu/libreadline.so.8.1)
==12840==    by 0x4B05C40: ??? (in /usr/lib/x86_64-linux-gnu/libtinfo.so.6.3)
==12839==    at 0x4848899: malloc (in /usr/libexec/valgrind/vgpreload_memcheck-amd64-linux.so)
==12760==    by 0x4A163E8: process_line (nss_database.c:232)
==12836== 
==12837==    by 0x488D94C: ??? (in /usr/lib/x86_64-linux-gnu/libreadline.so.8.1)
==12759==    by 0x488DCD4: readline (in /usr/lib/x86_64-linux-gnu/libreadline.so.8.1)
==12840==    by 0x4B036BB: _nc_read_entry2 (in /usr/lib/x86_64-linux-gnu/libtinfo.so.6.3)
==12839==    by 0x48A5BAC: xmalloc (in /usr/lib/x86_64-linux-gnu/libreadline.so.8.1)
==12760==    by 0x4A163E8: nss_database_reload_1 (nss_database.c:294)
==12837==    by 0x488DA93: rl_initialize (in /usr/lib/x86_64-linux-gnu/libreadline.so.8.1)
==12836== 4,112 bytes in 1 blocks are still reachable in loss record 71 of 83
==12759==    by 0x10967D: minishell_loop (minishell.c:76)
==12840==    by 0x4B03711: ??? (in /usr/lib/x86_64-linux-gnu/libtinfo.so.6.3)
==12839==    by 0x4882251: rl_make_bare_keymap (in /usr/lib/x86_64-linux-gnu/libreadline.so.8.1)
==12760==    by 0x4A163E8: nss_database_reload (nss_database.c:332)
==12837==    by 0x488DCD4: readline (in /usr/lib/x86_64-linux-gnu/libreadline.so.8.1)
==12836==    at 0x4848899: malloc (in /usr/libexec/valgrind/vgpreload_memcheck-amd64-linux.so)
==12759==    by 0x1094F6: main (minishell.c:27)
==12840==    by 0x4B03866: _nc_setupterm (in /usr/lib/x86_64-linux-gnu/libtinfo.so.6.3)
==12839==    by 0x4882B6A: rl_generic_bind (in /usr/lib/x86_64-linux-gnu/libreadline.so.8.1)
==12760==    by 0x4A163E8: nss_database_check_reload_and_get (nss_database.c:448)
==12837==    by 0x10967D: minishell_loop (minishell.c:76)
==12836==    by 0x48A5BAC: xmalloc (in /usr/lib/x86_64-linux-gnu/libreadline.so.8.1)
==12759== 
==12840==    by 0x4B044C9: tgetent_sp (in /usr/lib/x86_64-linux-gnu/libtinfo.so.6.3)
==12839==    by 0x488D75D: rl_bind_keyseq_if_unbound_in_map (in /usr/lib/x86_64-linux-gnu/libreadline.so.8.1)
==12760==    by 0x4A1459B: __nss_passwd_lookup2 (XXX-lookup.c:52)
==12837==    by 0x1094F6: main (minishell.c:27)
==12836==    by 0x4882251: rl_make_bare_keymap (in /usr/lib/x86_64-linux-gnu/libreadline.so.8.1)
==12759== 8,224 bytes in 2 blocks are still reachable in loss record 69 of 76
==12840==    by 0x48A11CD: _rl_init_terminal_io (in /usr/lib/x86_64-linux-gnu/libreadline.so.8.1)
==12839==    by 0x488D8B3: ??? (in /usr/lib/x86_64-linux-gnu/libreadline.so.8.1)
==12760==    by 0x49A9CF4: getpwuid_r@@GLIBC_2.2.5 (getXXbyYY_r.c:264)
==12837== 
==12836==    by 0x4882B6A: rl_generic_bind (in /usr/lib/x86_64-linux-gnu/libreadline.so.8.1)
==12759==    at 0x4848899: malloc (in /usr/libexec/valgrind/vgpreload_memcheck-amd64-linux.so)
==12840==    by 0x488DA0F: rl_initialize (in /usr/lib/x86_64-linux-gnu/libreadline.so.8.1)
==12839==    by 0x488DA93: rl_initialize (in /usr/lib/x86_64-linux-gnu/libreadline.so.8.1)
==12760==    by 0x49A9612: getpwuid (getXXbyYY.c:135)
==12836==    by 0x488D75D: rl_bind_keyseq_if_unbound_in_map (in /usr/lib/x86_64-linux-gnu/libreadline.so.8.1)
==12837== 4,112 bytes in 1 blocks are still reachable in loss record 71 of 83
==12759==    by 0x48A5BAC: xmalloc (in /usr/lib/x86_64-linux-gnu/libreadline.so.8.1)
==12840==    by 0x488DCD4: readline (in /usr/lib/x86_64-linux-gnu/libreadline.so.8.1)
==12839==    by 0x488DCD4: readline (in /usr/lib/x86_64-linux-gnu/libreadline.so.8.1)
==12760==    by 0x48A5EA4: sh_get_home_dir (in /usr/lib/x86_64-linux-gnu/libreadline.so.8.1)
==12836==    by 0x488D8B3: ??? (in /usr/lib/x86_64-linux-gnu/libreadline.so.8.1)
==12837==    at 0x4848899: malloc (in /usr/libexec/valgrind/vgpreload_memcheck-amd64-linux.so)
==12759==    by 0x4882251: rl_make_bare_keymap (in /usr/lib/x86_64-linux-gnu/libreadline.so.8.1)
==12840==    by 0x10967D: minishell_loop (minishell.c:76)
==12839==    by 0x10967D: minishell_loop (minishell.c:76)
==12760==    by 0x48A708C: tilde_expand_word (in /usr/lib/x86_64-linux-gnu/libreadline.so.8.1)
==12836==    by 0x488DAB8: rl_initialize (in /usr/lib/x86_64-linux-gnu/libreadline.so.8.1)
==12837==    by 0x48A5BAC: xmalloc (in /usr/lib/x86_64-linux-gnu/libreadline.so.8.1)
==12759==    by 0x4882B6A: rl_generic_bind (in /usr/lib/x86_64-linux-gnu/libreadline.so.8.1)
==12840== 
==12839==    by 0x1094F6: main (minishell.c:27)
==12760==    by 0x48A72AF: tilde_expand (in /usr/lib/x86_64-linux-gnu/libreadline.so.8.1)
==12836==    by 0x488DCD4: readline (in /usr/lib/x86_64-linux-gnu/libreadline.so.8.1)
==12837==    by 0x4882251: rl_make_bare_keymap (in /usr/lib/x86_64-linux-gnu/libreadline.so.8.1)
==12759==    by 0x488D75D: rl_bind_keyseq_if_unbound_in_map (in /usr/lib/x86_64-linux-gnu/libreadline.so.8.1)
==12839== 
==12840== 3,312 bytes in 1 blocks are still reachable in loss record 62 of 83
==12760==    by 0x4893A3A: ??? (in /usr/lib/x86_64-linux-gnu/libreadline.so.8.1)
==12836==    by 0x10967D: minishell_loop (minishell.c:76)
==12837==    by 0x4882B6A: rl_generic_bind (in /usr/lib/x86_64-linux-gnu/libreadline.so.8.1)
==12759==    by 0x488D832: ??? (in /usr/lib/x86_64-linux-gnu/libreadline.so.8.1)
==12839== 4,112 bytes in 1 blocks are still reachable in loss record 70 of 83
==12840==    at 0x4848899: malloc (in /usr/libexec/valgrind/vgpreload_memcheck-amd64-linux.so)
==12760==    by 0x4893CDF: rl_read_init_file (in /usr/lib/x86_64-linux-gnu/libreadline.so.8.1)
==12836==    by 0x1094F6: main (minishell.c:27)
==12837==    by 0x488D75D: rl_bind_keyseq_if_unbound_in_map (in /usr/lib/x86_64-linux-gnu/libreadline.so.8.1)
==12759==    by 0x488DAB8: rl_initialize (in /usr/lib/x86_64-linux-gnu/libreadline.so.8.1)
==12839==    at 0x4848899: malloc (in /usr/libexec/valgrind/vgpreload_memcheck-amd64-linux.so)
==12840==    by 0x4AF7FFF: ??? (in /usr/lib/x86_64-linux-gnu/libtinfo.so.6.3)
==12760== 
==12836== 
==12837==    by 0x488D8B3: ??? (in /usr/lib/x86_64-linux-gnu/libreadline.so.8.1)
==12759==    by 0x488DCD4: readline (in /usr/lib/x86_64-linux-gnu/libreadline.so.8.1)
==12839==    by 0x48A5BAC: xmalloc (in /usr/lib/x86_64-linux-gnu/libreadline.so.8.1)
==12840==    by 0x4B0387D: _nc_setupterm (in /usr/lib/x86_64-linux-gnu/libtinfo.so.6.3)
==12837==    by 0x488DAB8: rl_initialize (in /usr/lib/x86_64-linux-gnu/libreadline.so.8.1)
==12836== 4,112 bytes in 1 blocks are still reachable in loss record 72 of 83
==12760== 3,904 bytes in 66 blocks are still reachable in loss record 64 of 83
==12759==    by 0x10967D: minishell_loop (minishell.c:76)
==12839==    by 0x4882251: rl_make_bare_keymap (in /usr/lib/x86_64-linux-gnu/libreadline.so.8.1)
==12840==    by 0x4B044C9: tgetent_sp (in /usr/lib/x86_64-linux-gnu/libtinfo.so.6.3)
==12837==    by 0x488DCD4: readline (in /usr/lib/x86_64-linux-gnu/libreadline.so.8.1)
==12836==    at 0x4848899: malloc (in /usr/libexec/valgrind/vgpreload_memcheck-amd64-linux.so)
==12760==    at 0x4848899: malloc (in /usr/libexec/valgrind/vgpreload_memcheck-amd64-linux.so)
==12759==    by 0x1094F6: main (minishell.c:27)
==12839==    by 0x4882B6A: rl_generic_bind (in /usr/lib/x86_64-linux-gnu/libreadline.so.8.1)
==12840==    by 0x48A11CD: _rl_init_terminal_io (in /usr/lib/x86_64-linux-gnu/libreadline.so.8.1)
==12837==    by 0x10967D: minishell_loop (minishell.c:76)
==12836==    by 0x48A5BAC: xmalloc (in /usr/lib/x86_64-linux-gnu/libreadline.so.8.1)
==12760==    by 0x10DA6B: ft_calloc (ft_calloc.c:23)
==12759== 
==12839==    by 0x488D75D: rl_bind_keyseq_if_unbound_in_map (in /usr/lib/x86_64-linux-gnu/libreadline.so.8.1)
==12840==    by 0x488DA0F: rl_initialize (in /usr/lib/x86_64-linux-gnu/libreadline.so.8.1)
==12837==    by 0x1094F6: main (minishell.c:27)
==12836==    by 0x4882251: rl_make_bare_keymap (in /usr/lib/x86_64-linux-gnu/libreadline.so.8.1)
==12760==    by 0x10C10C: env_matrix_add (envp_matrix.c:94)
==12759== 8,224 bytes in 2 blocks are still reachable in loss record 70 of 76
==12839==    by 0x488D94C: ??? (in /usr/lib/x86_64-linux-gnu/libreadline.so.8.1)
==12840==    by 0x488DCD4: readline (in /usr/lib/x86_64-linux-gnu/libreadline.so.8.1)
==12837== 
==12836==    by 0x4882B6A: rl_generic_bind (in /usr/lib/x86_64-linux-gnu/libreadline.so.8.1)
==12760==    by 0x10BCE4: update_env_matrix (envp_matrix.c:27)
==12759==    at 0x4848899: malloc (in /usr/libexec/valgrind/vgpreload_memcheck-amd64-linux.so)
==12839==    by 0x488DA93: rl_initialize (in /usr/lib/x86_64-linux-gnu/libreadline.so.8.1)
==12840==    by 0x10967D: minishell_loop (minishell.c:76)
==12837== 4,112 bytes in 1 blocks are still reachable in loss record 72 of 83
==12836==    by 0x488D75D: rl_bind_keyseq_if_unbound_in_map (in /usr/lib/x86_64-linux-gnu/libreadline.so.8.1)
==12760==    by 0x10C379: ft_setenv (envp_table.c:65)
==12759==    by 0x48A5BAC: xmalloc (in /usr/lib/x86_64-linux-gnu/libreadline.so.8.1)
==12839==    by 0x488DCD4: readline (in /usr/lib/x86_64-linux-gnu/libreadline.so.8.1)
==12840==    by 0x1094F6: main (minishell.c:27)
==12837==    at 0x4848899: malloc (in /usr/libexec/valgrind/vgpreload_memcheck-amd64-linux.so)
==12836==    by 0x488D94C: ??? (in /usr/lib/x86_64-linux-gnu/libreadline.so.8.1)
==12760==    by 0x10C556: envp_table_init (envp_table.c:127)
==12759==    by 0x4882251: rl_make_bare_keymap (in /usr/lib/x86_64-linux-gnu/libreadline.so.8.1)
==12839==    by 0x10967D: minishell_loop (minishell.c:76)
==12840== 
==12837==    by 0x48A5BAC: xmalloc (in /usr/lib/x86_64-linux-gnu/libreadline.so.8.1)
==12836==    by 0x488DAB8: rl_initialize (in /usr/lib/x86_64-linux-gnu/libreadline.so.8.1)
==12760==    by 0x1095DC: init_data (minishell.c:52)
==12759==    by 0x4882B6A: rl_generic_bind (in /usr/lib/x86_64-linux-gnu/libreadline.so.8.1)
==12839==    by 0x1094F6: main (minishell.c:27)
==12837==    by 0x4882251: rl_make_bare_keymap (in /usr/lib/x86_64-linux-gnu/libreadline.so.8.1)
==12840== 3,802 bytes in 7 blocks are still reachable in loss record 63 of 83
==12836==    by 0x488DCD4: readline (in /usr/lib/x86_64-linux-gnu/libreadline.so.8.1)
==12760==    by 0x1094EC: main (minishell.c:25)
==12759==    by 0x488D75D: rl_bind_keyseq_if_unbound_in_map (in /usr/lib/x86_64-linux-gnu/libreadline.so.8.1)
==12839== 
==12837==    by 0x4882B6A: rl_generic_bind (in /usr/lib/x86_64-linux-gnu/libreadline.so.8.1)
==12840==    at 0x4848899: malloc (in /usr/libexec/valgrind/vgpreload_memcheck-amd64-linux.so)
==12836==    by 0x10967D: minishell_loop (minishell.c:76)
==12760== 
==12759==    by 0x488DAD2: rl_initialize (in /usr/lib/x86_64-linux-gnu/libreadline.so.8.1)
==12837==    by 0x488D75D: rl_bind_keyseq_if_unbound_in_map (in /usr/lib/x86_64-linux-gnu/libreadline.so.8.1)
==12839== 4,112 bytes in 1 blocks are still reachable in loss record 71 of 83
==12840==    by 0x4A152FA: __nss_module_allocate (nss_module.c:88)
==12836==    by 0x1094F6: main (minishell.c:27)
==12759==    by 0x488DCD4: readline (in /usr/lib/x86_64-linux-gnu/libreadline.so.8.1)
==12760== 4,016 bytes in 1 blocks are still reachable in loss record 65 of 83
==12837==    by 0x488D94C: ??? (in /usr/lib/x86_64-linux-gnu/libreadline.so.8.1)
==12839==    at 0x4848899: malloc (in /usr/libexec/valgrind/vgpreload_memcheck-amd64-linux.so)
==12836== 
==12840==    by 0x4A15A7E: nss_action_parse (nss_action_parse.c:57)
==12759==    by 0x10967D: minishell_loop (minishell.c:76)
==12760==    at 0x4848899: malloc (in /usr/libexec/valgrind/vgpreload_memcheck-amd64-linux.so)
==12837==    by 0x488DAB8: rl_initialize (in /usr/lib/x86_64-linux-gnu/libreadline.so.8.1)
==12839==    by 0x48A5BAC: xmalloc (in /usr/lib/x86_64-linux-gnu/libreadline.so.8.1)
==12836== 7,952 bytes in 1 blocks are still reachable in loss record 73 of 83
==12840==    by 0x4A15A7E: __nss_action_parse (nss_action_parse.c:169)
==12759==    by 0x1094F6: main (minishell.c:27)
==12760==    by 0x48A5BAC: xmalloc (in /usr/lib/x86_64-linux-gnu/libreadline.so.8.1)
==12837==    by 0x488DCD4: readline (in /usr/lib/x86_64-linux-gnu/libreadline.so.8.1)
==12839==    by 0x4882251: rl_make_bare_keymap (in /usr/lib/x86_64-linux-gnu/libreadline.so.8.1)
==12836==    at 0x484DA83: calloc (in /usr/libexec/valgrind/vgpreload_memcheck-amd64-linux.so)
==12840==    by 0x4A163E8: process_line (nss_database.c:232)
==12759== 
==12760==    by 0x489EFD6: add_history (in /usr/lib/x86_64-linux-gnu/libreadline.so.8.1)
==12837==    by 0x10967D: minishell_loop (minishell.c:76)
==12839==    by 0x4882B6A: rl_generic_bind (in /usr/lib/x86_64-linux-gnu/libreadline.so.8.1)
==12836==    by 0x4AF6C97: ??? (in /usr/lib/x86_64-linux-gnu/libtinfo.so.6.3)
==12840==    by 0x4A163E8: nss_database_reload_1 (nss_database.c:294)
==12759== 12,336 bytes in 3 blocks are still reachable in loss record 71 of 76
==12760==    by 0x1096B3: minishell_loop (minishell.c:81)
==12837==    by 0x1094F6: main (minishell.c:27)
==12839==    by 0x488D75D: rl_bind_keyseq_if_unbound_in_map (in /usr/lib/x86_64-linux-gnu/libreadline.so.8.1)
==12836==    by 0x4AF83AF: _nc_find_type_entry (in /usr/lib/x86_64-linux-gnu/libtinfo.so.6.3)
==12840==    by 0x4A163E8: nss_database_reload (nss_database.c:332)
==12759==    at 0x4848899: malloc (in /usr/libexec/valgrind/vgpreload_memcheck-amd64-linux.so)
==12760==    by 0x1094F6: main (minishell.c:27)
==12837== 
==12839==    by 0x488D8B3: ??? (in /usr/lib/x86_64-linux-gnu/libreadline.so.8.1)
==12836==    by 0x4AFAE4C: tgetstr_sp (in /usr/lib/x86_64-linux-gnu/libtinfo.so.6.3)
==12840==    by 0x4A163E8: nss_database_check_reload_and_get (nss_database.c:448)
==12759==    by 0x48A5BAC: xmalloc (in /usr/lib/x86_64-linux-gnu/libreadline.so.8.1)
==12760== 
==12837== 7,952 bytes in 1 blocks are still reachable in loss record 73 of 83
==12839==    by 0x488DAB8: rl_initialize (in /usr/lib/x86_64-linux-gnu/libreadline.so.8.1)
==12836==    by 0x48A121A: _rl_init_terminal_io (in /usr/lib/x86_64-linux-gnu/libreadline.so.8.1)
==12840==    by 0x4A1459B: __nss_passwd_lookup2 (XXX-lookup.c:52)
==12759==    by 0x4882251: rl_make_bare_keymap (in /usr/lib/x86_64-linux-gnu/libreadline.so.8.1)
==12837==    at 0x484DA83: calloc (in /usr/libexec/valgrind/vgpreload_memcheck-amd64-linux.so)
==12760== 4,080 bytes in 1 blocks are still reachable in loss record 66 of 83
==12839==    by 0x488DCD4: readline (in /usr/lib/x86_64-linux-gnu/libreadline.so.8.1)
==12836==    by 0x488DA0F: rl_initialize (in /usr/lib/x86_64-linux-gnu/libreadline.so.8.1)
==12840==    by 0x49A9CF4: getpwuid_r@@GLIBC_2.2.5 (getXXbyYY_r.c:264)
==12759==    by 0x4882B6A: rl_generic_bind (in /usr/lib/x86_64-linux-gnu/libreadline.so.8.1)
==12837==    by 0x4AF6C97: ??? (in /usr/lib/x86_64-linux-gnu/libtinfo.so.6.3)
==12760==    at 0x4848899: malloc (in /usr/libexec/valgrind/vgpreload_memcheck-amd64-linux.so)
==12839==    by 0x10967D: minishell_loop (minishell.c:76)
==12836==    by 0x488DCD4: readline (in /usr/lib/x86_64-linux-gnu/libreadline.so.8.1)
==12840==    by 0x49A9612: getpwuid (getXXbyYY.c:135)
==12759==    by 0x488D75D: rl_bind_keyseq_if_unbound_in_map (in /usr/lib/x86_64-linux-gnu/libreadline.so.8.1)
==12837==    by 0x4AF83AF: _nc_find_type_entry (in /usr/lib/x86_64-linux-gnu/libtinfo.so.6.3)
==12760==    by 0x48A5BAC: xmalloc (in /usr/lib/x86_64-linux-gnu/libreadline.so.8.1)
==12839==    by 0x1094F6: main (minishell.c:27)
==12836==    by 0x10967D: minishell_loop (minishell.c:76)
==12840==    by 0x48A5EA4: sh_get_home_dir (in /usr/lib/x86_64-linux-gnu/libreadline.so.8.1)
==12759==    by 0x488D914: ??? (in /usr/lib/x86_64-linux-gnu/libreadline.so.8.1)
==12837==    by 0x4AFAE4C: tgetstr_sp (in /usr/lib/x86_64-linux-gnu/libtinfo.so.6.3)
==12760==    by 0x48A13F9: _rl_init_terminal_io (in /usr/lib/x86_64-linux-gnu/libreadline.so.8.1)
==12839== 
==12836==    by 0x1094F6: main (minishell.c:27)
==12840==    by 0x48A708C: tilde_expand_word (in /usr/lib/x86_64-linux-gnu/libreadline.so.8.1)
==12759==    by 0x488DA93: rl_initialize (in /usr/lib/x86_64-linux-gnu/libreadline.so.8.1)
==12837==    by 0x48A121A: _rl_init_terminal_io (in /usr/lib/x86_64-linux-gnu/libreadline.so.8.1)
==12760==    by 0x488DA0F: rl_initialize (in /usr/lib/x86_64-linux-gnu/libreadline.so.8.1)
==12836== 
==12839== 4,112 bytes in 1 blocks are still reachable in loss record 72 of 83
==12840==    by 0x48A72AF: tilde_expand (in /usr/lib/x86_64-linux-gnu/libreadline.so.8.1)
==12759==    by 0x488DCD4: readline (in /usr/lib/x86_64-linux-gnu/libreadline.so.8.1)
==12837==    by 0x488DA0F: rl_initialize (in /usr/lib/x86_64-linux-gnu/libreadline.so.8.1)
==12760==    by 0x488DCD4: readline (in /usr/lib/x86_64-linux-gnu/libreadline.so.8.1)
==12836== 8,224 bytes in 2 blocks are still reachable in loss record 74 of 83
==12839==    at 0x4848899: malloc (in /usr/libexec/valgrind/vgpreload_memcheck-amd64-linux.so)
==12840==    by 0x4893A3A: ??? (in /usr/lib/x86_64-linux-gnu/libreadline.so.8.1)
==12759==    by 0x10967D: minishell_loop (minishell.c:76)
==12837==    by 0x488DCD4: readline (in /usr/lib/x86_64-linux-gnu/libreadline.so.8.1)
==12760==    by 0x10967D: minishell_loop (minishell.c:76)
==12836==    at 0x4848899: malloc (in /usr/libexec/valgrind/vgpreload_memcheck-amd64-linux.so)
==12839==    by 0x48A5BAC: xmalloc (in /usr/lib/x86_64-linux-gnu/libreadline.so.8.1)
==12840==    by 0x4893CDF: rl_read_init_file (in /usr/lib/x86_64-linux-gnu/libreadline.so.8.1)
==12759==    by 0x1094F6: main (minishell.c:27)
==12837==    by 0x10967D: minishell_loop (minishell.c:76)
==12760==    by 0x1094F6: main (minishell.c:27)
==12836==    by 0x48A5BAC: xmalloc (in /usr/lib/x86_64-linux-gnu/libreadline.so.8.1)
==12839==    by 0x4882251: rl_make_bare_keymap (in /usr/lib/x86_64-linux-gnu/libreadline.so.8.1)
==12840== 
==12759== 
==12837==    by 0x1094F6: main (minishell.c:27)
==12760== 
==12836==    by 0x4882251: rl_make_bare_keymap (in /usr/lib/x86_64-linux-gnu/libreadline.so.8.1)
==12839==    by 0x4882B6A: rl_generic_bind (in /usr/lib/x86_64-linux-gnu/libreadline.so.8.1)
==12837== 
==12759== 12,336 bytes in 3 blocks are still reachable in loss record 72 of 76
==12840== 3,904 bytes in 66 blocks are still reachable in loss record 64 of 83
==12836==    by 0x4882B6A: rl_generic_bind (in /usr/lib/x86_64-linux-gnu/libreadline.so.8.1)
==12760== 4,112 bytes in 1 blocks are still reachable in loss record 67 of 83
==12839==    by 0x488D75D: rl_bind_keyseq_if_unbound_in_map (in /usr/lib/x86_64-linux-gnu/libreadline.so.8.1)
==12837== 8,224 bytes in 2 blocks are still reachable in loss record 74 of 83
==12759==    at 0x4848899: malloc (in /usr/libexec/valgrind/vgpreload_memcheck-amd64-linux.so)
==12840==    at 0x4848899: malloc (in /usr/libexec/valgrind/vgpreload_memcheck-amd64-linux.so)
==12836==    by 0x488D75D: rl_bind_keyseq_if_unbound_in_map (in /usr/lib/x86_64-linux-gnu/libreadline.so.8.1)
==12760==    at 0x4848899: malloc (in /usr/libexec/valgrind/vgpreload_memcheck-amd64-linux.so)
==12839==    by 0x488D94C: ??? (in /usr/lib/x86_64-linux-gnu/libreadline.so.8.1)
==12837==    at 0x4848899: malloc (in /usr/libexec/valgrind/vgpreload_memcheck-amd64-linux.so)
==12759==    by 0x48A5BAC: xmalloc (in /usr/lib/x86_64-linux-gnu/libreadline.so.8.1)
==12840==    by 0x10DA6B: ft_calloc (ft_calloc.c:23)
==12836==    by 0x488D93D: ??? (in /usr/lib/x86_64-linux-gnu/libreadline.so.8.1)
==12760==    by 0x48A5BAC: xmalloc (in /usr/lib/x86_64-linux-gnu/libreadline.so.8.1)
==12839==    by 0x488DAB8: rl_initialize (in /usr/lib/x86_64-linux-gnu/libreadline.so.8.1)
==12837==    by 0x48A5BAC: xmalloc (in /usr/lib/x86_64-linux-gnu/libreadline.so.8.1)
==12759==    by 0x4882251: rl_make_bare_keymap (in /usr/lib/x86_64-linux-gnu/libreadline.so.8.1)
==12840==    by 0x10C10C: env_matrix_add (envp_matrix.c:94)
==12836==    by 0x488DA84: rl_initialize (in /usr/lib/x86_64-linux-gnu/libreadline.so.8.1)
==12760==    by 0x4882251: rl_make_bare_keymap (in /usr/lib/x86_64-linux-gnu/libreadline.so.8.1)
==12839==    by 0x488DCD4: readline (in /usr/lib/x86_64-linux-gnu/libreadline.so.8.1)
==12837==    by 0x4882251: rl_make_bare_keymap (in /usr/lib/x86_64-linux-gnu/libreadline.so.8.1)
==12759==    by 0x4882B6A: rl_generic_bind (in /usr/lib/x86_64-linux-gnu/libreadline.so.8.1)
==12840==    by 0x10BCE4: update_env_matrix (envp_matrix.c:27)
==12836==    by 0x488DCD4: readline (in /usr/lib/x86_64-linux-gnu/libreadline.so.8.1)
==12760==    by 0x4882B6A: rl_generic_bind (in /usr/lib/x86_64-linux-gnu/libreadline.so.8.1)
==12839==    by 0x10967D: minishell_loop (minishell.c:76)
==12837==    by 0x4882B6A: rl_generic_bind (in /usr/lib/x86_64-linux-gnu/libreadline.so.8.1)
==12759==    by 0x488D75D: rl_bind_keyseq_if_unbound_in_map (in /usr/lib/x86_64-linux-gnu/libreadline.so.8.1)
==12840==    by 0x10C379: ft_setenv (envp_table.c:65)
==12836==    by 0x10967D: minishell_loop (minishell.c:76)
==12760==    by 0x488D75D: rl_bind_keyseq_if_unbound_in_map (in /usr/lib/x86_64-linux-gnu/libreadline.so.8.1)
==12839==    by 0x1094F6: main (minishell.c:27)
==12837==    by 0x488D75D: rl_bind_keyseq_if_unbound_in_map (in /usr/lib/x86_64-linux-gnu/libreadline.so.8.1)
==12759==    by 0x488D93D: ??? (in /usr/lib/x86_64-linux-gnu/libreadline.so.8.1)
==12840==    by 0x10C556: envp_table_init (envp_table.c:127)
==12836==    by 0x1094F6: main (minishell.c:27)
==12760==    by 0x488D8B3: ??? (in /usr/lib/x86_64-linux-gnu/libreadline.so.8.1)
==12839== 
==12837==    by 0x488D93D: ??? (in /usr/lib/x86_64-linux-gnu/libreadline.so.8.1)
==12759==    by 0x488DA93: rl_initialize (in /usr/lib/x86_64-linux-gnu/libreadline.so.8.1)
==12840==    by 0x1095DC: init_data (minishell.c:52)
==12836== 
==12760==    by 0x488DA84: rl_initialize (in /usr/lib/x86_64-linux-gnu/libreadline.so.8.1)
==12837==    by 0x488DA84: rl_initialize (in /usr/lib/x86_64-linux-gnu/libreadline.so.8.1)
==12839== 7,952 bytes in 1 blocks are still reachable in loss record 73 of 83
==12759==    by 0x488DCD4: readline (in /usr/lib/x86_64-linux-gnu/libreadline.so.8.1)
==12840==    by 0x1094EC: main (minishell.c:25)
==12760==    by 0x488DCD4: readline (in /usr/lib/x86_64-linux-gnu/libreadline.so.8.1)
==12836== 8,224 bytes in 2 blocks are still reachable in loss record 75 of 83
==12837==    by 0x488DCD4: readline (in /usr/lib/x86_64-linux-gnu/libreadline.so.8.1)
==12839==    at 0x484DA83: calloc (in /usr/libexec/valgrind/vgpreload_memcheck-amd64-linux.so)
==12759==    by 0x10967D: minishell_loop (minishell.c:76)
==12840== 
==12760==    by 0x10967D: minishell_loop (minishell.c:76)
==12836==    at 0x4848899: malloc (in /usr/libexec/valgrind/vgpreload_memcheck-amd64-linux.so)
==12837==    by 0x10967D: minishell_loop (minishell.c:76)
==12839==    by 0x4AF6C97: ??? (in /usr/lib/x86_64-linux-gnu/libtinfo.so.6.3)
==12759==    by 0x1094F6: main (minishell.c:27)
==12760==    by 0x1094F6: main (minishell.c:27)
==12840== 4,016 bytes in 1 blocks are still reachable in loss record 65 of 83
==12836==    by 0x48A5BAC: xmalloc (in /usr/lib/x86_64-linux-gnu/libreadline.so.8.1)
==12837==    by 0x1094F6: main (minishell.c:27)
==12839==    by 0x4AF83AF: _nc_find_type_entry (in /usr/lib/x86_64-linux-gnu/libtinfo.so.6.3)
==12759== 
==12760== 
==12840==    at 0x4848899: malloc (in /usr/libexec/valgrind/vgpreload_memcheck-amd64-linux.so)
==12836==    by 0x4882251: rl_make_bare_keymap (in /usr/lib/x86_64-linux-gnu/libreadline.so.8.1)
==12837== 
==12839==    by 0x4AFAE4C: tgetstr_sp (in /usr/lib/x86_64-linux-gnu/libtinfo.so.6.3)
==12759== 12,336 bytes in 3 blocks are still reachable in loss record 73 of 76
==12840==    by 0x48A5BAC: xmalloc (in /usr/lib/x86_64-linux-gnu/libreadline.so.8.1)
==12760== 4,112 bytes in 1 blocks are still reachable in loss record 68 of 83
==12836==    by 0x4882B6A: rl_generic_bind (in /usr/lib/x86_64-linux-gnu/libreadline.so.8.1)
==12837== 8,224 bytes in 2 blocks are still reachable in loss record 75 of 83
==12839==    by 0x48A121A: _rl_init_terminal_io (in /usr/lib/x86_64-linux-gnu/libreadline.so.8.1)
==12759==    at 0x4848899: malloc (in /usr/libexec/valgrind/vgpreload_memcheck-amd64-linux.so)
==12840==    by 0x489EFD6: add_history (in /usr/lib/x86_64-linux-gnu/libreadline.so.8.1)
==12760==    at 0x4848899: malloc (in /usr/libexec/valgrind/vgpreload_memcheck-amd64-linux.so)
==12836==    by 0x488D75D: rl_bind_keyseq_if_unbound_in_map (in /usr/lib/x86_64-linux-gnu/libreadline.so.8.1)
==12837==    at 0x4848899: malloc (in /usr/libexec/valgrind/vgpreload_memcheck-amd64-linux.so)
==12839==    by 0x488DA0F: rl_initialize (in /usr/lib/x86_64-linux-gnu/libreadline.so.8.1)
==12759==    by 0x48A5BAC: xmalloc (in /usr/lib/x86_64-linux-gnu/libreadline.so.8.1)
==12840==    by 0x1096B3: minishell_loop (minishell.c:81)
==12760==    by 0x48A5BAC: xmalloc (in /usr/lib/x86_64-linux-gnu/libreadline.so.8.1)
==12836==    by 0x488D832: ??? (in /usr/lib/x86_64-linux-gnu/libreadline.so.8.1)
==12837==    by 0x48A5BAC: xmalloc (in /usr/lib/x86_64-linux-gnu/libreadline.so.8.1)
==12839==    by 0x488DCD4: readline (in /usr/lib/x86_64-linux-gnu/libreadline.so.8.1)
==12759==    by 0x4882251: rl_make_bare_keymap (in /usr/lib/x86_64-linux-gnu/libreadline.so.8.1)
==12840==    by 0x1094F6: main (minishell.c:27)
==12760==    by 0x4882251: rl_make_bare_keymap (in /usr/lib/x86_64-linux-gnu/libreadline.so.8.1)
==12836==    by 0x488DA93: rl_initialize (in /usr/lib/x86_64-linux-gnu/libreadline.so.8.1)
==12837==    by 0x4882251: rl_make_bare_keymap (in /usr/lib/x86_64-linux-gnu/libreadline.so.8.1)
==12839==    by 0x10967D: minishell_loop (minishell.c:76)
==12759==    by 0x4882B6A: rl_generic_bind (in /usr/lib/x86_64-linux-gnu/libreadline.so.8.1)
==12840== 
==12760==    by 0x4882B6A: rl_generic_bind (in /usr/lib/x86_64-linux-gnu/libreadline.so.8.1)
==12836==    by 0x488DCD4: readline (in /usr/lib/x86_64-linux-gnu/libreadline.so.8.1)
==12837==    by 0x4882B6A: rl_generic_bind (in /usr/lib/x86_64-linux-gnu/libreadline.so.8.1)
==12839==    by 0x1094F6: main (minishell.c:27)
==12759==    by 0x488D75D: rl_bind_keyseq_if_unbound_in_map (in /usr/lib/x86_64-linux-gnu/libreadline.so.8.1)
==12760==    by 0x488D75D: rl_bind_keyseq_if_unbound_in_map (in /usr/lib/x86_64-linux-gnu/libreadline.so.8.1)
==12840== 4,080 bytes in 1 blocks are still reachable in loss record 66 of 83
==12836==    by 0x10967D: minishell_loop (minishell.c:76)
==12837==    by 0x488D75D: rl_bind_keyseq_if_unbound_in_map (in /usr/lib/x86_64-linux-gnu/libreadline.so.8.1)
==12839== 
==12759==    by 0x488D914: ??? (in /usr/lib/x86_64-linux-gnu/libreadline.so.8.1)
==12760==    by 0x488D94C: ??? (in /usr/lib/x86_64-linux-gnu/libreadline.so.8.1)
==12840==    at 0x4848899: malloc (in /usr/libexec/valgrind/vgpreload_memcheck-amd64-linux.so)
==12836==    by 0x1094F6: main (minishell.c:27)
==12837==    by 0x488D832: ??? (in /usr/lib/x86_64-linux-gnu/libreadline.so.8.1)
==12759==    by 0x488DAB8: rl_initialize (in /usr/lib/x86_64-linux-gnu/libreadline.so.8.1)
==12839== 8,224 bytes in 2 blocks are still reachable in loss record 74 of 83
==12760==    by 0x488DA84: rl_initialize (in /usr/lib/x86_64-linux-gnu/libreadline.so.8.1)
==12840==    by 0x48A5BAC: xmalloc (in /usr/lib/x86_64-linux-gnu/libreadline.so.8.1)
==12836== 
==12837==    by 0x488DA93: rl_initialize (in /usr/lib/x86_64-linux-gnu/libreadline.so.8.1)
==12759==    by 0x488DCD4: readline (in /usr/lib/x86_64-linux-gnu/libreadline.so.8.1)
==12839==    at 0x4848899: malloc (in /usr/libexec/valgrind/vgpreload_memcheck-amd64-linux.so)
==12760==    by 0x488DCD4: readline (in /usr/lib/x86_64-linux-gnu/libreadline.so.8.1)
==12840==    by 0x48A13F9: _rl_init_terminal_io (in /usr/lib/x86_64-linux-gnu/libreadline.so.8.1)
==12837==    by 0x488DCD4: readline (in /usr/lib/x86_64-linux-gnu/libreadline.so.8.1)
==12836== 8,224 bytes in 2 blocks are still reachable in loss record 76 of 83
==12759==    by 0x10967D: minishell_loop (minishell.c:76)
==12839==    by 0x48A5BAC: xmalloc (in /usr/lib/x86_64-linux-gnu/libreadline.so.8.1)
==12760==    by 0x10967D: minishell_loop (minishell.c:76)
==12840==    by 0x488DA0F: rl_initialize (in /usr/lib/x86_64-linux-gnu/libreadline.so.8.1)
==12837==    by 0x10967D: minishell_loop (minishell.c:76)
==12836==    at 0x4848899: malloc (in /usr/libexec/valgrind/vgpreload_memcheck-amd64-linux.so)
==12759==    by 0x1094F6: main (minishell.c:27)
==12839==    by 0x4882251: rl_make_bare_keymap (in /usr/lib/x86_64-linux-gnu/libreadline.so.8.1)
==12760==    by 0x1094F6: main (minishell.c:27)
==12840==    by 0x488DCD4: readline (in /usr/lib/x86_64-linux-gnu/libreadline.so.8.1)
==12837==    by 0x1094F6: main (minishell.c:27)
==12836==    by 0x48A5BAC: xmalloc (in /usr/lib/x86_64-linux-gnu/libreadline.so.8.1)
==12759== 
==12839==    by 0x4882B6A: rl_generic_bind (in /usr/lib/x86_64-linux-gnu/libreadline.so.8.1)
==12760== 
==12840==    by 0x10967D: minishell_loop (minishell.c:76)
==12837== 
==12836==    by 0x4882251: rl_make_bare_keymap (in /usr/lib/x86_64-linux-gnu/libreadline.so.8.1)
==12759== 12,336 bytes in 3 blocks are still reachable in loss record 74 of 76
==12839==    by 0x488D75D: rl_bind_keyseq_if_unbound_in_map (in /usr/lib/x86_64-linux-gnu/libreadline.so.8.1)
==12840==    by 0x1094F6: main (minishell.c:27)
==12760== 4,112 bytes in 1 blocks are still reachable in loss record 69 of 83
==12836==    by 0x4882B6A: rl_generic_bind (in /usr/lib/x86_64-linux-gnu/libreadline.so.8.1)
==12837== 8,224 bytes in 2 blocks are still reachable in loss record 76 of 83
==12759==    at 0x4848899: malloc (in /usr/libexec/valgrind/vgpreload_memcheck-amd64-linux.so)
==12839==    by 0x488D93D: ??? (in /usr/lib/x86_64-linux-gnu/libreadline.so.8.1)
==12840== 
==12760==    at 0x4848899: malloc (in /usr/libexec/valgrind/vgpreload_memcheck-amd64-linux.so)
==12836==    by 0x488D75D: rl_bind_keyseq_if_unbound_in_map (in /usr/lib/x86_64-linux-gnu/libreadline.so.8.1)
==12837==    at 0x4848899: malloc (in /usr/libexec/valgrind/vgpreload_memcheck-amd64-linux.so)
==12759==    by 0x48A5BAC: xmalloc (in /usr/lib/x86_64-linux-gnu/libreadline.so.8.1)
==12839==    by 0x488DA84: rl_initialize (in /usr/lib/x86_64-linux-gnu/libreadline.so.8.1)
==12840== 4,112 bytes in 1 blocks are still reachable in loss record 67 of 83
==12760==    by 0x48A5BAC: xmalloc (in /usr/lib/x86_64-linux-gnu/libreadline.so.8.1)
==12836==    by 0x488D832: ??? (in /usr/lib/x86_64-linux-gnu/libreadline.so.8.1)
==12837==    by 0x48A5BAC: xmalloc (in /usr/lib/x86_64-linux-gnu/libreadline.so.8.1)
==12759==    by 0x4882251: rl_make_bare_keymap (in /usr/lib/x86_64-linux-gnu/libreadline.so.8.1)
==12839==    by 0x488DCD4: readline (in /usr/lib/x86_64-linux-gnu/libreadline.so.8.1)
==12840==    at 0x4848899: malloc (in /usr/libexec/valgrind/vgpreload_memcheck-amd64-linux.so)
==12760==    by 0x4882251: rl_make_bare_keymap (in /usr/lib/x86_64-linux-gnu/libreadline.so.8.1)
==12836==    by 0x488DAB8: rl_initialize (in /usr/lib/x86_64-linux-gnu/libreadline.so.8.1)
==12837==    by 0x4882251: rl_make_bare_keymap (in /usr/lib/x86_64-linux-gnu/libreadline.so.8.1)
==12759==    by 0x4882B6A: rl_generic_bind (in /usr/lib/x86_64-linux-gnu/libreadline.so.8.1)
==12839==    by 0x10967D: minishell_loop (minishell.c:76)
==12840==    by 0x48A5BAC: xmalloc (in /usr/lib/x86_64-linux-gnu/libreadline.so.8.1)
==12760==    by 0x4882B6A: rl_generic_bind (in /usr/lib/x86_64-linux-gnu/libreadline.so.8.1)
==12836==    by 0x488DCD4: readline (in /usr/lib/x86_64-linux-gnu/libreadline.so.8.1)
==12837==    by 0x4882B6A: rl_generic_bind (in /usr/lib/x86_64-linux-gnu/libreadline.so.8.1)
==12759==    by 0x488D75D: rl_bind_keyseq_if_unbound_in_map (in /usr/lib/x86_64-linux-gnu/libreadline.so.8.1)
==12839==    by 0x1094F6: main (minishell.c:27)
==12840==    by 0x4882251: rl_make_bare_keymap (in /usr/lib/x86_64-linux-gnu/libreadline.so.8.1)
==12760==    by 0x488D75D: rl_bind_keyseq_if_unbound_in_map (in /usr/lib/x86_64-linux-gnu/libreadline.so.8.1)
==12836==    by 0x10967D: minishell_loop (minishell.c:76)
==12837==    by 0x488D75D: rl_bind_keyseq_if_unbound_in_map (in /usr/lib/x86_64-linux-gnu/libreadline.so.8.1)
==12759==    by 0x488D93D: ??? (in /usr/lib/x86_64-linux-gnu/libreadline.so.8.1)
==12839== 
==12840==    by 0x4882B6A: rl_generic_bind (in /usr/lib/x86_64-linux-gnu/libreadline.so.8.1)
==12760==    by 0x488D8B3: ??? (in /usr/lib/x86_64-linux-gnu/libreadline.so.8.1)
==12836==    by 0x1094F6: main (minishell.c:27)
==12837==    by 0x488D832: ??? (in /usr/lib/x86_64-linux-gnu/libreadline.so.8.1)
==12759==    by 0x488DAB8: rl_initialize (in /usr/lib/x86_64-linux-gnu/libreadline.so.8.1)
==12839== 8,224 bytes in 2 blocks are still reachable in loss record 75 of 83
==12840==    by 0x488D75D: rl_bind_keyseq_if_unbound_in_map (in /usr/lib/x86_64-linux-gnu/libreadline.so.8.1)
==12760==    by 0x488DA93: rl_initialize (in /usr/lib/x86_64-linux-gnu/libreadline.so.8.1)
==12836== 
==12837==    by 0x488DAB8: rl_initialize (in /usr/lib/x86_64-linux-gnu/libreadline.so.8.1)
==12759==    by 0x488DCD4: readline (in /usr/lib/x86_64-linux-gnu/libreadline.so.8.1)
==12839==    at 0x4848899: malloc (in /usr/libexec/valgrind/vgpreload_memcheck-amd64-linux.so)
==12840==    by 0x488D8B3: ??? (in /usr/lib/x86_64-linux-gnu/libreadline.so.8.1)
==12760==    by 0x488DCD4: readline (in /usr/lib/x86_64-linux-gnu/libreadline.so.8.1)
==12837==    by 0x488DCD4: readline (in /usr/lib/x86_64-linux-gnu/libreadline.so.8.1)
==12836== 8,224 bytes in 2 blocks are still reachable in loss record 77 of 83
==12759==    by 0x10967D: minishell_loop (minishell.c:76)
==12839==    by 0x48A5BAC: xmalloc (in /usr/lib/x86_64-linux-gnu/libreadline.so.8.1)
==12840==    by 0x488DA84: rl_initialize (in /usr/lib/x86_64-linux-gnu/libreadline.so.8.1)
==12760==    by 0x10967D: minishell_loop (minishell.c:76)
==12837==    by 0x10967D: minishell_loop (minishell.c:76)
==12836==    at 0x4848899: malloc (in /usr/libexec/valgrind/vgpreload_memcheck-amd64-linux.so)
==12759==    by 0x1094F6: main (minishell.c:27)
==12839==    by 0x4882251: rl_make_bare_keymap (in /usr/lib/x86_64-linux-gnu/libreadline.so.8.1)
==12840==    by 0x488DCD4: readline (in /usr/lib/x86_64-linux-gnu/libreadline.so.8.1)
==12760==    by 0x1094F6: main (minishell.c:27)
==12837==    by 0x1094F6: main (minishell.c:27)
==12836==    by 0x48A5BAC: xmalloc (in /usr/lib/x86_64-linux-gnu/libreadline.so.8.1)
