==12743==    by 0x488DCCF: readline (in /usr/lib/x86_64-linux-gnu/libreadline.so.8.1)
==12836==    by 0x4893B6C: ??? (in /usr/lib/x86_64-linux-gnu/libreadline.so.8.1)
==12760==    by 0x4893B6C: ??? (in /usr/lib/x86_64-linux-gnu/libreadline.so.8.1)
==12839==    by 0x490506A: __add_to_environ (setenv.c:233)
==12840==    by 0x10C7FF: malloc_p (protected_methods.c:19)
==12837==    by 0x10967D: minishell_loop (minishell.c:76)
==12838==    by 0x1094F6: main (minishell.c:27)
==12759==    by 0x4892E0D: rl_expand_prompt (in /usr/lib/x86_64-linux-gnu/libreadline.so.8.1)
==12743==    by 0x10967D: minishell_loop (minishell.c:76)
==12836==    by 0x488DA38: rl_initialize (in /usr/lib/x86_64-linux-gnu/libreadline.so.8.1)
==12760==    by 0x488DA38: rl_initialize (in /usr/lib/x86_64-linux-gnu/libreadline.so.8.1)
==12839==    by 0x48543FF: setenv (in /usr/libexec/valgrind/vgpreload_memcheck-amd64-linux.so)
==12840==    by 0x10A194: lexer_add_cmd (lexer.c:46)
==12837==    by 0x1094F6: main (minishell.c:27)
==12838== 
==12759==    by 0x48821BF: rl_set_prompt (in /usr/lib/x86_64-linux-gnu/libreadline.so.8.1)
==12743==    by 0x1094F6: main (minishell.c:27)
==12836==    by 0x488DCD4: readline (in /usr/lib/x86_64-linux-gnu/libreadline.so.8.1)
==12760==    by 0x488DCD4: readline (in /usr/lib/x86_64-linux-gnu/libreadline.so.8.1)
==12839==    by 0x48A5005: sh_set_lines_and_columns (in /usr/lib/x86_64-linux-gnu/libreadline.so.8.1)
==12840==    by 0x10A104: lexer (lexer.c:33)
==12837== 
==12759==    by 0x488DCCF: readline (in /usr/lib/x86_64-linux-gnu/libreadline.so.8.1)
==12838== 24 bytes in 1 blocks are still reachable in loss record 17 of 83
==12743== 
==12836==    by 0x10967D: minishell_loop (minishell.c:76)
==12760==    by 0x10967D: minishell_loop (minishell.c:76)
==12839==    by 0x489FAF7: _rl_get_screen_size (in /usr/lib/x86_64-linux-gnu/libreadline.so.8.1)
==12840==    by 0x1096BF: minishell_loop (minishell.c:82)
==12759==    by 0x10967D: minishell_loop (minishell.c:76)
==12837== 24 bytes in 1 blocks are still reachable in loss record 17 of 83
==12838==    at 0x4848899: malloc (in /usr/libexec/valgrind/vgpreload_memcheck-amd64-linux.so)
==12743== 24 bytes in 1 blocks are still reachable in loss record 17 of 76
==12836==    by 0x1094F6: main (minishell.c:27)
==12760==    by 0x1094F6: main (minishell.c:27)
==12839==    by 0x4892AB8: ??? (in /usr/lib/x86_64-linux-gnu/libreadline.so.8.1)
==12840==    by 0x1094F6: main (minishell.c:27)
==12759==    by 0x1094F6: main (minishell.c:27)
==12837==    at 0x4848899: malloc (in /usr/libexec/valgrind/vgpreload_memcheck-amd64-linux.so)
==12838==    by 0x49DFDAE: tsearch (tsearch.c:337)
==12743==    at 0x4848899: malloc (in /usr/libexec/valgrind/vgpreload_memcheck-amd64-linux.so)
==12836== 
==12760== 
==12839==    by 0x4892E0D: rl_expand_prompt (in /usr/lib/x86_64-linux-gnu/libreadline.so.8.1)
==12840== 
==12759== 
==12837==    by 0x49DFDAE: tsearch (tsearch.c:337)
==12838==    by 0x490506A: __add_to_environ (setenv.c:233)
==12743==    by 0x48A5BAC: xmalloc (in /usr/lib/x86_64-linux-gnu/libreadline.so.8.1)
==12836== 24 bytes in 1 blocks are still reachable in loss record 18 of 83
==12839==    by 0x48821BF: rl_set_prompt (in /usr/lib/x86_64-linux-gnu/libreadline.so.8.1)
==12760== 24 bytes in 1 blocks are still reachable in loss record 18 of 83
==12840== 9 bytes in 3 blocks are definitely lost in loss record 6 of 83
==12837==    by 0x490506A: __add_to_environ (setenv.c:233)
==12759== 24 bytes in 1 blocks are still reachable in loss record 17 of 76
==12838==    by 0x48543FF: setenv (in /usr/libexec/valgrind/vgpreload_memcheck-amd64-linux.so)
==12743==    by 0x489CB1D: alloc_history_entry (in /usr/lib/x86_64-linux-gnu/libreadline.so.8.1)
==12836==    at 0x4848899: malloc (in /usr/libexec/valgrind/vgpreload_memcheck-amd64-linux.so)
==12839==    by 0x488DCCF: readline (in /usr/lib/x86_64-linux-gnu/libreadline.so.8.1)
==12760==    at 0x4848899: malloc (in /usr/libexec/valgrind/vgpreload_memcheck-amd64-linux.so)
==12840==    at 0x4848899: malloc (in /usr/libexec/valgrind/vgpreload_memcheck-amd64-linux.so)
==12837==    by 0x48543FF: setenv (in /usr/libexec/valgrind/vgpreload_memcheck-amd64-linux.so)
==12759==    at 0x4848899: malloc (in /usr/libexec/valgrind/vgpreload_memcheck-amd64-linux.so)
==12838==    by 0x489FAF7: _rl_get_screen_size (in /usr/lib/x86_64-linux-gnu/libreadline.so.8.1)
==12743==    by 0x489EF65: add_history (in /usr/lib/x86_64-linux-gnu/libreadline.so.8.1)
==12836==    by 0x49DFD44: tsearch (tsearch.c:337)
==12839==    by 0x10967D: minishell_loop (minishell.c:76)
==12760==    by 0x49DFD44: tsearch (tsearch.c:337)
==12840==    by 0x48A5BAC: xmalloc (in /usr/lib/x86_64-linux-gnu/libreadline.so.8.1)
==12837==    by 0x489FAF7: _rl_get_screen_size (in /usr/lib/x86_64-linux-gnu/libreadline.so.8.1)
==12759==    by 0x48A5BAC: xmalloc (in /usr/lib/x86_64-linux-gnu/libreadline.so.8.1)
==12838==    by 0x4892AB8: ??? (in /usr/lib/x86_64-linux-gnu/libreadline.so.8.1)
==12743==    by 0x1096B3: minishell_loop (minishell.c:81)
==12836==    by 0x490506A: __add_to_environ (setenv.c:233)
==12839==    by 0x1094F6: main (minishell.c:27)
==12760==    by 0x490506A: __add_to_environ (setenv.c:233)
==12840==    by 0x4883694: readline_internal_teardown (in /usr/lib/x86_64-linux-gnu/libreadline.so.8.1)
==12837==    by 0x4892AB8: ??? (in /usr/lib/x86_64-linux-gnu/libreadline.so.8.1)
==12759==    by 0x489CB1D: alloc_history_entry (in /usr/lib/x86_64-linux-gnu/libreadline.so.8.1)
==12838==    by 0x4892E0D: rl_expand_prompt (in /usr/lib/x86_64-linux-gnu/libreadline.so.8.1)
==12743==    by 0x1094F6: main (minishell.c:27)
==12836==    by 0x48543FF: setenv (in /usr/libexec/valgrind/vgpreload_memcheck-amd64-linux.so)
==12839== 
==12760==    by 0x48543FF: setenv (in /usr/libexec/valgrind/vgpreload_memcheck-amd64-linux.so)
==12840==    by 0x488DD2A: readline (in /usr/lib/x86_64-linux-gnu/libreadline.so.8.1)
==12837==    by 0x4892E0D: rl_expand_prompt (in /usr/lib/x86_64-linux-gnu/libreadline.so.8.1)
==12759==    by 0x489EF65: add_history (in /usr/lib/x86_64-linux-gnu/libreadline.so.8.1)
==12838==    by 0x48821BF: rl_set_prompt (in /usr/lib/x86_64-linux-gnu/libreadline.so.8.1)
==12743== 
==12836==    by 0x48A5005: sh_set_lines_and_columns (in /usr/lib/x86_64-linux-gnu/libreadline.so.8.1)
==12839== 24 bytes in 1 blocks are still reachable in loss record 17 of 83
==12760==    by 0x48A5005: sh_set_lines_and_columns (in /usr/lib/x86_64-linux-gnu/libreadline.so.8.1)
==12840==    by 0x10967D: minishell_loop (minishell.c:76)
==12837==    by 0x48821BF: rl_set_prompt (in /usr/lib/x86_64-linux-gnu/libreadline.so.8.1)
==12759==    by 0x1096B3: minishell_loop (minishell.c:81)
==12838==    by 0x488DCCF: readline (in /usr/lib/x86_64-linux-gnu/libreadline.so.8.1)
==12836==    by 0x489FAF7: _rl_get_screen_size (in /usr/lib/x86_64-linux-gnu/libreadline.so.8.1)
==12743== 24 bytes in 1 blocks are still reachable in loss record 18 of 76
==12839==    at 0x4848899: malloc (in /usr/libexec/valgrind/vgpreload_memcheck-amd64-linux.so)
==12760==    by 0x489FAF7: _rl_get_screen_size (in /usr/lib/x86_64-linux-gnu/libreadline.so.8.1)
==12840==    by 0x1094F6: main (minishell.c:27)
==12837==    by 0x488DCCF: readline (in /usr/lib/x86_64-linux-gnu/libreadline.so.8.1)
==12759==    by 0x1094F6: main (minishell.c:27)
==12838==    by 0x10967D: minishell_loop (minishell.c:76)
==12836==    by 0x4892AB8: ??? (in /usr/lib/x86_64-linux-gnu/libreadline.so.8.1)
==12743==    at 0x4848899: malloc (in /usr/libexec/valgrind/vgpreload_memcheck-amd64-linux.so)
==12839==    by 0x49DFDAE: tsearch (tsearch.c:337)
==12760==    by 0x4892AB8: ??? (in /usr/lib/x86_64-linux-gnu/libreadline.so.8.1)
==12840== 
==12837==    by 0x10967D: minishell_loop (minishell.c:76)
==12759== 
==12838==    by 0x1094F6: main (minishell.c:27)
==12836==    by 0x4892E0D: rl_expand_prompt (in /usr/lib/x86_64-linux-gnu/libreadline.so.8.1)
==12743==    by 0x10C7FF: malloc_p (protected_methods.c:19)
==12839==    by 0x490506A: __add_to_environ (setenv.c:233)
==12760==    by 0x4892E0D: rl_expand_prompt (in /usr/lib/x86_64-linux-gnu/libreadline.so.8.1)
==12837==    by 0x1094F6: main (minishell.c:27)
==12840== 11 bytes in 1 blocks are still reachable in loss record 7 of 83
==12838== 
==12759== 24 bytes in 1 blocks are still reachable in loss record 18 of 76
==12836==    by 0x48821BF: rl_set_prompt (in /usr/lib/x86_64-linux-gnu/libreadline.so.8.1)
==12743==    by 0x10CBDB: lstnew_p (lstnew_p.c:19)
==12839==    by 0x48543FF: setenv (in /usr/libexec/valgrind/vgpreload_memcheck-amd64-linux.so)
==12760==    by 0x48821BF: rl_set_prompt (in /usr/lib/x86_64-linux-gnu/libreadline.so.8.1)
==12837== 
==12840==    at 0x4848899: malloc (in /usr/libexec/valgrind/vgpreload_memcheck-amd64-linux.so)
==12759==    at 0x4848899: malloc (in /usr/libexec/valgrind/vgpreload_memcheck-amd64-linux.so)
==12838== 24 bytes in 1 blocks are still reachable in loss record 18 of 83
==12836==    by 0x488DCCF: readline (in /usr/lib/x86_64-linux-gnu/libreadline.so.8.1)
==12743==    by 0x10A1CD: lexer_add_cmd (lexer.c:49)
==12839==    by 0x489FAF7: _rl_get_screen_size (in /usr/lib/x86_64-linux-gnu/libreadline.so.8.1)
==12760==    by 0x488DCCF: readline (in /usr/lib/x86_64-linux-gnu/libreadline.so.8.1)
==12837== 24 bytes in 1 blocks are still reachable in loss record 18 of 83
==12840==    by 0x490503F: __add_to_environ (setenv.c:217)
==12759==    by 0x10C7FF: malloc_p (protected_methods.c:19)
==12838==    at 0x4848899: malloc (in /usr/libexec/valgrind/vgpreload_memcheck-amd64-linux.so)
==12836==    by 0x10967D: minishell_loop (minishell.c:76)
==12743==    by 0x10A104: lexer (lexer.c:33)
==12839==    by 0x4892AB8: ??? (in /usr/lib/x86_64-linux-gnu/libreadline.so.8.1)
==12760==    by 0x10967D: minishell_loop (minishell.c:76)
==12837==    at 0x4848899: malloc (in /usr/libexec/valgrind/vgpreload_memcheck-amd64-linux.so)
==12840==    by 0x48543FF: setenv (in /usr/libexec/valgrind/vgpreload_memcheck-amd64-linux.so)
==12759==    by 0x10CBDB: lstnew_p (lstnew_p.c:19)
==12838==    by 0x10C7FF: malloc_p (protected_methods.c:19)
==12836==    by 0x1094F6: main (minishell.c:27)
==12743==    by 0x1096BF: minishell_loop (minishell.c:82)
==12839==    by 0x4892E0D: rl_expand_prompt (in /usr/lib/x86_64-linux-gnu/libreadline.so.8.1)
==12760==    by 0x1094F6: main (minishell.c:27)
==12837==    by 0x10C7FF: malloc_p (protected_methods.c:19)
==12840==    by 0x489FAF7: _rl_get_screen_size (in /usr/lib/x86_64-linux-gnu/libreadline.so.8.1)
==12759==    by 0x10A1CD: lexer_add_cmd (lexer.c:49)
==12838==    by 0x10CBDB: lstnew_p (lstnew_p.c:19)
==12836== 
==12743==    by 0x1094F6: main (minishell.c:27)
==12839==    by 0x48821BF: rl_set_prompt (in /usr/lib/x86_64-linux-gnu/libreadline.so.8.1)
==12760== 
==12837==    by 0x10CBDB: lstnew_p (lstnew_p.c:19)
==12840==    by 0x4892AB8: ??? (in /usr/lib/x86_64-linux-gnu/libreadline.so.8.1)
==12759==    by 0x10A104: lexer (lexer.c:33)
==12838==    by 0x10A1CD: lexer_add_cmd (lexer.c:49)
==12743== 
==12836== 24 bytes in 1 blocks are still reachable in loss record 19 of 83
==12839==    by 0x488DCCF: readline (in /usr/lib/x86_64-linux-gnu/libreadline.so.8.1)
==12837==    by 0x10A1CD: lexer_add_cmd (lexer.c:49)
==12760== 24 bytes in 1 blocks are still reachable in loss record 19 of 83
==12840==    by 0x4892E0D: rl_expand_prompt (in /usr/lib/x86_64-linux-gnu/libreadline.so.8.1)
==12759==    by 0x1096BF: minishell_loop (minishell.c:82)
==12838==    by 0x10A104: lexer (lexer.c:33)
==12836==    at 0x4848899: malloc (in /usr/libexec/valgrind/vgpreload_memcheck-amd64-linux.so)
==12743== 32 bytes in 1 blocks are still reachable in loss record 19 of 76
==12839==    by 0x10967D: minishell_loop (minishell.c:76)
==12837==    by 0x10A104: lexer (lexer.c:33)
==12760==    at 0x4848899: malloc (in /usr/libexec/valgrind/vgpreload_memcheck-amd64-linux.so)
==12840==    by 0x48821BF: rl_set_prompt (in /usr/lib/x86_64-linux-gnu/libreadline.so.8.1)
==12759==    by 0x1094F6: main (minishell.c:27)
==12838==    by 0x1096BF: minishell_loop (minishell.c:82)
==12836==    by 0x49DFDAE: tsearch (tsearch.c:337)
==12743==    at 0x4848899: malloc (in /usr/libexec/valgrind/vgpreload_memcheck-amd64-linux.so)
==12839==    by 0x1094F6: main (minishell.c:27)
==12837==    by 0x1096BF: minishell_loop (minishell.c:82)
==12760==    by 0x49DFDAE: tsearch (tsearch.c:337)
==12840==    by 0x488DCCF: readline (in /usr/lib/x86_64-linux-gnu/libreadline.so.8.1)
==12759== 
==12838==    by 0x1094F6: main (minishell.c:27)
==12836==    by 0x490506A: __add_to_environ (setenv.c:233)
==12743==    by 0x10C7FF: malloc_p (protected_methods.c:19)
==12839== 
==12837==    by 0x1094F6: main (minishell.c:27)
==12760==    by 0x490506A: __add_to_environ (setenv.c:233)
==12840==    by 0x10967D: minishell_loop (minishell.c:76)
==12838== 
==12759== 32 bytes in 1 blocks are still reachable in loss record 19 of 76
==12836==    by 0x48543FF: setenv (in /usr/libexec/valgrind/vgpreload_memcheck-amd64-linux.so)
==12743==    by 0x10D69E: treenew_p (treenew_p.c:19)
==12837== 
==12839== 24 bytes in 1 blocks are still reachable in loss record 18 of 83
==12760==    by 0x48543FF: setenv (in /usr/libexec/valgrind/vgpreload_memcheck-amd64-linux.so)
==12840==    by 0x1094F6: main (minishell.c:27)
==12838== 32 bytes in 1 blocks are still reachable in loss record 19 of 83
==12759==    at 0x4848899: malloc (in /usr/libexec/valgrind/vgpreload_memcheck-amd64-linux.so)
==12836==    by 0x489FAF7: _rl_get_screen_size (in /usr/lib/x86_64-linux-gnu/libreadline.so.8.1)
==12743==    by 0x10A3B4: fill_tree (parser.c:59)
==12837== 32 bytes in 1 blocks are still reachable in loss record 19 of 83
==12839==    at 0x4848899: malloc (in /usr/libexec/valgrind/vgpreload_memcheck-amd64-linux.so)
==12760==    by 0x489FAF7: _rl_get_screen_size (in /usr/lib/x86_64-linux-gnu/libreadline.so.8.1)
==12840== 
==12838==    at 0x4848899: malloc (in /usr/libexec/valgrind/vgpreload_memcheck-amd64-linux.so)
==12759==    by 0x10C7FF: malloc_p (protected_methods.c:19)
==12836==    by 0x4892AB8: ??? (in /usr/lib/x86_64-linux-gnu/libreadline.so.8.1)
==12743==    by 0x10A2FC: parser (parser.c:38)
==12837==    at 0x4848899: malloc (in /usr/libexec/valgrind/vgpreload_memcheck-amd64-linux.so)
==12839==    by 0x10C7FF: malloc_p (protected_methods.c:19)
==12760==    by 0x4892AB8: ??? (in /usr/lib/x86_64-linux-gnu/libreadline.so.8.1)
==12838==    by 0x10C7FF: malloc_p (protected_methods.c:19)
==12840== 12 bytes in 1 blocks are still reachable in loss record 8 of 83
==12759==    by 0x10D69E: treenew_p (treenew_p.c:19)
==12836==    by 0x4892E0D: rl_expand_prompt (in /usr/lib/x86_64-linux-gnu/libreadline.so.8.1)
==12743==    by 0x1096CF: minishell_loop (minishell.c:83)
==12837==    by 0x10C7FF: malloc_p (protected_methods.c:19)
==12839==    by 0x10CBDB: lstnew_p (lstnew_p.c:19)
==12760==    by 0x4892E0D: rl_expand_prompt (in /usr/lib/x86_64-linux-gnu/libreadline.so.8.1)
==12838==    by 0x10D69E: treenew_p (treenew_p.c:19)
==12840==    at 0x484DCD3: realloc (in /usr/libexec/valgrind/vgpreload_memcheck-amd64-linux.so)
==12759==    by 0x10A3B4: fill_tree (parser.c:59)
==12836==    by 0x48821BF: rl_set_prompt (in /usr/lib/x86_64-linux-gnu/libreadline.so.8.1)
==12743==    by 0x1094F6: main (minishell.c:27)
==12837==    by 0x10D69E: treenew_p (treenew_p.c:19)
==12839==    by 0x10A1CD: lexer_add_cmd (lexer.c:49)
==12760==    by 0x48821BF: rl_set_prompt (in /usr/lib/x86_64-linux-gnu/libreadline.so.8.1)
==12838==    by 0x10A3B4: fill_tree (parser.c:59)
==12840==    by 0x48A6491: xrealloc (in /usr/lib/x86_64-linux-gnu/libreadline.so.8.1)
==12759==    by 0x10A2FC: parser (parser.c:38)
==12836==    by 0x488DCCF: readline (in /usr/lib/x86_64-linux-gnu/libreadline.so.8.1)
==12743== 
==12837==    by 0x10A3B4: fill_tree (parser.c:59)
==12839==    by 0x10A104: lexer (lexer.c:33)
==12760==    by 0x488DCCF: readline (in /usr/lib/x86_64-linux-gnu/libreadline.so.8.1)
==12838==    by 0x10A2FC: parser (parser.c:38)
==12840==    by 0x4892626: ??? (in /usr/lib/x86_64-linux-gnu/libreadline.so.8.1)
==12759==    by 0x1096CF: minishell_loop (minishell.c:83)
==12836==    by 0x10967D: minishell_loop (minishell.c:76)
==12837==    by 0x10A2FC: parser (parser.c:38)
==12743== 32 bytes in 1 blocks are still reachable in loss record 20 of 76
==12839==    by 0x1096BF: minishell_loop (minishell.c:82)
==12760==    by 0x10967D: minishell_loop (minishell.c:76)
==12838==    by 0x1096CF: minishell_loop (minishell.c:83)
==12840==    by 0x4892E0D: rl_expand_prompt (in /usr/lib/x86_64-linux-gnu/libreadline.so.8.1)
==12759==    by 0x1094F6: main (minishell.c:27)
==12836==    by 0x1094F6: main (minishell.c:27)
==12837==    by 0x1096CF: minishell_loop (minishell.c:83)
==12743==    at 0x4848899: malloc (in /usr/libexec/valgrind/vgpreload_memcheck-amd64-linux.so)
==12839==    by 0x1094F6: main (minishell.c:27)
==12760==    by 0x1094F6: main (minishell.c:27)
==12838==    by 0x1094F6: main (minishell.c:27)
==12840==    by 0x48821BF: rl_set_prompt (in /usr/lib/x86_64-linux-gnu/libreadline.so.8.1)
==12759== 
==12836== 
==12837==    by 0x1094F6: main (minishell.c:27)
==12743==    by 0x10C7FF: malloc_p (protected_methods.c:19)
==12839== 
==12760== 
==12838== 
==12840==    by 0x488DCCF: readline (in /usr/lib/x86_64-linux-gnu/libreadline.so.8.1)
==12759== 32 bytes in 1 blocks are still reachable in loss record 20 of 76
==12837== 
==12836== 24 bytes in 1 blocks are still reachable in loss record 20 of 83
==12743==    by 0x10D69E: treenew_p (treenew_p.c:19)
==12839== 32 bytes in 1 blocks are still reachable in loss record 19 of 83
==12760== 24 bytes in 1 blocks are still reachable in loss record 20 of 83
==12840==    by 0x10967D: minishell_loop (minishell.c:76)
==12838== 32 bytes in 1 blocks are still reachable in loss record 20 of 83
==12759==    at 0x4848899: malloc (in /usr/libexec/valgrind/vgpreload_memcheck-amd64-linux.so)
==12837== 32 bytes in 1 blocks are still reachable in loss record 20 of 83
==12836==    at 0x4848899: malloc (in /usr/libexec/valgrind/vgpreload_memcheck-amd64-linux.so)
==12743==    by 0x10A30F: parser (parser.c:39)
==12839==    at 0x4848899: malloc (in /usr/libexec/valgrind/vgpreload_memcheck-amd64-linux.so)
==12760==    at 0x4848899: malloc (in /usr/libexec/valgrind/vgpreload_memcheck-amd64-linux.so)
==12840==    by 0x1094F6: main (minishell.c:27)
==12838==    at 0x4848899: malloc (in /usr/libexec/valgrind/vgpreload_memcheck-amd64-linux.so)
==12759==    by 0x10C7FF: malloc_p (protected_methods.c:19)
==12837==    at 0x4848899: malloc (in /usr/libexec/valgrind/vgpreload_memcheck-amd64-linux.so)
==12836==    by 0x10C7FF: malloc_p (protected_methods.c:19)
==12743==    by 0x1096CF: minishell_loop (minishell.c:83)
==12839==    by 0x10C7FF: malloc_p (protected_methods.c:19)
==12760==    by 0x10C7FF: malloc_p (protected_methods.c:19)
==12840== 
==12838==    by 0x10C7FF: malloc_p (protected_methods.c:19)
==12759==    by 0x10D69E: treenew_p (treenew_p.c:19)
==12837==    by 0x10C7FF: malloc_p (protected_methods.c:19)
==12836==    by 0x10CBDB: lstnew_p (lstnew_p.c:19)
==12743==    by 0x1094F6: main (minishell.c:27)
==12839==    by 0x10D69E: treenew_p (treenew_p.c:19)
==12760==    by 0x10CBDB: lstnew_p (lstnew_p.c:19)
==12838==    by 0x10D69E: treenew_p (treenew_p.c:19)
==12840== 12 bytes in 4 blocks are still reachable in loss record 9 of 83
==12759==    by 0x10A30F: parser (parser.c:39)
==12837==    by 0x10D69E: treenew_p (treenew_p.c:19)
==12836==    by 0x10A1CD: lexer_add_cmd (lexer.c:49)
==12743== 
==12839==    by 0x10A3B4: fill_tree (parser.c:59)
==12760==    by 0x10A1CD: lexer_add_cmd (lexer.c:49)
==12838==    by 0x10A30F: parser (parser.c:39)
==12840==    at 0x4848899: malloc (in /usr/libexec/valgrind/vgpreload_memcheck-amd64-linux.so)
==12759==    by 0x1096CF: minishell_loop (minishell.c:83)
==12837==    by 0x10A30F: parser (parser.c:39)
==12836==    by 0x10A104: lexer (lexer.c:33)
==12839==    by 0x10A2FC: parser (parser.c:38)
==12743== 33 bytes in 1 blocks are still reachable in loss record 21 of 76
==12760==    by 0x10A104: lexer (lexer.c:33)
==12838==    by 0x1096CF: minishell_loop (minishell.c:83)
==12840==    by 0x48A5BAC: xmalloc (in /usr/lib/x86_64-linux-gnu/libreadline.so.8.1)
==12759==    by 0x1094F6: main (minishell.c:27)
==12837==    by 0x1096CF: minishell_loop (minishell.c:83)
==12836==    by 0x1096BF: minishell_loop (minishell.c:82)
==12839==    by 0x1096CF: minishell_loop (minishell.c:83)
==12743==    at 0x4848899: malloc (in /usr/libexec/valgrind/vgpreload_memcheck-amd64-linux.so)
==12760==    by 0x1096BF: minishell_loop (minishell.c:82)
==12838==    by 0x1094F6: main (minishell.c:27)
==12840==    by 0x489CB39: alloc_history_entry (in /usr/lib/x86_64-linux-gnu/libreadline.so.8.1)
==12759== 
==12837==    by 0x1094F6: main (minishell.c:27)
==12836==    by 0x1094F6: main (minishell.c:27)
==12839==    by 0x1094F6: main (minishell.c:27)
==12743==    by 0x4B02ACD: _nc_read_termtype (in /usr/lib/x86_64-linux-gnu/libtinfo.so.6.3)
==12760==    by 0x1094F6: main (minishell.c:27)
==12838== 
==12840==    by 0x489EF65: add_history (in /usr/lib/x86_64-linux-gnu/libreadline.so.8.1)
==12837== 
==12759== 33 bytes in 1 blocks are still reachable in loss record 21 of 76
==12836== 
==12839== 
==12743==    by 0x4B0352A: ??? (in /usr/lib/x86_64-linux-gnu/libtinfo.so.6.3)
==12760== 
==12840==    by 0x1096B3: minishell_loop (minishell.c:81)
==12838== 32 bytes in 2 blocks are indirectly lost in loss record 21 of 83
==12837== 32 bytes in 2 blocks are indirectly lost in loss record 21 of 83
==12759==    at 0x4848899: malloc (in /usr/libexec/valgrind/vgpreload_memcheck-amd64-linux.so)
==12836== 24 bytes in 2 blocks are still reachable in loss record 21 of 83
==12743==    by 0x4B05C40: ??? (in /usr/lib/x86_64-linux-gnu/libtinfo.so.6.3)
==12839== 32 bytes in 1 blocks are still reachable in loss record 20 of 83
==12840==    by 0x1094F6: main (minishell.c:27)
==12760== 24 bytes in 2 blocks are still reachable in loss record 21 of 83
==12838==    at 0x4848899: malloc (in /usr/libexec/valgrind/vgpreload_memcheck-amd64-linux.so)
==12837==    at 0x4848899: malloc (in /usr/libexec/valgrind/vgpreload_memcheck-amd64-linux.so)
==12759==    by 0x4B02ACD: _nc_read_termtype (in /usr/lib/x86_64-linux-gnu/libtinfo.so.6.3)
==12836==    at 0x4848899: malloc (in /usr/libexec/valgrind/vgpreload_memcheck-amd64-linux.so)
==12743==    by 0x4B036BB: _nc_read_entry2 (in /usr/lib/x86_64-linux-gnu/libtinfo.so.6.3)
==12839==    at 0x4848899: malloc (in /usr/libexec/valgrind/vgpreload_memcheck-amd64-linux.so)
==12840== 
==12760==    at 0x4848899: malloc (in /usr/libexec/valgrind/vgpreload_memcheck-amd64-linux.so)
==12838==    by 0x10C7FF: malloc_p (protected_methods.c:19)
==12837==    by 0x10C7FF: malloc_p (protected_methods.c:19)
==12759==    by 0x4B0352A: ??? (in /usr/lib/x86_64-linux-gnu/libtinfo.so.6.3)
==12836==    by 0x48A5BAC: xmalloc (in /usr/lib/x86_64-linux-gnu/libreadline.so.8.1)
==12743==    by 0x4B03711: ??? (in /usr/lib/x86_64-linux-gnu/libtinfo.so.6.3)
==12839==    by 0x10C7FF: malloc_p (protected_methods.c:19)
==12840== 13 bytes in 1 blocks are still reachable in loss record 10 of 83
==12760==    by 0x48A5BAC: xmalloc (in /usr/lib/x86_64-linux-gnu/libreadline.so.8.1)
==12838==    by 0x10A180: lexer_add_cmd (lexer.c:45)
==12837==    by 0x10A180: lexer_add_cmd (lexer.c:45)
==12759==    by 0x4B05C40: ??? (in /usr/lib/x86_64-linux-gnu/libtinfo.so.6.3)
==12836==    by 0x489EF28: add_history (in /usr/lib/x86_64-linux-gnu/libreadline.so.8.1)
==12743==    by 0x4B03866: _nc_setupterm (in /usr/lib/x86_64-linux-gnu/libtinfo.so.6.3)
==12839==    by 0x10D69E: treenew_p (treenew_p.c:19)
==12840==    at 0x4848899: malloc (in /usr/libexec/valgrind/vgpreload_memcheck-amd64-linux.so)
==12760==    by 0x489EF28: add_history (in /usr/lib/x86_64-linux-gnu/libreadline.so.8.1)
==12838==    by 0x10A104: lexer (lexer.c:33)
==12837==    by 0x10A104: lexer (lexer.c:33)
==12759==    by 0x4B036BB: _nc_read_entry2 (in /usr/lib/x86_64-linux-gnu/libtinfo.so.6.3)
==12836==    by 0x1096B3: minishell_loop (minishell.c:81)
==12743==    by 0x4B044C9: tgetent_sp (in /usr/lib/x86_64-linux-gnu/libtinfo.so.6.3)
==12839==    by 0x10A30F: parser (parser.c:39)
==12840==    by 0x48A5BAC: xmalloc (in /usr/lib/x86_64-linux-gnu/libreadline.so.8.1)
==12760==    by 0x1096B3: minishell_loop (minishell.c:81)
==12838==    by 0x1096BF: minishell_loop (minishell.c:82)
==12837==    by 0x1096BF: minishell_loop (minishell.c:82)
==12759==    by 0x4B03711: ??? (in /usr/lib/x86_64-linux-gnu/libtinfo.so.6.3)
==12836==    by 0x1094F6: main (minishell.c:27)
==12743==    by 0x48A11CD: _rl_init_terminal_io (in /usr/lib/x86_64-linux-gnu/libreadline.so.8.1)
==12839==    by 0x1096CF: minishell_loop (minishell.c:83)
==12840==    by 0x4893BF5: ??? (in /usr/lib/x86_64-linux-gnu/libreadline.so.8.1)
==12760==    by 0x1094F6: main (minishell.c:27)
==12838==    by 0x1094F6: main (minishell.c:27)
==12837==    by 0x1094F6: main (minishell.c:27)
==12759==    by 0x4B03866: _nc_setupterm (in /usr/lib/x86_64-linux-gnu/libtinfo.so.6.3)
==12836== 
==12743==    by 0x488DA0F: rl_initialize (in /usr/lib/x86_64-linux-gnu/libreadline.so.8.1)
==12839==    by 0x1094F6: main (minishell.c:27)
==12840==    by 0x488DA38: rl_initialize (in /usr/lib/x86_64-linux-gnu/libreadline.so.8.1)
==12760== 
==12838== 
==12837== 
==12759==    by 0x4B044C9: tgetent_sp (in /usr/lib/x86_64-linux-gnu/libtinfo.so.6.3)
==12743==    by 0x488DCD4: readline (in /usr/lib/x86_64-linux-gnu/libreadline.so.8.1)
==12836== 32 bytes in 1 blocks are still reachable in loss record 22 of 83
==12839== 
==12840==    by 0x488DCD4: readline (in /usr/lib/x86_64-linux-gnu/libreadline.so.8.1)
==12760== 32 bytes in 1 blocks are still reachable in loss record 22 of 83
==12838== 32 bytes in 2 blocks are indirectly lost in loss record 22 of 83
==12837== 32 bytes in 2 blocks are indirectly lost in loss record 22 of 83
==12759==    by 0x48A11CD: _rl_init_terminal_io (in /usr/lib/x86_64-linux-gnu/libreadline.so.8.1)
==12743==    by 0x10967D: minishell_loop (minishell.c:76)
==12836==    at 0x4848899: malloc (in /usr/libexec/valgrind/vgpreload_memcheck-amd64-linux.so)
==12840==    by 0x10967D: minishell_loop (minishell.c:76)
==12839== 33 bytes in 1 blocks are still reachable in loss record 21 of 83
==12760==    at 0x4848899: malloc (in /usr/libexec/valgrind/vgpreload_memcheck-amd64-linux.so)
==12838==    at 0x4848899: malloc (in /usr/libexec/valgrind/vgpreload_memcheck-amd64-linux.so)
==12837==    at 0x4848899: malloc (in /usr/libexec/valgrind/vgpreload_memcheck-amd64-linux.so)
==12759==    by 0x488DA0F: rl_initialize (in /usr/lib/x86_64-linux-gnu/libreadline.so.8.1)
==12743== 
==12836==    by 0x10C7FF: malloc_p (protected_methods.c:19)
==12840==    by 0x1094F6: main (minishell.c:27)
==12760==    by 0x10C7FF: malloc_p (protected_methods.c:19)
==12839==    at 0x4848899: malloc (in /usr/libexec/valgrind/vgpreload_memcheck-amd64-linux.so)
==12838==    by 0x10C7FF: malloc_p (protected_methods.c:19)
==12837==    by 0x10C7FF: malloc_p (protected_methods.c:19)
==12759==    by 0x488DCD4: readline (in /usr/lib/x86_64-linux-gnu/libreadline.so.8.1)
==12836==    by 0x10D69E: treenew_p (treenew_p.c:19)
==12743== 40 bytes in 1 blocks are still reachable in loss record 22 of 76
==12840== 
==12760==    by 0x10D69E: treenew_p (treenew_p.c:19)
==12839==    by 0x4B02ACD: _nc_read_termtype (in /usr/lib/x86_64-linux-gnu/libtinfo.so.6.3)
==12838==    by 0x10A572: init_cmd (parser.c:99)
==12837==    by 0x10A572: init_cmd (parser.c:99)
==12759==    by 0x10967D: minishell_loop (minishell.c:76)
==12836==    by 0x10A3B4: fill_tree (parser.c:59)
==12743==    at 0x484DA83: calloc (in /usr/libexec/valgrind/vgpreload_memcheck-amd64-linux.so)
==12840== 14 bytes in 1 blocks are still reachable in loss record 11 of 83
==12760==    by 0x10A3B4: fill_tree (parser.c:59)
==12839==    by 0x4B0352A: ??? (in /usr/lib/x86_64-linux-gnu/libtinfo.so.6.3)
==12838==    by 0x10A39C: fill_tree (parser.c:59)
==12837==    by 0x10A39C: fill_tree (parser.c:59)
==12759== 
==12836==    by 0x10A2FC: parser (parser.c:38)
==12743==    by 0x4AF9833: _nc_first_db (in /usr/lib/x86_64-linux-gnu/libtinfo.so.6.3)
==12840==    at 0x4848899: malloc (in /usr/libexec/valgrind/vgpreload_memcheck-amd64-linux.so)
==12760==    by 0x10A2FC: parser (parser.c:38)
==12839==    by 0x4B05C40: ??? (in /usr/lib/x86_64-linux-gnu/libtinfo.so.6.3)
==12838==    by 0x10A2FC: parser (parser.c:38)
==12837==    by 0x10A2FC: parser (parser.c:38)
==12836==    by 0x1096CF: minishell_loop (minishell.c:83)
==12759== 40 bytes in 1 blocks are still reachable in loss record 22 of 76
==12743==    by 0x4B03696: _nc_read_entry2 (in /usr/lib/x86_64-linux-gnu/libtinfo.so.6.3)
==12840==    by 0x48A5BAC: xmalloc (in /usr/lib/x86_64-linux-gnu/libreadline.so.8.1)
==12760==    by 0x1096CF: minishell_loop (minishell.c:83)
==12839==    by 0x4B036BB: _nc_read_entry2 (in /usr/lib/x86_64-linux-gnu/libtinfo.so.6.3)
==12838==    by 0x1096CF: minishell_loop (minishell.c:83)
==12837==    by 0x1096CF: minishell_loop (minishell.c:83)
==12836==    by 0x1094F6: main (minishell.c:27)
==12759==    at 0x484DA83: calloc (in /usr/libexec/valgrind/vgpreload_memcheck-amd64-linux.so)
==12743==    by 0x4B03711: ??? (in /usr/lib/x86_64-linux-gnu/libtinfo.so.6.3)
==12840==    by 0x48A5EBE: sh_get_home_dir (in /usr/lib/x86_64-linux-gnu/libreadline.so.8.1)
==12760==    by 0x1094F6: main (minishell.c:27)
==12839==    by 0x4B03711: ??? (in /usr/lib/x86_64-linux-gnu/libtinfo.so.6.3)
==12838==    by 0x1094F6: main (minishell.c:27)
==12837==    by 0x1094F6: main (minishell.c:27)
==12836== 
==12759==    by 0x4AF9833: _nc_first_db (in /usr/lib/x86_64-linux-gnu/libtinfo.so.6.3)
==12743==    by 0x4B03866: _nc_setupterm (in /usr/lib/x86_64-linux-gnu/libtinfo.so.6.3)
==12840==    by 0x48A708C: tilde_expand_word (in /usr/lib/x86_64-linux-gnu/libreadline.so.8.1)
==12760== 
==12839==    by 0x4B03866: _nc_setupterm (in /usr/lib/x86_64-linux-gnu/libtinfo.so.6.3)
==12838== 
==12837== 
==12759==    by 0x4B03696: _nc_read_entry2 (in /usr/lib/x86_64-linux-gnu/libtinfo.so.6.3)
==12836== 32 bytes in 1 blocks are still reachable in loss record 23 of 83
==12743==    by 0x4B044C9: tgetent_sp (in /usr/lib/x86_64-linux-gnu/libtinfo.so.6.3)
==12840==    by 0x48A72AF: tilde_expand (in /usr/lib/x86_64-linux-gnu/libreadline.so.8.1)
==12760== 32 bytes in 1 blocks are still reachable in loss record 23 of 83
==12839==    by 0x4B044C9: tgetent_sp (in /usr/lib/x86_64-linux-gnu/libtinfo.so.6.3)
==12838== 33 bytes in 1 blocks are still reachable in loss record 23 of 83
==12759==    by 0x4B03711: ??? (in /usr/lib/x86_64-linux-gnu/libtinfo.so.6.3)
==12837== 33 bytes in 1 blocks are still reachable in loss record 23 of 83
==12836==    at 0x4848899: malloc (in /usr/libexec/valgrind/vgpreload_memcheck-amd64-linux.so)
==12743==    by 0x48A11CD: _rl_init_terminal_io (in /usr/lib/x86_64-linux-gnu/libreadline.so.8.1)
==12840==    by 0x4893A3A: ??? (in /usr/lib/x86_64-linux-gnu/libreadline.so.8.1)
==12760==    at 0x4848899: malloc (in /usr/libexec/valgrind/vgpreload_memcheck-amd64-linux.so)
==12838==    at 0x4848899: malloc (in /usr/libexec/valgrind/vgpreload_memcheck-amd64-linux.so)
==12759==    by 0x4B03866: _nc_setupterm (in /usr/lib/x86_64-linux-gnu/libtinfo.so.6.3)
==12837==    at 0x4848899: malloc (in /usr/libexec/valgrind/vgpreload_memcheck-amd64-linux.so)
==12836==    by 0x10C7FF: malloc_p (protected_methods.c:19)
==12743==    by 0x488DA0F: rl_initialize (in /usr/lib/x86_64-linux-gnu/libreadline.so.8.1)
==12840==    by 0x4893CDF: rl_read_init_file (in /usr/lib/x86_64-linux-gnu/libreadline.so.8.1)
==12839==    by 0x48A11CD: _rl_init_terminal_io (in /usr/lib/x86_64-linux-gnu/libreadline.so.8.1)
==12760==    by 0x10C7FF: malloc_p (protected_methods.c:19)
==12838==    by 0x4B02ACD: _nc_read_termtype (in /usr/lib/x86_64-linux-gnu/libtinfo.so.6.3)
==12759==    by 0x4B044C9: tgetent_sp (in /usr/lib/x86_64-linux-gnu/libtinfo.so.6.3)
==12837==    by 0x4B02ACD: _nc_read_termtype (in /usr/lib/x86_64-linux-gnu/libtinfo.so.6.3)
==12836==    by 0x10D69E: treenew_p (treenew_p.c:19)
==12743==    by 0x488DCD4: readline (in /usr/lib/x86_64-linux-gnu/libreadline.so.8.1)
==12840==    by 0x488DA38: rl_initialize (in /usr/lib/x86_64-linux-gnu/libreadline.so.8.1)
==12840==    by 0x488DCD4: readline (in /usr/lib/x86_64-linux-gnu/libreadline.so.8.1)
==12839==    by 0x488DA0F: rl_initialize (in /usr/lib/x86_64-linux-gnu/libreadline.so.8.1)
==12760==    by 0x10D69E: treenew_p (treenew_p.c:19)
==12838==    by 0x4B0352A: ??? (in /usr/lib/x86_64-linux-gnu/libtinfo.so.6.3)
==12759==    by 0x48A11CD: _rl_init_terminal_io (in /usr/lib/x86_64-linux-gnu/libreadline.so.8.1)
==12837==    by 0x4B0352A: ??? (in /usr/lib/x86_64-linux-gnu/libtinfo.so.6.3)
==12836==    by 0x10A30F: parser (parser.c:39)
==12743==    by 0x10967D: minishell_loop (minishell.c:76)
==12840==    by 0x10967D: minishell_loop (minishell.c:76)
==12839==    by 0x488DCD4: readline (in /usr/lib/x86_64-linux-gnu/libreadline.so.8.1)
==12760==    by 0x10A30F: parser (parser.c:39)
==12838==    by 0x4B05C40: ??? (in /usr/lib/x86_64-linux-gnu/libtinfo.so.6.3)
==12759==    by 0x488DA0F: rl_initialize (in /usr/lib/x86_64-linux-gnu/libreadline.so.8.1)
==12837==    by 0x4B05C40: ??? (in /usr/lib/x86_64-linux-gnu/libtinfo.so.6.3)
==12836==    by 0x1096CF: minishell_loop (minishell.c:83)
==12743==    by 0x1094F6: main (minishell.c:27)
==12840==    by 0x1094F6: main (minishell.c:27)
==12839==    by 0x10967D: minishell_loop (minishell.c:76)
==12760==    by 0x1096CF: minishell_loop (minishell.c:83)
==12838==    by 0x4B036BB: _nc_read_entry2 (in /usr/lib/x86_64-linux-gnu/libtinfo.so.6.3)
==12759==    by 0x488DCD4: readline (in /usr/lib/x86_64-linux-gnu/libreadline.so.8.1)
==12837==    by 0x4B036BB: _nc_read_entry2 (in /usr/lib/x86_64-linux-gnu/libtinfo.so.6.3)
==12836==    by 0x1094F6: main (minishell.c:27)
==12743== 
==12840== 
==12839== 
==12760==    by 0x1094F6: main (minishell.c:27)
==12838==    by 0x4B03711: ??? (in /usr/lib/x86_64-linux-gnu/libtinfo.so.6.3)
==12759==    by 0x10967D: minishell_loop (minishell.c:76)
==12837==    by 0x4B03711: ??? (in /usr/lib/x86_64-linux-gnu/libtinfo.so.6.3)
==12836== 
==12743== 44 bytes in 1 blocks are still reachable in loss record 23 of 76
==12840== 16 bytes in 1 blocks are still reachable in loss record 12 of 83
==12760== 
==12838==    by 0x4B03866: _nc_setupterm (in /usr/lib/x86_64-linux-gnu/libtinfo.so.6.3)
==12839== 40 bytes in 1 blocks are still reachable in loss record 22 of 83
==12759==    by 0x1094F6: main (minishell.c:27)
==12837==    by 0x4B03866: _nc_setupterm (in /usr/lib/x86_64-linux-gnu/libtinfo.so.6.3)
==12836== 32 bytes in 1 blocks are indirectly lost in loss record 24 of 83
==12743==    at 0x484DA83: calloc (in /usr/libexec/valgrind/vgpreload_memcheck-amd64-linux.so)
==12840==    at 0x4848899: malloc (in /usr/libexec/valgrind/vgpreload_memcheck-amd64-linux.so)
==12838==    by 0x4B044C9: tgetent_sp (in /usr/lib/x86_64-linux-gnu/libtinfo.so.6.3)
==12760== 32 bytes in 1 blocks are indirectly lost in loss record 24 of 83
==12839==    at 0x484DA83: calloc (in /usr/libexec/valgrind/vgpreload_memcheck-amd64-linux.so)
==12759== 
==12837==    by 0x4B044C9: tgetent_sp (in /usr/lib/x86_64-linux-gnu/libtinfo.so.6.3)
==12836==    at 0x4848899: malloc (in /usr/libexec/valgrind/vgpreload_memcheck-amd64-linux.so)
==12743==    by 0x4B02B84: _nc_read_termtype (in /usr/lib/x86_64-linux-gnu/libtinfo.so.6.3)
==12840==    by 0x488DB26: rl_initialize (in /usr/lib/x86_64-linux-gnu/libreadline.so.8.1)
==12838==    by 0x48A11CD: _rl_init_terminal_io (in /usr/lib/x86_64-linux-gnu/libreadline.so.8.1)
==12760==    at 0x4848899: malloc (in /usr/libexec/valgrind/vgpreload_memcheck-amd64-linux.so)
==12839==    by 0x4AF9833: _nc_first_db (in /usr/lib/x86_64-linux-gnu/libtinfo.so.6.3)
==12837==    by 0x48A11CD: _rl_init_terminal_io (in /usr/lib/x86_64-linux-gnu/libreadline.so.8.1)
==12759== 44 bytes in 1 blocks are still reachable in loss record 23 of 76
==12836==    by 0x10C7FF: malloc_p (protected_methods.c:19)
==12743==    by 0x4B0352A: ??? (in /usr/lib/x86_64-linux-gnu/libtinfo.so.6.3)
==12840==    by 0x488DCD4: readline (in /usr/lib/x86_64-linux-gnu/libreadline.so.8.1)
==12838==    by 0x488DA0F: rl_initialize (in /usr/lib/x86_64-linux-gnu/libreadline.so.8.1)
==12760==    by 0x10C7FF: malloc_p (protected_methods.c:19)
==12839==    by 0x4B03696: _nc_read_entry2 (in /usr/lib/x86_64-linux-gnu/libtinfo.so.6.3)
==12837==    by 0x488DA0F: rl_initialize (in /usr/lib/x86_64-linux-gnu/libreadline.so.8.1)
==12759==    at 0x484DA83: calloc (in /usr/libexec/valgrind/vgpreload_memcheck-amd64-linux.so)
==12836==    by 0x10D69E: treenew_p (treenew_p.c:19)
==12743==    by 0x4B05C40: ??? (in /usr/lib/x86_64-linux-gnu/libtinfo.so.6.3)
==12840==    by 0x10967D: minishell_loop (minishell.c:76)
==12838==    by 0x488DCD4: readline (in /usr/lib/x86_64-linux-gnu/libreadline.so.8.1)
==12760==    by 0x10D69E: treenew_p (treenew_p.c:19)
==12839==    by 0x4B03711: ??? (in /usr/lib/x86_64-linux-gnu/libtinfo.so.6.3)
==12837==    by 0x488DCD4: readline (in /usr/lib/x86_64-linux-gnu/libreadline.so.8.1)
==12759==    by 0x4B02B84: _nc_read_termtype (in /usr/lib/x86_64-linux-gnu/libtinfo.so.6.3)
==12836==    by 0x10A30F: parser (parser.c:39)
==12743==    by 0x4B036BB: _nc_read_entry2 (in /usr/lib/x86_64-linux-gnu/libtinfo.so.6.3)
==12840==    by 0x1094F6: main (minishell.c:27)
==12838==    by 0x10967D: minishell_loop (minishell.c:76)
==12760==    by 0x10A30F: parser (parser.c:39)
==12839==    by 0x4B03866: _nc_setupterm (in /usr/lib/x86_64-linux-gnu/libtinfo.so.6.3)
==12837==    by 0x10967D: minishell_loop (minishell.c:76)
==12759==    by 0x4B0352A: ??? (in /usr/lib/x86_64-linux-gnu/libtinfo.so.6.3)
==12836==    by 0x1096CF: minishell_loop (minishell.c:83)
==12743==    by 0x4B03711: ??? (in /usr/lib/x86_64-linux-gnu/libtinfo.so.6.3)
==12840== 
==12838== 
==12760==    by 0x1096CF: minishell_loop (minishell.c:83)
==12839==    by 0x4B044C9: tgetent_sp (in /usr/lib/x86_64-linux-gnu/libtinfo.so.6.3)
==12837== 
==12759==    by 0x4B05C40: ??? (in /usr/lib/x86_64-linux-gnu/libtinfo.so.6.3)
==12836==    by 0x1094F6: main (minishell.c:27)
==12743==    by 0x4B03866: _nc_setupterm (in /usr/lib/x86_64-linux-gnu/libtinfo.so.6.3)
==12840== 16 bytes in 1 blocks are still reachable in loss record 13 of 83
==12760==    by 0x1094F6: main (minishell.c:27)
==12838== 36 bytes in 3 blocks are still reachable in loss record 24 of 83
==12839==    by 0x48A11CD: _rl_init_terminal_io (in /usr/lib/x86_64-linux-gnu/libreadline.so.8.1)
==12759==    by 0x4B036BB: _nc_read_entry2 (in /usr/lib/x86_64-linux-gnu/libtinfo.so.6.3)
==12837== 36 bytes in 3 blocks are still reachable in loss record 24 of 83
==12836== 
==12743==    by 0x4B044C9: tgetent_sp (in /usr/lib/x86_64-linux-gnu/libtinfo.so.6.3)
==12840==    at 0x4848899: malloc (in /usr/libexec/valgrind/vgpreload_memcheck-amd64-linux.so)
==12760== 
==12838==    at 0x4848899: malloc (in /usr/libexec/valgrind/vgpreload_memcheck-amd64-linux.so)
==12839==    by 0x488DA0F: rl_initialize (in /usr/lib/x86_64-linux-gnu/libreadline.so.8.1)
==12759==    by 0x4B03711: ??? (in /usr/lib/x86_64-linux-gnu/libtinfo.so.6.3)
==12837==    at 0x4848899: malloc (in /usr/libexec/valgrind/vgpreload_memcheck-amd64-linux.so)
==12743==    by 0x48A11CD: _rl_init_terminal_io (in /usr/lib/x86_64-linux-gnu/libreadline.so.8.1)
==12836== 33 bytes in 1 blocks are still reachable in loss record 25 of 83
==12840==    by 0x10C7FF: malloc_p (protected_methods.c:19)
==12838==    by 0x48A5BAC: xmalloc (in /usr/lib/x86_64-linux-gnu/libreadline.so.8.1)
==12760== 33 bytes in 1 blocks are still reachable in loss record 25 of 83
==12839==    by 0x488DCD4: readline (in /usr/lib/x86_64-linux-gnu/libreadline.so.8.1)
==12759==    by 0x4B03866: _nc_setupterm (in /usr/lib/x86_64-linux-gnu/libtinfo.so.6.3)
==12837==    by 0x48A5BAC: xmalloc (in /usr/lib/x86_64-linux-gnu/libreadline.so.8.1)
==12743==    by 0x488DA0F: rl_initialize (in /usr/lib/x86_64-linux-gnu/libreadline.so.8.1)
==12836==    at 0x4848899: malloc (in /usr/libexec/valgrind/vgpreload_memcheck-amd64-linux.so)
==12840==    by 0x10A180: lexer_add_cmd (lexer.c:45)
==12838==    by 0x489EF28: add_history (in /usr/lib/x86_64-linux-gnu/libreadline.so.8.1)
==12760==    at 0x4848899: malloc (in /usr/libexec/valgrind/vgpreload_memcheck-amd64-linux.so)
==12839==    by 0x10967D: minishell_loop (minishell.c:76)
==12759==    by 0x4B044C9: tgetent_sp (in /usr/lib/x86_64-linux-gnu/libtinfo.so.6.3)
==12837==    by 0x489EF28: add_history (in /usr/lib/x86_64-linux-gnu/libreadline.so.8.1)
==12743==    by 0x488DCD4: readline (in /usr/lib/x86_64-linux-gnu/libreadline.so.8.1)
==12836==    by 0x4B02ACD: _nc_read_termtype (in /usr/lib/x86_64-linux-gnu/libtinfo.so.6.3)
==12840==    by 0x10A104: lexer (lexer.c:33)
==12838==    by 0x1096B3: minishell_loop (minishell.c:81)
==12760==    by 0x4B02ACD: _nc_read_termtype (in /usr/lib/x86_64-linux-gnu/libtinfo.so.6.3)
==12839==    by 0x1094F6: main (minishell.c:27)
==12759==    by 0x48A11CD: _rl_init_terminal_io (in /usr/lib/x86_64-linux-gnu/libreadline.so.8.1)
==12837==    by 0x1096B3: minishell_loop (minishell.c:81)
==12743==    by 0x10967D: minishell_loop (minishell.c:76)
==12836==    by 0x4B0352A: ??? (in /usr/lib/x86_64-linux-gnu/libtinfo.so.6.3)
==12840==    by 0x1096BF: minishell_loop (minishell.c:82)
==12838==    by 0x1094F6: main (minishell.c:27)
==12760==    by 0x4B0352A: ??? (in /usr/lib/x86_64-linux-gnu/libtinfo.so.6.3)
==12839== 
==12759==    by 0x488DA0F: rl_initialize (in /usr/lib/x86_64-linux-gnu/libreadline.so.8.1)
==12837==    by 0x1094F6: main (minishell.c:27)
==12743== 
==12836==    by 0x4B05C40: ??? (in /usr/lib/x86_64-linux-gnu/libtinfo.so.6.3)
==12840==    by 0x1094F6: main (minishell.c:27)
==12838== 
==12760==    by 0x4B05C40: ??? (in /usr/lib/x86_64-linux-gnu/libtinfo.so.6.3)
==12759==    by 0x488DCD4: readline (in /usr/lib/x86_64-linux-gnu/libreadline.so.8.1)
==12837== 
==12839== 44 bytes in 1 blocks are still reachable in loss record 23 of 83
==12836==    by 0x4B036BB: _nc_read_entry2 (in /usr/lib/x86_64-linux-gnu/libtinfo.so.6.3)
==12743== 44 bytes in 1 blocks are still reachable in loss record 24 of 76
==12840== 
==12760==    by 0x4B036BB: _nc_read_entry2 (in /usr/lib/x86_64-linux-gnu/libtinfo.so.6.3)
==12838== 40 bytes in 1 blocks are still reachable in loss record 25 of 83
==12840== 16 bytes in 1 blocks are still reachable in loss record 14 of 83
==12759==    by 0x10967D: minishell_loop (minishell.c:76)
==12837== 40 bytes in 1 blocks are still reachable in loss record 25 of 83
==12839==    at 0x484DA83: calloc (in /usr/libexec/valgrind/vgpreload_memcheck-amd64-linux.so)
==12836==    by 0x4B03711: ??? (in /usr/lib/x86_64-linux-gnu/libtinfo.so.6.3)
==12743==    at 0x4848899: malloc (in /usr/libexec/valgrind/vgpreload_memcheck-amd64-linux.so)
==12760==    by 0x4B03711: ??? (in /usr/lib/x86_64-linux-gnu/libtinfo.so.6.3)
==12838==    at 0x484DA83: calloc (in /usr/libexec/valgrind/vgpreload_memcheck-amd64-linux.so)
==12840==    at 0x4848899: malloc (in /usr/libexec/valgrind/vgpreload_memcheck-amd64-linux.so)
==12759== 
==12837==    at 0x484DA83: calloc (in /usr/libexec/valgrind/vgpreload_memcheck-amd64-linux.so)
==12839==    by 0x4B02B84: _nc_read_termtype (in /usr/lib/x86_64-linux-gnu/libtinfo.so.6.3)
==12836==    by 0x4B03866: _nc_setupterm (in /usr/lib/x86_64-linux-gnu/libtinfo.so.6.3)
==12743==    by 0x4AF7FDE: ??? (in /usr/lib/x86_64-linux-gnu/libtinfo.so.6.3)
==12760==    by 0x4B03866: _nc_setupterm (in /usr/lib/x86_64-linux-gnu/libtinfo.so.6.3)
==12838==    by 0x4AF9833: _nc_first_db (in /usr/lib/x86_64-linux-gnu/libtinfo.so.6.3)
==12840==    by 0x10C7FF: malloc_p (protected_methods.c:19)
==12837==    by 0x4AF9833: _nc_first_db (in /usr/lib/x86_64-linux-gnu/libtinfo.so.6.3)
==12759== 44 bytes in 1 blocks are still reachable in loss record 24 of 76
==12839==    by 0x4B0352A: ??? (in /usr/lib/x86_64-linux-gnu/libtinfo.so.6.3)
==12836==    by 0x4B044C9: tgetent_sp (in /usr/lib/x86_64-linux-gnu/libtinfo.so.6.3)
==12743==    by 0x4B0387D: _nc_setupterm (in /usr/lib/x86_64-linux-gnu/libtinfo.so.6.3)
==12760==    by 0x4B044C9: tgetent_sp (in /usr/lib/x86_64-linux-gnu/libtinfo.so.6.3)
==12838==    by 0x4B03696: _nc_read_entry2 (in /usr/lib/x86_64-linux-gnu/libtinfo.so.6.3)
==12840==    by 0x10A572: init_cmd (parser.c:99)
==12837==    by 0x4B03696: _nc_read_entry2 (in /usr/lib/x86_64-linux-gnu/libtinfo.so.6.3)
==12759==    at 0x4848899: malloc (in /usr/libexec/valgrind/vgpreload_memcheck-amd64-linux.so)
==12839==    by 0x4B05C40: ??? (in /usr/lib/x86_64-linux-gnu/libtinfo.so.6.3)
==12836==    by 0x48A11CD: _rl_init_terminal_io (in /usr/lib/x86_64-linux-gnu/libreadline.so.8.1)
==12743==    by 0x4B044C9: tgetent_sp (in /usr/lib/x86_64-linux-gnu/libtinfo.so.6.3)
==12760==    by 0x48A11CD: _rl_init_terminal_io (in /usr/lib/x86_64-linux-gnu/libreadline.so.8.1)
==12838==    by 0x4B03711: ??? (in /usr/lib/x86_64-linux-gnu/libtinfo.so.6.3)
==12840==    by 0x10A39C: fill_tree (parser.c:59)
==12837==    by 0x4B03711: ??? (in /usr/lib/x86_64-linux-gnu/libtinfo.so.6.3)
==12759==    by 0x4AF7FDE: ??? (in /usr/lib/x86_64-linux-gnu/libtinfo.so.6.3)
==12839==    by 0x4B036BB: _nc_read_entry2 (in /usr/lib/x86_64-linux-gnu/libtinfo.so.6.3)
==12836==    by 0x488DA0F: rl_initialize (in /usr/lib/x86_64-linux-gnu/libreadline.so.8.1)
==12743==    by 0x48A11CD: _rl_init_terminal_io (in /usr/lib/x86_64-linux-gnu/libreadline.so.8.1)
==12760==    by 0x488DA0F: rl_initialize (in /usr/lib/x86_64-linux-gnu/libreadline.so.8.1)
==12838==    by 0x4B03866: _nc_setupterm (in /usr/lib/x86_64-linux-gnu/libtinfo.so.6.3)
==12840==    by 0x10A2FC: parser (parser.c:38)
==12837==    by 0x4B03866: _nc_setupterm (in /usr/lib/x86_64-linux-gnu/libtinfo.so.6.3)
==12759==    by 0x4B0387D: _nc_setupterm (in /usr/lib/x86_64-linux-gnu/libtinfo.so.6.3)
==12839==    by 0x4B03711: ??? (in /usr/lib/x86_64-linux-gnu/libtinfo.so.6.3)
==12836==    by 0x488DCD4: readline (in /usr/lib/x86_64-linux-gnu/libreadline.so.8.1)
==12743==    by 0x488DA0F: rl_initialize (in /usr/lib/x86_64-linux-gnu/libreadline.so.8.1)
==12760==    by 0x488DCD4: readline (in /usr/lib/x86_64-linux-gnu/libreadline.so.8.1)
==12838==    by 0x4B044C9: tgetent_sp (in /usr/lib/x86_64-linux-gnu/libtinfo.so.6.3)
==12840==    by 0x1096CF: minishell_loop (minishell.c:83)
==12837==    by 0x4B044C9: tgetent_sp (in /usr/lib/x86_64-linux-gnu/libtinfo.so.6.3)
==12759==    by 0x4B044C9: tgetent_sp (in /usr/lib/x86_64-linux-gnu/libtinfo.so.6.3)
==12839==    by 0x4B03866: _nc_setupterm (in /usr/lib/x86_64-linux-gnu/libtinfo.so.6.3)
==12836==    by 0x10967D: minishell_loop (minishell.c:76)
==12743==    by 0x488DCD4: readline (in /usr/lib/x86_64-linux-gnu/libreadline.so.8.1)
==12760==    by 0x10967D: minishell_loop (minishell.c:76)
==12838==    by 0x48A11CD: _rl_init_terminal_io (in /usr/lib/x86_64-linux-gnu/libreadline.so.8.1)
==12840==    by 0x1094F6: main (minishell.c:27)
==12837==    by 0x48A11CD: _rl_init_terminal_io (in /usr/lib/x86_64-linux-gnu/libreadline.so.8.1)
==12759==    by 0x48A11CD: _rl_init_terminal_io (in /usr/lib/x86_64-linux-gnu/libreadline.so.8.1)
==12839==    by 0x4B044C9: tgetent_sp (in /usr/lib/x86_64-linux-gnu/libtinfo.so.6.3)
==12836== 
==12743==    by 0x10967D: minishell_loop (minishell.c:76)
==12760== 
==12838==    by 0x488DA0F: rl_initialize (in /usr/lib/x86_64-linux-gnu/libreadline.so.8.1)
==12840== 
==12837==    by 0x488DA0F: rl_initialize (in /usr/lib/x86_64-linux-gnu/libreadline.so.8.1)
==12759==    by 0x488DA0F: rl_initialize (in /usr/lib/x86_64-linux-gnu/libreadline.so.8.1)
==12839==    by 0x48A11CD: _rl_init_terminal_io (in /usr/lib/x86_64-linux-gnu/libreadline.so.8.1)
==12743==    by 0x1094F6: main (minishell.c:27)
==12836== 40 bytes in 1 blocks are still reachable in loss record 26 of 83
==12838==    by 0x488DCD4: readline (in /usr/lib/x86_64-linux-gnu/libreadline.so.8.1)
==12760== 40 bytes in 1 blocks are still reachable in loss record 26 of 83
==12837==    by 0x488DCD4: readline (in /usr/lib/x86_64-linux-gnu/libreadline.so.8.1)
==12840== 20 bytes in 1 blocks are still reachable in loss record 15 of 83
==12759==    by 0x488DCD4: readline (in /usr/lib/x86_64-linux-gnu/libreadline.so.8.1)
==12839==    by 0x488DA0F: rl_initialize (in /usr/lib/x86_64-linux-gnu/libreadline.so.8.1)
==12743== 
==12836==    at 0x484DA83: calloc (in /usr/libexec/valgrind/vgpreload_memcheck-amd64-linux.so)
==12838==    by 0x10967D: minishell_loop (minishell.c:76)
==12760==    at 0x484DA83: calloc (in /usr/libexec/valgrind/vgpreload_memcheck-amd64-linux.so)
==12837==    by 0x10967D: minishell_loop (minishell.c:76)
==12840==    at 0x4848899: malloc (in /usr/libexec/valgrind/vgpreload_memcheck-amd64-linux.so)
==12759==    by 0x10967D: minishell_loop (minishell.c:76)
==12839==    by 0x488DCD4: readline (in /usr/lib/x86_64-linux-gnu/libreadline.so.8.1)
==12836==    by 0x4AF9833: _nc_first_db (in /usr/lib/x86_64-linux-gnu/libtinfo.so.6.3)
==12743== 63 bytes in 1 blocks are still reachable in loss record 25 of 76
==12838==    by 0x1094F6: main (minishell.c:27)
==12760==    by 0x4AF9833: _nc_first_db (in /usr/lib/x86_64-linux-gnu/libtinfo.so.6.3)
==12837==    by 0x1094F6: main (minishell.c:27)
==12840==    by 0x48A5BAC: xmalloc (in /usr/lib/x86_64-linux-gnu/libreadline.so.8.1)
==12759==    by 0x1094F6: main (minishell.c:27)
==12839==    by 0x10967D: minishell_loop (minishell.c:76)
==12836==    by 0x4B03696: _nc_read_entry2 (in /usr/lib/x86_64-linux-gnu/libtinfo.so.6.3)
==12743==    at 0x4848899: malloc (in /usr/libexec/valgrind/vgpreload_memcheck-amd64-linux.so)
==12838== 
==12760==    by 0x4B03696: _nc_read_entry2 (in /usr/lib/x86_64-linux-gnu/libtinfo.so.6.3)
==12837== 
==12840==    by 0x4890D8B: ??? (in /usr/lib/x86_64-linux-gnu/libreadline.so.8.1)
==12759== 
==12839== 
==12836==    by 0x4B03711: ??? (in /usr/lib/x86_64-linux-gnu/libtinfo.so.6.3)
==12743==    by 0x48A5BAC: xmalloc (in /usr/lib/x86_64-linux-gnu/libreadline.so.8.1)
