==12760==    by 0x4B03711: ??? (in /usr/lib/x86_64-linux-gnu/libtinfo.so.6.3)
==12838== 44 bytes in 1 blocks are still reachable in loss record 26 of 83
==12837== 44 bytes in 1 blocks are still reachable in loss record 26 of 83
==12840==    by 0x48936C9: rl_parse_and_bind (in /usr/lib/x86_64-linux-gnu/libreadline.so.8.1)
==12759== 63 bytes in 1 blocks are still reachable in loss record 25 of 76
==12836==    by 0x4B03866: _nc_setupterm (in /usr/lib/x86_64-linux-gnu/libtinfo.so.6.3)
==12743==    by 0x48821E3: rl_set_prompt (in /usr/lib/x86_64-linux-gnu/libreadline.so.8.1)
==12839== 44 bytes in 1 blocks are still reachable in loss record 24 of 83
==12760==    by 0x4B03866: _nc_setupterm (in /usr/lib/x86_64-linux-gnu/libtinfo.so.6.3)
==12838==    at 0x484DA83: calloc (in /usr/libexec/valgrind/vgpreload_memcheck-amd64-linux.so)
==12837==    at 0x484DA83: calloc (in /usr/libexec/valgrind/vgpreload_memcheck-amd64-linux.so)
==12840==    by 0x4893B6C: ??? (in /usr/lib/x86_64-linux-gnu/libreadline.so.8.1)
==12759==    at 0x4848899: malloc (in /usr/libexec/valgrind/vgpreload_memcheck-amd64-linux.so)
==12836==    by 0x4B044C9: tgetent_sp (in /usr/lib/x86_64-linux-gnu/libtinfo.so.6.3)
==12743==    by 0x488DCCF: readline (in /usr/lib/x86_64-linux-gnu/libreadline.so.8.1)
==12839==    at 0x4848899: malloc (in /usr/libexec/valgrind/vgpreload_memcheck-amd64-linux.so)
==12760==    by 0x4B044C9: tgetent_sp (in /usr/lib/x86_64-linux-gnu/libtinfo.so.6.3)
==12838==    by 0x4B02B84: _nc_read_termtype (in /usr/lib/x86_64-linux-gnu/libtinfo.so.6.3)
==12837==    by 0x4B02B84: _nc_read_termtype (in /usr/lib/x86_64-linux-gnu/libtinfo.so.6.3)
==12840==    by 0x488DA38: rl_initialize (in /usr/lib/x86_64-linux-gnu/libreadline.so.8.1)
==12759==    by 0x48A5BAC: xmalloc (in /usr/lib/x86_64-linux-gnu/libreadline.so.8.1)
==12836==    by 0x48A11CD: _rl_init_terminal_io (in /usr/lib/x86_64-linux-gnu/libreadline.so.8.1)
==12743==    by 0x10967D: minishell_loop (minishell.c:76)
==12839==    by 0x4AF7FDE: ??? (in /usr/lib/x86_64-linux-gnu/libtinfo.so.6.3)
==12760==    by 0x48A11CD: _rl_init_terminal_io (in /usr/lib/x86_64-linux-gnu/libreadline.so.8.1)
==12838==    by 0x4B0352A: ??? (in /usr/lib/x86_64-linux-gnu/libtinfo.so.6.3)
==12837==    by 0x4B0352A: ??? (in /usr/lib/x86_64-linux-gnu/libtinfo.so.6.3)
==12840==    by 0x488DCD4: readline (in /usr/lib/x86_64-linux-gnu/libreadline.so.8.1)
==12759==    by 0x48821E3: rl_set_prompt (in /usr/lib/x86_64-linux-gnu/libreadline.so.8.1)
==12836==    by 0x488DA0F: rl_initialize (in /usr/lib/x86_64-linux-gnu/libreadline.so.8.1)
==12743==    by 0x1094F6: main (minishell.c:27)
==12839==    by 0x4B0387D: _nc_setupterm (in /usr/lib/x86_64-linux-gnu/libtinfo.so.6.3)
==12760==    by 0x488DA0F: rl_initialize (in /usr/lib/x86_64-linux-gnu/libreadline.so.8.1)
==12838==    by 0x4B05C40: ??? (in /usr/lib/x86_64-linux-gnu/libtinfo.so.6.3)
==12837==    by 0x4B05C40: ??? (in /usr/lib/x86_64-linux-gnu/libtinfo.so.6.3)
==12840==    by 0x10967D: minishell_loop (minishell.c:76)
==12759==    by 0x488DCCF: readline (in /usr/lib/x86_64-linux-gnu/libreadline.so.8.1)
==12836==    by 0x488DCD4: readline (in /usr/lib/x86_64-linux-gnu/libreadline.so.8.1)
==12743== 
==12839==    by 0x4B044C9: tgetent_sp (in /usr/lib/x86_64-linux-gnu/libtinfo.so.6.3)
==12760==    by 0x488DCD4: readline (in /usr/lib/x86_64-linux-gnu/libreadline.so.8.1)
==12838==    by 0x4B036BB: _nc_read_entry2 (in /usr/lib/x86_64-linux-gnu/libtinfo.so.6.3)
==12837==    by 0x4B036BB: _nc_read_entry2 (in /usr/lib/x86_64-linux-gnu/libtinfo.so.6.3)
==12840==    by 0x1094F6: main (minishell.c:27)
==12759==    by 0x10967D: minishell_loop (minishell.c:76)
==12836==    by 0x10967D: minishell_loop (minishell.c:76)
==12743== 63 bytes in 1 blocks are still reachable in loss record 26 of 76
==12839==    by 0x48A11CD: _rl_init_terminal_io (in /usr/lib/x86_64-linux-gnu/libreadline.so.8.1)
==12760==    by 0x10967D: minishell_loop (minishell.c:76)
==12838==    by 0x4B03711: ??? (in /usr/lib/x86_64-linux-gnu/libtinfo.so.6.3)
==12837==    by 0x4B03711: ??? (in /usr/lib/x86_64-linux-gnu/libtinfo.so.6.3)
==12840== 
==12759==    by 0x1094F6: main (minishell.c:27)
==12836==    by 0x1094F6: main (minishell.c:27)
==12743==    at 0x4848899: malloc (in /usr/libexec/valgrind/vgpreload_memcheck-amd64-linux.so)
==12839==    by 0x488DA0F: rl_initialize (in /usr/lib/x86_64-linux-gnu/libreadline.so.8.1)
==12760==    by 0x1094F6: main (minishell.c:27)
==12838==    by 0x4B03866: _nc_setupterm (in /usr/lib/x86_64-linux-gnu/libtinfo.so.6.3)
==12837==    by 0x4B03866: _nc_setupterm (in /usr/lib/x86_64-linux-gnu/libtinfo.so.6.3)
==12759== 
==12836== 
==12743==    by 0x48A5BAC: xmalloc (in /usr/lib/x86_64-linux-gnu/libreadline.so.8.1)
==12839==    by 0x488DCD4: readline (in /usr/lib/x86_64-linux-gnu/libreadline.so.8.1)
==12760== 
==12840== 24 bytes in 1 blocks are still reachable in loss record 16 of 83
==12838==    by 0x4B044C9: tgetent_sp (in /usr/lib/x86_64-linux-gnu/libtinfo.so.6.3)
==12837==    by 0x4B044C9: tgetent_sp (in /usr/lib/x86_64-linux-gnu/libtinfo.so.6.3)
==12759== 63 bytes in 1 blocks are still reachable in loss record 26 of 76
==12743==    by 0x48925F2: ??? (in /usr/lib/x86_64-linux-gnu/libreadline.so.8.1)
==12836== 43 (24 direct, 19 indirect) bytes in 1 blocks are definitely lost in loss record 27 of 83
==12839==    by 0x10967D: minishell_loop (minishell.c:76)
==12760== 43 (24 direct, 19 indirect) bytes in 1 blocks are definitely lost in loss record 27 of 83
==12840==    at 0x4848899: malloc (in /usr/libexec/valgrind/vgpreload_memcheck-amd64-linux.so)
==12838==    by 0x48A11CD: _rl_init_terminal_io (in /usr/lib/x86_64-linux-gnu/libreadline.so.8.1)
==12837==    by 0x48A11CD: _rl_init_terminal_io (in /usr/lib/x86_64-linux-gnu/libreadline.so.8.1)
==12759==    at 0x4848899: malloc (in /usr/libexec/valgrind/vgpreload_memcheck-amd64-linux.so)
==12743==    by 0x4892E0D: rl_expand_prompt (in /usr/lib/x86_64-linux-gnu/libreadline.so.8.1)
==12836==    at 0x4848899: malloc (in /usr/libexec/valgrind/vgpreload_memcheck-amd64-linux.so)
==12839==    by 0x1094F6: main (minishell.c:27)
==12760==    at 0x4848899: malloc (in /usr/libexec/valgrind/vgpreload_memcheck-amd64-linux.so)
==12840==    by 0x49DFD44: tsearch (tsearch.c:337)
==12838==    by 0x488DA0F: rl_initialize (in /usr/lib/x86_64-linux-gnu/libreadline.so.8.1)
==12837==    by 0x488DA0F: rl_initialize (in /usr/lib/x86_64-linux-gnu/libreadline.so.8.1)
==12759==    by 0x48A5BAC: xmalloc (in /usr/lib/x86_64-linux-gnu/libreadline.so.8.1)
==12743==    by 0x48821BF: rl_set_prompt (in /usr/lib/x86_64-linux-gnu/libreadline.so.8.1)
==12836==    by 0x10C7FF: malloc_p (protected_methods.c:19)
==12839== 
==12760==    by 0x10C7FF: malloc_p (protected_methods.c:19)
==12838==    by 0x488DCD4: readline (in /usr/lib/x86_64-linux-gnu/libreadline.so.8.1)
==12840==    by 0x490506A: __add_to_environ (setenv.c:233)
==12837==    by 0x488DCD4: readline (in /usr/lib/x86_64-linux-gnu/libreadline.so.8.1)
==12759==    by 0x48925F2: ??? (in /usr/lib/x86_64-linux-gnu/libreadline.so.8.1)
==12743==    by 0x488DCCF: readline (in /usr/lib/x86_64-linux-gnu/libreadline.so.8.1)
==12836==    by 0x10CBDB: lstnew_p (lstnew_p.c:19)
==12760==    by 0x10CBDB: lstnew_p (lstnew_p.c:19)
==12839== 48 bytes in 4 blocks are still reachable in loss record 25 of 83
==12838==    by 0x10967D: minishell_loop (minishell.c:76)
==12840==    by 0x48543FF: setenv (in /usr/libexec/valgrind/vgpreload_memcheck-amd64-linux.so)
==12837==    by 0x10967D: minishell_loop (minishell.c:76)
==12759==    by 0x4892E0D: rl_expand_prompt (in /usr/lib/x86_64-linux-gnu/libreadline.so.8.1)
==12743==    by 0x10967D: minishell_loop (minishell.c:76)
==12836==    by 0x10A1CD: lexer_add_cmd (lexer.c:49)
==12760==    by 0x10A1CD: lexer_add_cmd (lexer.c:49)
==12839==    at 0x4848899: malloc (in /usr/libexec/valgrind/vgpreload_memcheck-amd64-linux.so)
==12838== 
==12840==    by 0x48A5005: sh_set_lines_and_columns (in /usr/lib/x86_64-linux-gnu/libreadline.so.8.1)
==12837== 
==12759==    by 0x48821BF: rl_set_prompt (in /usr/lib/x86_64-linux-gnu/libreadline.so.8.1)
==12743==    by 0x1094F6: main (minishell.c:27)
==12836==    by 0x10A104: lexer (lexer.c:33)
==12760==    by 0x10A104: lexer (lexer.c:33)
==12839==    by 0x48A5BAC: xmalloc (in /usr/lib/x86_64-linux-gnu/libreadline.so.8.1)
==12838== 44 bytes in 1 blocks are still reachable in loss record 27 of 83
==12840==    by 0x489FAF7: _rl_get_screen_size (in /usr/lib/x86_64-linux-gnu/libreadline.so.8.1)
==12759==    by 0x488DCCF: readline (in /usr/lib/x86_64-linux-gnu/libreadline.so.8.1)
==12837== 44 bytes in 1 blocks are still reachable in loss record 27 of 83
==12743== 
==12836==    by 0x1096BF: minishell_loop (minishell.c:82)
==12760==    by 0x1096BF: minishell_loop (minishell.c:82)
==12839==    by 0x489EF28: add_history (in /usr/lib/x86_64-linux-gnu/libreadline.so.8.1)
==12838==    at 0x4848899: malloc (in /usr/libexec/valgrind/vgpreload_memcheck-amd64-linux.so)
==12840==    by 0x4892AB8: ??? (in /usr/lib/x86_64-linux-gnu/libreadline.so.8.1)
==12759==    by 0x10967D: minishell_loop (minishell.c:76)
==12837==    at 0x4848899: malloc (in /usr/libexec/valgrind/vgpreload_memcheck-amd64-linux.so)
==12836==    by 0x1094F6: main (minishell.c:27)
==12760==    by 0x1094F6: main (minishell.c:27)
==12743== 64 bytes in 1 blocks are still reachable in loss record 27 of 76
==12839==    by 0x1096B3: minishell_loop (minishell.c:81)
==12838==    by 0x4AF7FDE: ??? (in /usr/lib/x86_64-linux-gnu/libtinfo.so.6.3)
==12840==    by 0x4892E0D: rl_expand_prompt (in /usr/lib/x86_64-linux-gnu/libreadline.so.8.1)
==12759==    by 0x1094F6: main (minishell.c:27)
==12837==    by 0x4AF7FDE: ??? (in /usr/lib/x86_64-linux-gnu/libtinfo.so.6.3)
==12836== 
==12760== 
==12839==    by 0x1094F6: main (minishell.c:27)
==12743==    at 0x4848899: malloc (in /usr/libexec/valgrind/vgpreload_memcheck-amd64-linux.so)
==12838==    by 0x4B0387D: _nc_setupterm (in /usr/lib/x86_64-linux-gnu/libtinfo.so.6.3)
==12840==    by 0x48821BF: rl_set_prompt (in /usr/lib/x86_64-linux-gnu/libreadline.so.8.1)
==12759== 
==12837==    by 0x4B0387D: _nc_setupterm (in /usr/lib/x86_64-linux-gnu/libtinfo.so.6.3)
==12836== 44 bytes in 1 blocks are still reachable in loss record 28 of 83
==12839== 
==12760== 44 bytes in 1 blocks are still reachable in loss record 28 of 83
==12743==    by 0x4A15967: __nss_action_allocate (nss_action.c:90)
==12838==    by 0x4B044C9: tgetent_sp (in /usr/lib/x86_64-linux-gnu/libtinfo.so.6.3)
==12840==    by 0x488DCCF: readline (in /usr/lib/x86_64-linux-gnu/libreadline.so.8.1)
==12837==    by 0x4B044C9: tgetent_sp (in /usr/lib/x86_64-linux-gnu/libtinfo.so.6.3)
==12836==    at 0x484DA83: calloc (in /usr/libexec/valgrind/vgpreload_memcheck-amd64-linux.so)
==12759== 64 bytes in 1 blocks are still reachable in loss record 27 of 76
==12839== 48 bytes in 3 blocks are indirectly lost in loss record 26 of 83
==12760==    at 0x484DA83: calloc (in /usr/libexec/valgrind/vgpreload_memcheck-amd64-linux.so)
==12743==    by 0x4A15E94: __nss_action_parse (nss_action_parse.c:177)
==12838==    by 0x48A11CD: _rl_init_terminal_io (in /usr/lib/x86_64-linux-gnu/libreadline.so.8.1)
==12840==    by 0x10967D: minishell_loop (minishell.c:76)
==12837==    by 0x48A11CD: _rl_init_terminal_io (in /usr/lib/x86_64-linux-gnu/libreadline.so.8.1)
==12836==    by 0x4B02B84: _nc_read_termtype (in /usr/lib/x86_64-linux-gnu/libtinfo.so.6.3)
==12759==    at 0x4848899: malloc (in /usr/libexec/valgrind/vgpreload_memcheck-amd64-linux.so)
==12839==    at 0x4848899: malloc (in /usr/libexec/valgrind/vgpreload_memcheck-amd64-linux.so)
==12760==    by 0x4B02B84: _nc_read_termtype (in /usr/lib/x86_64-linux-gnu/libtinfo.so.6.3)
==12743==    by 0x4A164DA: nss_database_select_default (nss_database.c:166)
==12838==    by 0x488DA0F: rl_initialize (in /usr/lib/x86_64-linux-gnu/libreadline.so.8.1)
==12840==    by 0x1094F6: main (minishell.c:27)
==12837==    by 0x488DA0F: rl_initialize (in /usr/lib/x86_64-linux-gnu/libreadline.so.8.1)
==12836==    by 0x4B0352A: ??? (in /usr/lib/x86_64-linux-gnu/libtinfo.so.6.3)
==12759==    by 0x4A15967: __nss_action_allocate (nss_action.c:90)
==12839==    by 0x10C7FF: malloc_p (protected_methods.c:19)
==12760==    by 0x4B0352A: ??? (in /usr/lib/x86_64-linux-gnu/libtinfo.so.6.3)
==12743==    by 0x4A164DA: nss_database_reload (nss_database.c:368)
==12838==    by 0x488DCD4: readline (in /usr/lib/x86_64-linux-gnu/libreadline.so.8.1)
==12840== 
==12837==    by 0x488DCD4: readline (in /usr/lib/x86_64-linux-gnu/libreadline.so.8.1)
==12836==    by 0x4B05C40: ??? (in /usr/lib/x86_64-linux-gnu/libtinfo.so.6.3)
==12759==    by 0x4A15E94: __nss_action_parse (nss_action_parse.c:177)
==12839==    by 0x10A180: lexer_add_cmd (lexer.c:45)
==12760==    by 0x4B05C40: ??? (in /usr/lib/x86_64-linux-gnu/libtinfo.so.6.3)
==12743==    by 0x4A164DA: nss_database_check_reload_and_get (nss_database.c:448)
==12838==    by 0x10967D: minishell_loop (minishell.c:76)
==12837==    by 0x10967D: minishell_loop (minishell.c:76)
==12836==    by 0x4B036BB: _nc_read_entry2 (in /usr/lib/x86_64-linux-gnu/libtinfo.so.6.3)
==12840== 24 bytes in 1 blocks are still reachable in loss record 17 of 83
==12759==    by 0x4A164DA: nss_database_select_default (nss_database.c:166)
==12839==    by 0x10A104: lexer (lexer.c:33)
==12760==    by 0x4B036BB: _nc_read_entry2 (in /usr/lib/x86_64-linux-gnu/libtinfo.so.6.3)
==12743==    by 0x4A1459B: __nss_passwd_lookup2 (XXX-lookup.c:52)
==12838==    by 0x1094F6: main (minishell.c:27)
==12837==    by 0x1094F6: main (minishell.c:27)
==12836==    by 0x4B03711: ??? (in /usr/lib/x86_64-linux-gnu/libtinfo.so.6.3)
==12840==    at 0x4848899: malloc (in /usr/libexec/valgrind/vgpreload_memcheck-amd64-linux.so)
==12759==    by 0x4A164DA: nss_database_reload (nss_database.c:368)
==12839==    by 0x1096BF: minishell_loop (minishell.c:82)
==12760==    by 0x4B03711: ??? (in /usr/lib/x86_64-linux-gnu/libtinfo.so.6.3)
==12838== 
==12743==    by 0x49A9CF4: getpwuid_r@@GLIBC_2.2.5 (getXXbyYY_r.c:264)
==12837== 
==12836==    by 0x4B03866: _nc_setupterm (in /usr/lib/x86_64-linux-gnu/libtinfo.so.6.3)
==12840==    by 0x49DFDAE: tsearch (tsearch.c:337)
==12759==    by 0x4A164DA: nss_database_check_reload_and_get (nss_database.c:448)
==12839==    by 0x1094F6: main (minishell.c:27)
==12760==    by 0x4B03866: _nc_setupterm (in /usr/lib/x86_64-linux-gnu/libtinfo.so.6.3)
==12838== 63 bytes in 1 blocks are still reachable in loss record 28 of 83
==12743==    by 0x49A9612: getpwuid (getXXbyYY.c:135)
==12836==    by 0x4B044C9: tgetent_sp (in /usr/lib/x86_64-linux-gnu/libtinfo.so.6.3)
==12837== 63 bytes in 1 blocks are still reachable in loss record 28 of 83
==12840==    by 0x490506A: __add_to_environ (setenv.c:233)
==12759==    by 0x4A1459B: __nss_passwd_lookup2 (XXX-lookup.c:52)
==12839== 
==12760==    by 0x4B044C9: tgetent_sp (in /usr/lib/x86_64-linux-gnu/libtinfo.so.6.3)
==12838==    at 0x4848899: malloc (in /usr/libexec/valgrind/vgpreload_memcheck-amd64-linux.so)
==12743==    by 0x48A5EA4: sh_get_home_dir (in /usr/lib/x86_64-linux-gnu/libreadline.so.8.1)
==12836==    by 0x48A11CD: _rl_init_terminal_io (in /usr/lib/x86_64-linux-gnu/libreadline.so.8.1)
==12837==    at 0x4848899: malloc (in /usr/libexec/valgrind/vgpreload_memcheck-amd64-linux.so)
==12840==    by 0x48543FF: setenv (in /usr/libexec/valgrind/vgpreload_memcheck-amd64-linux.so)
==12759==    by 0x49A9CF4: getpwuid_r@@GLIBC_2.2.5 (getXXbyYY_r.c:264)
==12760==    by 0x48A11CD: _rl_init_terminal_io (in /usr/lib/x86_64-linux-gnu/libreadline.so.8.1)
==12839== 48 bytes in 3 blocks are indirectly lost in loss record 27 of 83
==12838==    by 0x48A5BAC: xmalloc (in /usr/lib/x86_64-linux-gnu/libreadline.so.8.1)
==12743==    by 0x48A708C: tilde_expand_word (in /usr/lib/x86_64-linux-gnu/libreadline.so.8.1)
==12836==    by 0x488DA0F: rl_initialize (in /usr/lib/x86_64-linux-gnu/libreadline.so.8.1)
==12837==    by 0x48A5BAC: xmalloc (in /usr/lib/x86_64-linux-gnu/libreadline.so.8.1)
==12840==    by 0x489FAF7: _rl_get_screen_size (in /usr/lib/x86_64-linux-gnu/libreadline.so.8.1)
==12759==    by 0x49A9612: getpwuid (getXXbyYY.c:135)
==12760==    by 0x488DA0F: rl_initialize (in /usr/lib/x86_64-linux-gnu/libreadline.so.8.1)
==12839==    at 0x4848899: malloc (in /usr/libexec/valgrind/vgpreload_memcheck-amd64-linux.so)
==12838==    by 0x48821E3: rl_set_prompt (in /usr/lib/x86_64-linux-gnu/libreadline.so.8.1)
==12743==    by 0x48A72AF: tilde_expand (in /usr/lib/x86_64-linux-gnu/libreadline.so.8.1)
==12836==    by 0x488DCD4: readline (in /usr/lib/x86_64-linux-gnu/libreadline.so.8.1)
==12837==    by 0x48821E3: rl_set_prompt (in /usr/lib/x86_64-linux-gnu/libreadline.so.8.1)
==12840==    by 0x4892AB8: ??? (in /usr/lib/x86_64-linux-gnu/libreadline.so.8.1)
==12759==    by 0x48A5EA4: sh_get_home_dir (in /usr/lib/x86_64-linux-gnu/libreadline.so.8.1)
==12760==    by 0x488DCD4: readline (in /usr/lib/x86_64-linux-gnu/libreadline.so.8.1)
==12839==    by 0x10C7FF: malloc_p (protected_methods.c:19)
==12838==    by 0x488DCCF: readline (in /usr/lib/x86_64-linux-gnu/libreadline.so.8.1)
==12743==    by 0x4893A3A: ??? (in /usr/lib/x86_64-linux-gnu/libreadline.so.8.1)
==12836==    by 0x10967D: minishell_loop (minishell.c:76)
==12837==    by 0x488DCCF: readline (in /usr/lib/x86_64-linux-gnu/libreadline.so.8.1)
==12840==    by 0x4892E0D: rl_expand_prompt (in /usr/lib/x86_64-linux-gnu/libreadline.so.8.1)
==12759==    by 0x48A708C: tilde_expand_word (in /usr/lib/x86_64-linux-gnu/libreadline.so.8.1)
==12760==    by 0x10967D: minishell_loop (minishell.c:76)
==12839==    by 0x10A572: init_cmd (parser.c:99)
==12838==    by 0x10967D: minishell_loop (minishell.c:76)
==12743==    by 0x4893CDF: rl_read_init_file (in /usr/lib/x86_64-linux-gnu/libreadline.so.8.1)
==12836== 
==12837==    by 0x10967D: minishell_loop (minishell.c:76)
==12840==    by 0x48821BF: rl_set_prompt (in /usr/lib/x86_64-linux-gnu/libreadline.so.8.1)
==12759==    by 0x48A72AF: tilde_expand (in /usr/lib/x86_64-linux-gnu/libreadline.so.8.1)
==12760== 
==12839==    by 0x10A39C: fill_tree (parser.c:59)
==12838==    by 0x1094F6: main (minishell.c:27)
==12743== 
==12837==    by 0x1094F6: main (minishell.c:27)
==12836== 44 bytes in 1 blocks are still reachable in loss record 29 of 83
==12840==    by 0x488DCCF: readline (in /usr/lib/x86_64-linux-gnu/libreadline.so.8.1)
==12759==    by 0x4893A3A: ??? (in /usr/lib/x86_64-linux-gnu/libreadline.so.8.1)
==12839==    by 0x10A2FC: parser (parser.c:38)
==12760== 44 bytes in 1 blocks are still reachable in loss record 29 of 83
==12838== 
==12837== 
==12743== 72 bytes in 1 blocks are still reachable in loss record 28 of 76
==12836==    at 0x4848899: malloc (in /usr/libexec/valgrind/vgpreload_memcheck-amd64-linux.so)
==12840==    by 0x10967D: minishell_loop (minishell.c:76)
==12759==    by 0x4893CDF: rl_read_init_file (in /usr/lib/x86_64-linux-gnu/libreadline.so.8.1)
==12839==    by 0x1096CF: minishell_loop (minishell.c:83)
==12760==    at 0x4848899: malloc (in /usr/libexec/valgrind/vgpreload_memcheck-amd64-linux.so)
==12838== 63 bytes in 1 blocks are still reachable in loss record 29 of 83
==12743==    at 0x4848899: malloc (in /usr/libexec/valgrind/vgpreload_memcheck-amd64-linux.so)
==12837== 63 bytes in 1 blocks are still reachable in loss record 29 of 83
==12836==    by 0x4AF7FDE: ??? (in /usr/lib/x86_64-linux-gnu/libtinfo.so.6.3)
==12840==    by 0x1094F6: main (minishell.c:27)
==12759== 
==12839==    by 0x1094F6: main (minishell.c:27)
==12760==    by 0x4AF7FDE: ??? (in /usr/lib/x86_64-linux-gnu/libtinfo.so.6.3)
==12838==    at 0x4848899: malloc (in /usr/libexec/valgrind/vgpreload_memcheck-amd64-linux.so)
==12743==    by 0x4AF979A: _nc_first_db (in /usr/lib/x86_64-linux-gnu/libtinfo.so.6.3)
==12837==    at 0x4848899: malloc (in /usr/libexec/valgrind/vgpreload_memcheck-amd64-linux.so)
==12836==    by 0x4B0387D: _nc_setupterm (in /usr/lib/x86_64-linux-gnu/libtinfo.so.6.3)
==12840== 
==12839== 
==12759== 72 bytes in 1 blocks are still reachable in loss record 28 of 76
==12760==    by 0x4B0387D: _nc_setupterm (in /usr/lib/x86_64-linux-gnu/libtinfo.so.6.3)
==12838==    by 0x48A5BAC: xmalloc (in /usr/lib/x86_64-linux-gnu/libreadline.so.8.1)
==12743==    by 0x4B03696: _nc_read_entry2 (in /usr/lib/x86_64-linux-gnu/libtinfo.so.6.3)
==12837==    by 0x48A5BAC: xmalloc (in /usr/lib/x86_64-linux-gnu/libreadline.so.8.1)
==12836==    by 0x4B044C9: tgetent_sp (in /usr/lib/x86_64-linux-gnu/libtinfo.so.6.3)
==12840== 24 bytes in 1 blocks are still reachable in loss record 18 of 83
==12759==    at 0x4848899: malloc (in /usr/libexec/valgrind/vgpreload_memcheck-amd64-linux.so)
==12839== 63 bytes in 1 blocks are still reachable in loss record 28 of 83
==12760==    by 0x4B044C9: tgetent_sp (in /usr/lib/x86_64-linux-gnu/libtinfo.so.6.3)
==12838==    by 0x48925F2: ??? (in /usr/lib/x86_64-linux-gnu/libreadline.so.8.1)
==12743==    by 0x4B03711: ??? (in /usr/lib/x86_64-linux-gnu/libtinfo.so.6.3)
==12837==    by 0x48925F2: ??? (in /usr/lib/x86_64-linux-gnu/libreadline.so.8.1)
==12836==    by 0x48A11CD: _rl_init_terminal_io (in /usr/lib/x86_64-linux-gnu/libreadline.so.8.1)
==12840==    at 0x4848899: malloc (in /usr/libexec/valgrind/vgpreload_memcheck-amd64-linux.so)
==12759==    by 0x4AF979A: _nc_first_db (in /usr/lib/x86_64-linux-gnu/libtinfo.so.6.3)
==12839==    at 0x4848899: malloc (in /usr/libexec/valgrind/vgpreload_memcheck-amd64-linux.so)
==12760==    by 0x48A11CD: _rl_init_terminal_io (in /usr/lib/x86_64-linux-gnu/libreadline.so.8.1)
==12838==    by 0x4892E0D: rl_expand_prompt (in /usr/lib/x86_64-linux-gnu/libreadline.so.8.1)
==12743==    by 0x4B03866: _nc_setupterm (in /usr/lib/x86_64-linux-gnu/libtinfo.so.6.3)
==12837==    by 0x4892E0D: rl_expand_prompt (in /usr/lib/x86_64-linux-gnu/libreadline.so.8.1)
==12836==    by 0x488DA0F: rl_initialize (in /usr/lib/x86_64-linux-gnu/libreadline.so.8.1)
==12840==    by 0x10C7FF: malloc_p (protected_methods.c:19)
==12759==    by 0x4B03696: _nc_read_entry2 (in /usr/lib/x86_64-linux-gnu/libtinfo.so.6.3)
==12839==    by 0x48A5BAC: xmalloc (in /usr/lib/x86_64-linux-gnu/libreadline.so.8.1)
==12760==    by 0x488DA0F: rl_initialize (in /usr/lib/x86_64-linux-gnu/libreadline.so.8.1)
==12838==    by 0x48821BF: rl_set_prompt (in /usr/lib/x86_64-linux-gnu/libreadline.so.8.1)
==12743==    by 0x4B044C9: tgetent_sp (in /usr/lib/x86_64-linux-gnu/libtinfo.so.6.3)
==12837==    by 0x48821BF: rl_set_prompt (in /usr/lib/x86_64-linux-gnu/libreadline.so.8.1)
==12836==    by 0x488DCD4: readline (in /usr/lib/x86_64-linux-gnu/libreadline.so.8.1)
==12840==    by 0x10CBDB: lstnew_p (lstnew_p.c:19)
==12759==    by 0x4B03711: ??? (in /usr/lib/x86_64-linux-gnu/libtinfo.so.6.3)
==12839==    by 0x48821E3: rl_set_prompt (in /usr/lib/x86_64-linux-gnu/libreadline.so.8.1)
==12760==    by 0x488DCD4: readline (in /usr/lib/x86_64-linux-gnu/libreadline.so.8.1)
==12838==    by 0x488DCCF: readline (in /usr/lib/x86_64-linux-gnu/libreadline.so.8.1)
==12743==    by 0x48A11CD: _rl_init_terminal_io (in /usr/lib/x86_64-linux-gnu/libreadline.so.8.1)
==12837==    by 0x488DCCF: readline (in /usr/lib/x86_64-linux-gnu/libreadline.so.8.1)
==12836==    by 0x10967D: minishell_loop (minishell.c:76)
==12840==    by 0x10A1CD: lexer_add_cmd (lexer.c:49)
==12759==    by 0x4B03866: _nc_setupterm (in /usr/lib/x86_64-linux-gnu/libtinfo.so.6.3)
==12839==    by 0x488DCCF: readline (in /usr/lib/x86_64-linux-gnu/libreadline.so.8.1)
==12760==    by 0x10967D: minishell_loop (minishell.c:76)
==12838==    by 0x10967D: minishell_loop (minishell.c:76)
==12743==    by 0x488DA0F: rl_initialize (in /usr/lib/x86_64-linux-gnu/libreadline.so.8.1)
==12837==    by 0x10967D: minishell_loop (minishell.c:76)
==12836==    by 0x1094F6: main (minishell.c:27)
==12840==    by 0x10A104: lexer (lexer.c:33)
==12759==    by 0x4B044C9: tgetent_sp (in /usr/lib/x86_64-linux-gnu/libtinfo.so.6.3)
==12839==    by 0x10967D: minishell_loop (minishell.c:76)
==12760==    by 0x1094F6: main (minishell.c:27)
==12838==    by 0x1094F6: main (minishell.c:27)
==12743==    by 0x488DCD4: readline (in /usr/lib/x86_64-linux-gnu/libreadline.so.8.1)
==12837==    by 0x1094F6: main (minishell.c:27)
==12836== 
==12840==    by 0x1096BF: minishell_loop (minishell.c:82)
==12759==    by 0x48A11CD: _rl_init_terminal_io (in /usr/lib/x86_64-linux-gnu/libreadline.so.8.1)
==12839==    by 0x1094F6: main (minishell.c:27)
==12760== 
==12838== 
==12743==    by 0x10967D: minishell_loop (minishell.c:76)
==12837== 
==12836== 48 bytes in 2 blocks are still reachable in loss record 30 of 83
==12840==    by 0x1094F6: main (minishell.c:27)
==12759==    by 0x488DA0F: rl_initialize (in /usr/lib/x86_64-linux-gnu/libreadline.so.8.1)
==12839== 
==12760== 48 bytes in 2 blocks are still reachable in loss record 30 of 83
==12743==    by 0x1094F6: main (minishell.c:27)
==12838== 64 bytes in 1 blocks are still reachable in loss record 30 of 83
==12836==    at 0x4848899: malloc (in /usr/libexec/valgrind/vgpreload_memcheck-amd64-linux.so)
==12837== 64 bytes in 1 blocks are still reachable in loss record 30 of 83
==12840== 
==12759==    by 0x488DCD4: readline (in /usr/lib/x86_64-linux-gnu/libreadline.so.8.1)
==12760==    at 0x4848899: malloc (in /usr/libexec/valgrind/vgpreload_memcheck-amd64-linux.so)
==12839== 63 bytes in 1 blocks are still reachable in loss record 29 of 83
==12743== 
==12836==    by 0x48A5BAC: xmalloc (in /usr/lib/x86_64-linux-gnu/libreadline.so.8.1)
==12838==    at 0x4848899: malloc (in /usr/libexec/valgrind/vgpreload_memcheck-amd64-linux.so)
==12837==    at 0x4848899: malloc (in /usr/libexec/valgrind/vgpreload_memcheck-amd64-linux.so)
==12759==    by 0x10967D: minishell_loop (minishell.c:76)
==12840== 32 bytes in 1 blocks are still reachable in loss record 19 of 83
==12760==    by 0x48A5BAC: xmalloc (in /usr/lib/x86_64-linux-gnu/libreadline.so.8.1)
==12839==    at 0x4848899: malloc (in /usr/libexec/valgrind/vgpreload_memcheck-amd64-linux.so)
==12743== 78 bytes in 1 blocks are still reachable in loss record 29 of 76
==12836==    by 0x489CB1D: alloc_history_entry (in /usr/lib/x86_64-linux-gnu/libreadline.so.8.1)
==12838==    by 0x4A15967: __nss_action_allocate (nss_action.c:90)
==12837==    by 0x4A15967: __nss_action_allocate (nss_action.c:90)
==12759==    by 0x1094F6: main (minishell.c:27)
==12840==    at 0x4848899: malloc (in /usr/libexec/valgrind/vgpreload_memcheck-amd64-linux.so)
==12760==    by 0x489CB1D: alloc_history_entry (in /usr/lib/x86_64-linux-gnu/libreadline.so.8.1)
==12839==    by 0x48A5BAC: xmalloc (in /usr/lib/x86_64-linux-gnu/libreadline.so.8.1)
==12743==    at 0x4848899: malloc (in /usr/libexec/valgrind/vgpreload_memcheck-amd64-linux.so)
==12836==    by 0x489EF65: add_history (in /usr/lib/x86_64-linux-gnu/libreadline.so.8.1)
==12838==    by 0x4A15E94: __nss_action_parse (nss_action_parse.c:177)
==12837==    by 0x4A15E94: __nss_action_parse (nss_action_parse.c:177)
==12759== 
==12840==    by 0x10C7FF: malloc_p (protected_methods.c:19)
==12760==    by 0x489EF65: add_history (in /usr/lib/x86_64-linux-gnu/libreadline.so.8.1)
==12840==    by 0x10D69E: treenew_p (treenew_p.c:19)
==12839==    by 0x48925F2: ??? (in /usr/lib/x86_64-linux-gnu/libreadline.so.8.1)
==12743==    by 0x4AF804B: ??? (in /usr/lib/x86_64-linux-gnu/libtinfo.so.6.3)
==12836==    by 0x1096B3: minishell_loop (minishell.c:81)
==12838==    by 0x4A164DA: nss_database_select_default (nss_database.c:166)
==12837==    by 0x4A164DA: nss_database_select_default (nss_database.c:166)
==12759== 78 bytes in 1 blocks are still reachable in loss record 29 of 76
==12760==    by 0x1096B3: minishell_loop (minishell.c:81)
==12840==    by 0x10A3B4: fill_tree (parser.c:59)
==12839==    by 0x4892E0D: rl_expand_prompt (in /usr/lib/x86_64-linux-gnu/libreadline.so.8.1)
==12743==    by 0x4B0387D: _nc_setupterm (in /usr/lib/x86_64-linux-gnu/libtinfo.so.6.3)
==12836==    by 0x1094F6: main (minishell.c:27)
==12838==    by 0x4A164DA: nss_database_reload (nss_database.c:368)
==12837==    by 0x4A164DA: nss_database_reload (nss_database.c:368)
==12759==    at 0x4848899: malloc (in /usr/libexec/valgrind/vgpreload_memcheck-amd64-linux.so)
==12760==    by 0x1094F6: main (minishell.c:27)
==12840==    by 0x10A2FC: parser (parser.c:38)
==12839==    by 0x48821BF: rl_set_prompt (in /usr/lib/x86_64-linux-gnu/libreadline.so.8.1)
==12743==    by 0x4B044C9: tgetent_sp (in /usr/lib/x86_64-linux-gnu/libtinfo.so.6.3)
==12836== 
==12838==    by 0x4A164DA: nss_database_check_reload_and_get (nss_database.c:448)
==12837==    by 0x4A164DA: nss_database_check_reload_and_get (nss_database.c:448)
==12759==    by 0x4AF804B: ??? (in /usr/lib/x86_64-linux-gnu/libtinfo.so.6.3)
==12760== 
==12840==    by 0x1096CF: minishell_loop (minishell.c:83)
==12839==    by 0x488DCCF: readline (in /usr/lib/x86_64-linux-gnu/libreadline.so.8.1)
==12743==    by 0x48A11CD: _rl_init_terminal_io (in /usr/lib/x86_64-linux-gnu/libreadline.so.8.1)
==12836== 63 bytes in 1 blocks are still reachable in loss record 31 of 83
==12838==    by 0x4A1459B: __nss_passwd_lookup2 (XXX-lookup.c:52)
==12837==    by 0x4A1459B: __nss_passwd_lookup2 (XXX-lookup.c:52)
==12759==    by 0x4B0387D: _nc_setupterm (in /usr/lib/x86_64-linux-gnu/libtinfo.so.6.3)
==12760== 63 bytes in 1 blocks are still reachable in loss record 31 of 83
==12840==    by 0x1094F6: main (minishell.c:27)
==12839==    by 0x10967D: minishell_loop (minishell.c:76)
==12743==    by 0x488DA0F: rl_initialize (in /usr/lib/x86_64-linux-gnu/libreadline.so.8.1)
==12836==    at 0x4848899: malloc (in /usr/libexec/valgrind/vgpreload_memcheck-amd64-linux.so)
==12838==    by 0x49A9CF4: getpwuid_r@@GLIBC_2.2.5 (getXXbyYY_r.c:264)
==12837==    by 0x49A9CF4: getpwuid_r@@GLIBC_2.2.5 (getXXbyYY_r.c:264)
==12759==    by 0x4B044C9: tgetent_sp (in /usr/lib/x86_64-linux-gnu/libtinfo.so.6.3)
==12760==    at 0x4848899: malloc (in /usr/libexec/valgrind/vgpreload_memcheck-amd64-linux.so)
==12840== 
==12839==    by 0x1094F6: main (minishell.c:27)
==12743==    by 0x488DCD4: readline (in /usr/lib/x86_64-linux-gnu/libreadline.so.8.1)
==12836==    by 0x48A5BAC: xmalloc (in /usr/lib/x86_64-linux-gnu/libreadline.so.8.1)
==12838==    by 0x49A9612: getpwuid (getXXbyYY.c:135)
==12837==    by 0x49A9612: getpwuid (getXXbyYY.c:135)
==12759==    by 0x48A11CD: _rl_init_terminal_io (in /usr/lib/x86_64-linux-gnu/libreadline.so.8.1)
==12760==    by 0x48A5BAC: xmalloc (in /usr/lib/x86_64-linux-gnu/libreadline.so.8.1)
==12839== 
==12840== 32 bytes in 1 blocks are still reachable in loss record 20 of 83
==12743==    by 0x10967D: minishell_loop (minishell.c:76)
==12836==    by 0x48821E3: rl_set_prompt (in /usr/lib/x86_64-linux-gnu/libreadline.so.8.1)
==12838==    by 0x48A5EA4: sh_get_home_dir (in /usr/lib/x86_64-linux-gnu/libreadline.so.8.1)
==12837==    by 0x48A5EA4: sh_get_home_dir (in /usr/lib/x86_64-linux-gnu/libreadline.so.8.1)
==12759==    by 0x488DA0F: rl_initialize (in /usr/lib/x86_64-linux-gnu/libreadline.so.8.1)
==12840==    at 0x4848899: malloc (in /usr/libexec/valgrind/vgpreload_memcheck-amd64-linux.so)
==12743==    by 0x1094F6: main (minishell.c:27)
==12836==    by 0x488DCCF: readline (in /usr/lib/x86_64-linux-gnu/libreadline.so.8.1)
==12839== 64 bytes in 1 blocks are still reachable in loss record 30 of 83
==12837==    by 0x48A708C: tilde_expand_word (in /usr/lib/x86_64-linux-gnu/libreadline.so.8.1)
==12759==    by 0x488DCD4: readline (in /usr/lib/x86_64-linux-gnu/libreadline.so.8.1)
==12840==    by 0x10C7FF: malloc_p (protected_methods.c:19)
==12743== 
==12836==    by 0x10967D: minishell_loop (minishell.c:76)
==12837==    by 0x48A72AF: tilde_expand (in /usr/lib/x86_64-linux-gnu/libreadline.so.8.1)
==12839==    at 0x4848899: malloc (in /usr/libexec/valgrind/vgpreload_memcheck-amd64-linux.so)
==12759==    by 0x10967D: minishell_loop (minishell.c:76)
==12840==    by 0x10D69E: treenew_p (treenew_p.c:19)
==12836==    by 0x1094F6: main (minishell.c:27)
==12743== 156 bytes in 1 blocks are still reachable in loss record 30 of 76
==12837==    by 0x4893A3A: ??? (in /usr/lib/x86_64-linux-gnu/libreadline.so.8.1)
==12759==    by 0x1094F6: main (minishell.c:27)
==12839==    by 0x4A15967: __nss_action_allocate (nss_action.c:90)
==12840==    by 0x10A30F: parser (parser.c:39)
==12836== 
==12837==    by 0x4893CDF: rl_read_init_file (in /usr/lib/x86_64-linux-gnu/libreadline.so.8.1)
==12759== 
==12839==    by 0x4A15E94: __nss_action_parse (nss_action_parse.c:177)
==12840==    by 0x1096CF: minishell_loop (minishell.c:83)
==12837== 
==12836== 63 bytes in 1 blocks are still reachable in loss record 32 of 83
==12759== 156 bytes in 1 blocks are still reachable in loss record 30 of 76
==12839==    by 0x4A164DA: nss_database_select_default (nss_database.c:166)
==12840==    by 0x1094F6: main (minishell.c:27)
==12836==    at 0x4848899: malloc (in /usr/libexec/valgrind/vgpreload_memcheck-amd64-linux.so)
==12837== 64 bytes in 2 blocks are indirectly lost in loss record 31 of 83
==12759==    at 0x484DA83: calloc (in /usr/libexec/valgrind/vgpreload_memcheck-amd64-linux.so)
==12839==    by 0x4A164DA: nss_database_reload (nss_database.c:368)
==12840== 
==12836==    by 0x48A5BAC: xmalloc (in /usr/lib/x86_64-linux-gnu/libreadline.so.8.1)
==12837==    at 0x4848899: malloc (in /usr/libexec/valgrind/vgpreload_memcheck-amd64-linux.so)
==12836==    by 0x48925F2: ??? (in /usr/lib/x86_64-linux-gnu/libreadline.so.8.1)
==12759==    by 0x4B02C2D: _nc_read_termtype (in /usr/lib/x86_64-linux-gnu/libtinfo.so.6.3)
==12839==    by 0x4A164DA: nss_database_check_reload_and_get (nss_database.c:448)
==12837==    by 0x10C7FF: malloc_p (protected_methods.c:19)
==12840== 33 bytes in 1 blocks are still reachable in loss record 21 of 83
==12836==    by 0x4892E0D: rl_expand_prompt (in /usr/lib/x86_64-linux-gnu/libreadline.so.8.1)
==12759==    by 0x4B0352A: ??? (in /usr/lib/x86_64-linux-gnu/libtinfo.so.6.3)
==12839==    by 0x4A1459B: __nss_passwd_lookup2 (XXX-lookup.c:52)
==12837==    by 0x10D69E: treenew_p (treenew_p.c:19)
==12840==    at 0x4848899: malloc (in /usr/libexec/valgrind/vgpreload_memcheck-amd64-linux.so)
==12836==    by 0x48821BF: rl_set_prompt (in /usr/lib/x86_64-linux-gnu/libreadline.so.8.1)
==12759==    by 0x4B05C40: ??? (in /usr/lib/x86_64-linux-gnu/libtinfo.so.6.3)
==12839==    by 0x49A9CF4: getpwuid_r@@GLIBC_2.2.5 (getXXbyYY_r.c:264)
==12837==    by 0x10A30F: parser (parser.c:39)
==12840==    by 0x4B02ACD: _nc_read_termtype (in /usr/lib/x86_64-linux-gnu/libtinfo.so.6.3)
==12836==    by 0x488DCCF: readline (in /usr/lib/x86_64-linux-gnu/libreadline.so.8.1)
==12759==    by 0x4B036BB: _nc_read_entry2 (in /usr/lib/x86_64-linux-gnu/libtinfo.so.6.3)
==12839==    by 0x49A9612: getpwuid (getXXbyYY.c:135)
==12837==    by 0x1096CF: minishell_loop (minishell.c:83)
==12840==    by 0x4B0352A: ??? (in /usr/lib/x86_64-linux-gnu/libtinfo.so.6.3)
==12836==    by 0x10967D: minishell_loop (minishell.c:76)
==12759==    by 0x4B03711: ??? (in /usr/lib/x86_64-linux-gnu/libtinfo.so.6.3)
==12839==    by 0x48A5EA4: sh_get_home_dir (in /usr/lib/x86_64-linux-gnu/libreadline.so.8.1)
==12837==    by 0x1094F6: main (minishell.c:27)
==12840==    by 0x4B05C40: ??? (in /usr/lib/x86_64-linux-gnu/libtinfo.so.6.3)
==12836==    by 0x1094F6: main (minishell.c:27)
==12759==    by 0x4B03866: _nc_setupterm (in /usr/lib/x86_64-linux-gnu/libtinfo.so.6.3)
==12839==    by 0x48A708C: tilde_expand_word (in /usr/lib/x86_64-linux-gnu/libreadline.so.8.1)
==12837== 
==12840==    by 0x4B036BB: _nc_read_entry2 (in /usr/lib/x86_64-linux-gnu/libtinfo.so.6.3)
==12836== 
==12759==    by 0x4B044C9: tgetent_sp (in /usr/lib/x86_64-linux-gnu/libtinfo.so.6.3)
==12839==    by 0x48A72AF: tilde_expand (in /usr/lib/x86_64-linux-gnu/libreadline.so.8.1)
==12837== 72 bytes in 1 blocks are still reachable in loss record 32 of 83
==12840==    by 0x4B03711: ??? (in /usr/lib/x86_64-linux-gnu/libtinfo.so.6.3)
==12759==    by 0x48A11CD: _rl_init_terminal_io (in /usr/lib/x86_64-linux-gnu/libreadline.so.8.1)
==12836== 64 bytes in 1 blocks are still reachable in loss record 33 of 83
==12839==    by 0x4893A3A: ??? (in /usr/lib/x86_64-linux-gnu/libreadline.so.8.1)
==12837==    at 0x4848899: malloc (in /usr/libexec/valgrind/vgpreload_memcheck-amd64-linux.so)
==12840==    by 0x4B03866: _nc_setupterm (in /usr/lib/x86_64-linux-gnu/libtinfo.so.6.3)
==12759==    by 0x488DA0F: rl_initialize (in /usr/lib/x86_64-linux-gnu/libreadline.so.8.1)
==12836==    at 0x4848899: malloc (in /usr/libexec/valgrind/vgpreload_memcheck-amd64-linux.so)
==12839==    by 0x4893CDF: rl_read_init_file (in /usr/lib/x86_64-linux-gnu/libreadline.so.8.1)
==12837==    by 0x4AF979A: _nc_first_db (in /usr/lib/x86_64-linux-gnu/libtinfo.so.6.3)
==12840==    by 0x4B044C9: tgetent_sp (in /usr/lib/x86_64-linux-gnu/libtinfo.so.6.3)
==12759==    by 0x488DCD4: readline (in /usr/lib/x86_64-linux-gnu/libreadline.so.8.1)
==12836==    by 0x4A15967: __nss_action_allocate (nss_action.c:90)
==12839== 
==12837==    by 0x4B03696: _nc_read_entry2 (in /usr/lib/x86_64-linux-gnu/libtinfo.so.6.3)
==12840==    by 0x48A11CD: _rl_init_terminal_io (in /usr/lib/x86_64-linux-gnu/libreadline.so.8.1)
==12759==    by 0x10967D: minishell_loop (minishell.c:76)
==12836==    by 0x4A15E94: __nss_action_parse (nss_action_parse.c:177)
==12837==    by 0x4B03711: ??? (in /usr/lib/x86_64-linux-gnu/libtinfo.so.6.3)
==12839== 72 bytes in 1 blocks are still reachable in loss record 31 of 83
==12840==    by 0x488DA0F: rl_initialize (in /usr/lib/x86_64-linux-gnu/libreadline.so.8.1)
==12759== 
==12836==    by 0x4A164DA: nss_database_select_default (nss_database.c:166)
==12837==    by 0x4B03866: _nc_setupterm (in /usr/lib/x86_64-linux-gnu/libtinfo.so.6.3)
==12839==    at 0x4848899: malloc (in /usr/libexec/valgrind/vgpreload_memcheck-amd64-linux.so)
==12840==    by 0x488DCD4: readline (in /usr/lib/x86_64-linux-gnu/libreadline.so.8.1)
==12836==    by 0x4A164DA: nss_database_reload (nss_database.c:368)
==12759== 216 bytes in 1 blocks are still reachable in loss record 31 of 76
==12837==    by 0x4B044C9: tgetent_sp (in /usr/lib/x86_64-linux-gnu/libtinfo.so.6.3)
==12839==    by 0x4AF979A: _nc_first_db (in /usr/lib/x86_64-linux-gnu/libtinfo.so.6.3)
==12840==    by 0x10967D: minishell_loop (minishell.c:76)
==12836==    by 0x4A164DA: nss_database_check_reload_and_get (nss_database.c:448)
==12759==    at 0x4848899: malloc (in /usr/libexec/valgrind/vgpreload_memcheck-amd64-linux.so)
==12837==    by 0x48A11CD: _rl_init_terminal_io (in /usr/lib/x86_64-linux-gnu/libreadline.so.8.1)
==12839==    by 0x4B03696: _nc_read_entry2 (in /usr/lib/x86_64-linux-gnu/libtinfo.so.6.3)
==12840== 
==12836==    by 0x4A1459B: __nss_passwd_lookup2 (XXX-lookup.c:52)
==12759==    by 0x4A15FC1: global_state_allocate (nss_database.c:54)
==12837==    by 0x488DA0F: rl_initialize (in /usr/lib/x86_64-linux-gnu/libreadline.so.8.1)
==12839==    by 0x4B03711: ??? (in /usr/lib/x86_64-linux-gnu/libtinfo.so.6.3)
==12836==    by 0x49A9CF4: getpwuid_r@@GLIBC_2.2.5 (getXXbyYY_r.c:264)
==12840== 40 bytes in 1 blocks are still reachable in loss record 22 of 83
==12759==    by 0x49E530B: __libc_allocate_once_slow (allocate_once.c:28)
==12840==    at 0x484DA83: calloc (in /usr/libexec/valgrind/vgpreload_memcheck-amd64-linux.so)
==12837==    by 0x488DCD4: readline (in /usr/lib/x86_64-linux-gnu/libreadline.so.8.1)
==12839==    by 0x4B03866: _nc_setupterm (in /usr/lib/x86_64-linux-gnu/libtinfo.so.6.3)
==12836==    by 0x49A9612: getpwuid (getXXbyYY.c:135)
==12759==    by 0x4A16926: allocate_once (allocate_once.h:87)
==12840==    by 0x4AF9833: _nc_first_db (in /usr/lib/x86_64-linux-gnu/libtinfo.so.6.3)
==12837==    by 0x10967D: minishell_loop (minishell.c:76)
==12839==    by 0x4B044C9: tgetent_sp (in /usr/lib/x86_64-linux-gnu/libtinfo.so.6.3)
==12836==    by 0x48A5EA4: sh_get_home_dir (in /usr/lib/x86_64-linux-gnu/libreadline.so.8.1)
==12759==    by 0x4A16926: nss_database_state_get (nss_database.c:73)
==12840==    by 0x4B03696: _nc_read_entry2 (in /usr/lib/x86_64-linux-gnu/libtinfo.so.6.3)
==12837==    by 0x1094F6: main (minishell.c:27)
==12839==    by 0x48A11CD: _rl_init_terminal_io (in /usr/lib/x86_64-linux-gnu/libreadline.so.8.1)
==12836==    by 0x48A708C: tilde_expand_word (in /usr/lib/x86_64-linux-gnu/libreadline.so.8.1)
==12759==    by 0x4A16926: __nss_database_get (nss_database.c:471)
==12840==    by 0x4B03711: ??? (in /usr/lib/x86_64-linux-gnu/libtinfo.so.6.3)
==12837== 
==12839==    by 0x488DA0F: rl_initialize (in /usr/lib/x86_64-linux-gnu/libreadline.so.8.1)
==12836==    by 0x48A72AF: tilde_expand (in /usr/lib/x86_64-linux-gnu/libreadline.so.8.1)
==12759==    by 0x4A1459B: __nss_passwd_lookup2 (XXX-lookup.c:52)
==12840==    by 0x4B03866: _nc_setupterm (in /usr/lib/x86_64-linux-gnu/libtinfo.so.6.3)
==12837== 72 bytes in 3 blocks are still reachable in loss record 33 of 83
==12839==    by 0x488DCD4: readline (in /usr/lib/x86_64-linux-gnu/libreadline.so.8.1)
==12836==    by 0x4893A3A: ??? (in /usr/lib/x86_64-linux-gnu/libreadline.so.8.1)
==12759==    by 0x49A9CF4: getpwuid_r@@GLIBC_2.2.5 (getXXbyYY_r.c:264)
==12840==    by 0x4B044C9: tgetent_sp (in /usr/lib/x86_64-linux-gnu/libtinfo.so.6.3)
==12837==    at 0x4848899: malloc (in /usr/libexec/valgrind/vgpreload_memcheck-amd64-linux.so)
==12839==    by 0x10967D: minishell_loop (minishell.c:76)
==12836==    by 0x4893CDF: rl_read_init_file (in /usr/lib/x86_64-linux-gnu/libreadline.so.8.1)
==12759==    by 0x49A9612: getpwuid (getXXbyYY.c:135)
==12840==    by 0x48A11CD: _rl_init_terminal_io (in /usr/lib/x86_64-linux-gnu/libreadline.so.8.1)
==12837==    by 0x48A5BAC: xmalloc (in /usr/lib/x86_64-linux-gnu/libreadline.so.8.1)
==12839==    by 0x1094F6: main (minishell.c:27)
==12836== 
==12759==    by 0x48A5EA4: sh_get_home_dir (in /usr/lib/x86_64-linux-gnu/libreadline.so.8.1)
==12840==    by 0x488DA0F: rl_initialize (in /usr/lib/x86_64-linux-gnu/libreadline.so.8.1)
==12837==    by 0x489CB1D: alloc_history_entry (in /usr/lib/x86_64-linux-gnu/libreadline.so.8.1)
==12839== 
==12759==    by 0x48A708C: tilde_expand_word (in /usr/lib/x86_64-linux-gnu/libreadline.so.8.1)
==12836== 72 bytes in 1 blocks are still reachable in loss record 34 of 83
==12840==    by 0x488DCD4: readline (in /usr/lib/x86_64-linux-gnu/libreadline.so.8.1)
==12837==    by 0x489EF65: add_history (in /usr/lib/x86_64-linux-gnu/libreadline.so.8.1)
==12839== 78 bytes in 1 blocks are still reachable in loss record 32 of 83
==12759==    by 0x48A72AF: tilde_expand (in /usr/lib/x86_64-linux-gnu/libreadline.so.8.1)
==12836==    at 0x4848899: malloc (in /usr/libexec/valgrind/vgpreload_memcheck-amd64-linux.so)
==12840==    by 0x10967D: minishell_loop (minishell.c:76)
==12837==    by 0x1096B3: minishell_loop (minishell.c:81)
==12839==    at 0x4848899: malloc (in /usr/libexec/valgrind/vgpreload_memcheck-amd64-linux.so)
==12759==    by 0x4893A3A: ??? (in /usr/lib/x86_64-linux-gnu/libreadline.so.8.1)
==12836==    by 0x4AF979A: _nc_first_db (in /usr/lib/x86_64-linux-gnu/libtinfo.so.6.3)
==12840==    by 0x1094F6: main (minishell.c:27)
==12837==    by 0x1094F6: main (minishell.c:27)
==12839==    by 0x4AF804B: ??? (in /usr/lib/x86_64-linux-gnu/libtinfo.so.6.3)
==12759==    by 0x4893CDF: rl_read_init_file (in /usr/lib/x86_64-linux-gnu/libreadline.so.8.1)
==12836==    by 0x4B03696: _nc_read_entry2 (in /usr/lib/x86_64-linux-gnu/libtinfo.so.6.3)
==12840== 
==12837== 
==12839==    by 0x4B0387D: _nc_setupterm (in /usr/lib/x86_64-linux-gnu/libtinfo.so.6.3)
==12759== 
==12836==    by 0x4B03711: ??? (in /usr/lib/x86_64-linux-gnu/libtinfo.so.6.3)
==12840== 44 bytes in 1 blocks are still reachable in loss record 23 of 83
==12837== 78 bytes in 1 blocks are still reachable in loss record 34 of 83
==12839==    by 0x4B044C9: tgetent_sp (in /usr/lib/x86_64-linux-gnu/libtinfo.so.6.3)
==12836==    by 0x4B03866: _nc_setupterm (in /usr/lib/x86_64-linux-gnu/libtinfo.so.6.3)
==12759== 256 bytes in 1 blocks are still reachable in loss record 32 of 76
==12840==    at 0x484DA83: calloc (in /usr/libexec/valgrind/vgpreload_memcheck-amd64-linux.so)
==12837==    at 0x4848899: malloc (in /usr/libexec/valgrind/vgpreload_memcheck-amd64-linux.so)
==12839==    by 0x48A11CD: _rl_init_terminal_io (in /usr/lib/x86_64-linux-gnu/libreadline.so.8.1)
==12836==    by 0x4B044C9: tgetent_sp (in /usr/lib/x86_64-linux-gnu/libtinfo.so.6.3)
==12759==    at 0x4848899: malloc (in /usr/libexec/valgrind/vgpreload_memcheck-amd64-linux.so)
==12840==    by 0x4B02B84: _nc_read_termtype (in /usr/lib/x86_64-linux-gnu/libtinfo.so.6.3)
==12837==    by 0x4AF804B: ??? (in /usr/lib/x86_64-linux-gnu/libtinfo.so.6.3)
==12839==    by 0x488DA0F: rl_initialize (in /usr/lib/x86_64-linux-gnu/libreadline.so.8.1)
==12836==    by 0x48A11CD: _rl_init_terminal_io (in /usr/lib/x86_64-linux-gnu/libreadline.so.8.1)
==12759==    by 0x48A5BAC: xmalloc (in /usr/lib/x86_64-linux-gnu/libreadline.so.8.1)
==12840==    by 0x4B0352A: ??? (in /usr/lib/x86_64-linux-gnu/libtinfo.so.6.3)
==12837==    by 0x4B0387D: _nc_setupterm (in /usr/lib/x86_64-linux-gnu/libtinfo.so.6.3)
==12839==    by 0x488DCD4: readline (in /usr/lib/x86_64-linux-gnu/libreadline.so.8.1)
==12836==    by 0x488DA0F: rl_initialize (in /usr/lib/x86_64-linux-gnu/libreadline.so.8.1)
==12759==    by 0x488DC86: rl_initialize (in /usr/lib/x86_64-linux-gnu/libreadline.so.8.1)
==12840==    by 0x4B05C40: ??? (in /usr/lib/x86_64-linux-gnu/libtinfo.so.6.3)
==12837==    by 0x4B044C9: tgetent_sp (in /usr/lib/x86_64-linux-gnu/libtinfo.so.6.3)
==12839==    by 0x10967D: minishell_loop (minishell.c:76)
==12836==    by 0x488DCD4: readline (in /usr/lib/x86_64-linux-gnu/libreadline.so.8.1)
==12759==    by 0x488DCD4: readline (in /usr/lib/x86_64-linux-gnu/libreadline.so.8.1)
==12840==    by 0x4B036BB: _nc_read_entry2 (in /usr/lib/x86_64-linux-gnu/libtinfo.so.6.3)
==12837==    by 0x48A11CD: _rl_init_terminal_io (in /usr/lib/x86_64-linux-gnu/libreadline.so.8.1)
==12839==    by 0x1094F6: main (minishell.c:27)
==12836==    by 0x10967D: minishell_loop (minishell.c:76)
==12759==    by 0x10967D: minishell_loop (minishell.c:76)
==12840==    by 0x4B03711: ??? (in /usr/lib/x86_64-linux-gnu/libtinfo.so.6.3)
==12837==    by 0x488DA0F: rl_initialize (in /usr/lib/x86_64-linux-gnu/libreadline.so.8.1)
==12839== 
==12836==    by 0x1094F6: main (minishell.c:27)
==12759==    by 0x1094F6: main (minishell.c:27)
==12840==    by 0x4B03866: _nc_setupterm (in /usr/lib/x86_64-linux-gnu/libtinfo.so.6.3)
==12837==    by 0x488DCD4: readline (in /usr/lib/x86_64-linux-gnu/libreadline.so.8.1)
==12836== 
==12839== 96 bytes in 4 blocks are still reachable in loss record 33 of 83
==12759== 
==12840==    by 0x4B044C9: tgetent_sp (in /usr/lib/x86_64-linux-gnu/libtinfo.so.6.3)
==12837==    by 0x10967D: minishell_loop (minishell.c:76)
==12836== 78 bytes in 1 blocks are still reachable in loss record 35 of 83
==12839==    at 0x4848899: malloc (in /usr/libexec/valgrind/vgpreload_memcheck-amd64-linux.so)
==12840==    by 0x48A11CD: _rl_init_terminal_io (in /usr/lib/x86_64-linux-gnu/libreadline.so.8.1)
==12759== 320 bytes in 5 blocks are still reachable in loss record 33 of 76
==12837==    by 0x1094F6: main (minishell.c:27)
==12836==    at 0x4848899: malloc (in /usr/libexec/valgrind/vgpreload_memcheck-amd64-linux.so)
==12839==    by 0x48A5BAC: xmalloc (in /usr/lib/x86_64-linux-gnu/libreadline.so.8.1)
==12840==    by 0x488DA0F: rl_initialize (in /usr/lib/x86_64-linux-gnu/libreadline.so.8.1)
==12759==    at 0x4848899: malloc (in /usr/libexec/valgrind/vgpreload_memcheck-amd64-linux.so)
==12837== 
==12836==    by 0x4AF804B: ??? (in /usr/lib/x86_64-linux-gnu/libtinfo.so.6.3)
==12839==    by 0x489CB1D: alloc_history_entry (in /usr/lib/x86_64-linux-gnu/libreadline.so.8.1)
==12840==    by 0x488DCD4: readline (in /usr/lib/x86_64-linux-gnu/libreadline.so.8.1)
==12759==    by 0x4A15967: __nss_action_allocate (nss_action.c:90)
==12836==    by 0x4B0387D: _nc_setupterm (in /usr/lib/x86_64-linux-gnu/libtinfo.so.6.3)
==12837== 86 (48 direct, 38 indirect) bytes in 2 blocks are definitely lost in loss record 35 of 83
==12839==    by 0x489EF65: add_history (in /usr/lib/x86_64-linux-gnu/libreadline.so.8.1)
==12840==    by 0x10967D: minishell_loop (minishell.c:76)
==12759==    by 0x4A15E94: __nss_action_parse (nss_action_parse.c:177)
==12836==    by 0x4B044C9: tgetent_sp (in /usr/lib/x86_64-linux-gnu/libtinfo.so.6.3)
==12837==    at 0x4848899: malloc (in /usr/libexec/valgrind/vgpreload_memcheck-amd64-linux.so)
==12839==    by 0x1096B3: minishell_loop (minishell.c:81)
==12840== 
==12759==    by 0x4A163E8: process_line (nss_database.c:232)
==12836==    by 0x48A11CD: _rl_init_terminal_io (in /usr/lib/x86_64-linux-gnu/libreadline.so.8.1)
==12837==    by 0x10C7FF: malloc_p (protected_methods.c:19)
==12839==    by 0x1094F6: main (minishell.c:27)
==12759==    by 0x4A163E8: nss_database_reload_1 (nss_database.c:294)
==12840== 44 bytes in 1 blocks are still reachable in loss record 24 of 83
==12836==    by 0x488DA0F: rl_initialize (in /usr/lib/x86_64-linux-gnu/libreadline.so.8.1)
==12837==    by 0x10CBDB: lstnew_p (lstnew_p.c:19)
==12839== 
==12759==    by 0x4A163E8: nss_database_reload (nss_database.c:332)
==12840==    at 0x4848899: malloc (in /usr/libexec/valgrind/vgpreload_memcheck-amd64-linux.so)
==12836==    by 0x488DCD4: readline (in /usr/lib/x86_64-linux-gnu/libreadline.so.8.1)
==12837==    by 0x10A1CD: lexer_add_cmd (lexer.c:49)
==12759==    by 0x4A163E8: nss_database_check_reload_and_get (nss_database.c:448)
==12839== 96 bytes in 3 blocks are indirectly lost in loss record 34 of 83
==12840==    by 0x4AF7FDE: ??? (in /usr/lib/x86_64-linux-gnu/libtinfo.so.6.3)
==12836==    by 0x10967D: minishell_loop (minishell.c:76)
==12837==    by 0x10A104: lexer (lexer.c:33)
==12759==    by 0x4A1459B: __nss_passwd_lookup2 (XXX-lookup.c:52)
==12839==    at 0x4848899: malloc (in /usr/libexec/valgrind/vgpreload_memcheck-amd64-linux.so)
==12840==    by 0x4B0387D: _nc_setupterm (in /usr/lib/x86_64-linux-gnu/libtinfo.so.6.3)
==12836==    by 0x1094F6: main (minishell.c:27)
==12837==    by 0x1096BF: minishell_loop (minishell.c:82)
==12759==    by 0x49A9CF4: getpwuid_r@@GLIBC_2.2.5 (getXXbyYY_r.c:264)
==12839==    by 0x10C7FF: malloc_p (protected_methods.c:19)
